Archive member included to satisfy reference by file (symbol)

c:/st/stm32cubeide_1.9.0/stm32cubeide/plugins/com.st.stm32cube.ide.mcu.externaltools.gnu-tools-for-stm32.10.3-2021.10.win32_1.0.0.202111181127/tools/bin/../lib/gcc/arm-none-eabi/10.3.1/../../../../arm-none-eabi/lib/thumb/v7e-m+dp/hard\libc_nano.a(lib_a-errno.o)
                              ./Core/Src/syscalls.o (__errno)
c:/st/stm32cubeide_1.9.0/stm32cubeide/plugins/com.st.stm32cube.ide.mcu.externaltools.gnu-tools-for-stm32.10.3-2021.10.win32_1.0.0.202111181127/tools/bin/../lib/gcc/arm-none-eabi/10.3.1/../../../../arm-none-eabi/lib/thumb/v7e-m+dp/hard\libc_nano.a(lib_a-exit.o)
                              c:/st/stm32cubeide_1.9.0/stm32cubeide/plugins/com.st.stm32cube.ide.mcu.externaltools.gnu-tools-for-stm32.10.3-2021.10.win32_1.0.0.202111181127/tools/bin/../lib/gcc/arm-none-eabi/10.3.1/../../../../arm-none-eabi/lib/thumb/v7e-m+dp/hard/crt0.o (exit)
c:/st/stm32cubeide_1.9.0/stm32cubeide/plugins/com.st.stm32cube.ide.mcu.externaltools.gnu-tools-for-stm32.10.3-2021.10.win32_1.0.0.202111181127/tools/bin/../lib/gcc/arm-none-eabi/10.3.1/../../../../arm-none-eabi/lib/thumb/v7e-m+dp/hard\libc_nano.a(lib_a-impure.o)
                              c:/st/stm32cubeide_1.9.0/stm32cubeide/plugins/com.st.stm32cube.ide.mcu.externaltools.gnu-tools-for-stm32.10.3-2021.10.win32_1.0.0.202111181127/tools/bin/../lib/gcc/arm-none-eabi/10.3.1/../../../../arm-none-eabi/lib/thumb/v7e-m+dp/hard\libc_nano.a(lib_a-exit.o) (_global_impure_ptr)
c:/st/stm32cubeide_1.9.0/stm32cubeide/plugins/com.st.stm32cube.ide.mcu.externaltools.gnu-tools-for-stm32.10.3-2021.10.win32_1.0.0.202111181127/tools/bin/../lib/gcc/arm-none-eabi/10.3.1/../../../../arm-none-eabi/lib/thumb/v7e-m+dp/hard\libc_nano.a(lib_a-init.o)
                              c:/st/stm32cubeide_1.9.0/stm32cubeide/plugins/com.st.stm32cube.ide.mcu.externaltools.gnu-tools-for-stm32.10.3-2021.10.win32_1.0.0.202111181127/tools/bin/../lib/gcc/arm-none-eabi/10.3.1/../../../../arm-none-eabi/lib/thumb/v7e-m+dp/hard/crt0.o (__libc_init_array)
c:/st/stm32cubeide_1.9.0/stm32cubeide/plugins/com.st.stm32cube.ide.mcu.externaltools.gnu-tools-for-stm32.10.3-2021.10.win32_1.0.0.202111181127/tools/bin/../lib/gcc/arm-none-eabi/10.3.1/../../../../arm-none-eabi/lib/thumb/v7e-m+dp/hard\libc_nano.a(lib_a-memset.o)
                              c:/st/stm32cubeide_1.9.0/stm32cubeide/plugins/com.st.stm32cube.ide.mcu.externaltools.gnu-tools-for-stm32.10.3-2021.10.win32_1.0.0.202111181127/tools/bin/../lib/gcc/arm-none-eabi/10.3.1/../../../../arm-none-eabi/lib/thumb/v7e-m+dp/hard/crt0.o (memset)
c:/st/stm32cubeide_1.9.0/stm32cubeide/plugins/com.st.stm32cube.ide.mcu.externaltools.gnu-tools-for-stm32.10.3-2021.10.win32_1.0.0.202111181127/tools/bin/../lib/gcc/arm-none-eabi/10.3.1/../../../../arm-none-eabi/lib/thumb/v7e-m+dp/hard\libc_nano.a(lib_a-sprintf.o)
                              ./Core/Src/debug_tools.o (sprintf)
c:/st/stm32cubeide_1.9.0/stm32cubeide/plugins/com.st.stm32cube.ide.mcu.externaltools.gnu-tools-for-stm32.10.3-2021.10.win32_1.0.0.202111181127/tools/bin/../lib/gcc/arm-none-eabi/10.3.1/../../../../arm-none-eabi/lib/thumb/v7e-m+dp/hard\libc_nano.a(lib_a-nano-svfprintf.o)
                              c:/st/stm32cubeide_1.9.0/stm32cubeide/plugins/com.st.stm32cube.ide.mcu.externaltools.gnu-tools-for-stm32.10.3-2021.10.win32_1.0.0.202111181127/tools/bin/../lib/gcc/arm-none-eabi/10.3.1/../../../../arm-none-eabi/lib/thumb/v7e-m+dp/hard\libc_nano.a(lib_a-sprintf.o) (_svfprintf_r)
c:/st/stm32cubeide_1.9.0/stm32cubeide/plugins/com.st.stm32cube.ide.mcu.externaltools.gnu-tools-for-stm32.10.3-2021.10.win32_1.0.0.202111181127/tools/bin/../lib/gcc/arm-none-eabi/10.3.1/../../../../arm-none-eabi/lib/thumb/v7e-m+dp/hard\libc_nano.a(lib_a-nano-vfprintf_i.o)
                              c:/st/stm32cubeide_1.9.0/stm32cubeide/plugins/com.st.stm32cube.ide.mcu.externaltools.gnu-tools-for-stm32.10.3-2021.10.win32_1.0.0.202111181127/tools/bin/../lib/gcc/arm-none-eabi/10.3.1/../../../../arm-none-eabi/lib/thumb/v7e-m+dp/hard\libc_nano.a(lib_a-nano-svfprintf.o) (_printf_i)
c:/st/stm32cubeide_1.9.0/stm32cubeide/plugins/com.st.stm32cube.ide.mcu.externaltools.gnu-tools-for-stm32.10.3-2021.10.win32_1.0.0.202111181127/tools/bin/../lib/gcc/arm-none-eabi/10.3.1/../../../../arm-none-eabi/lib/thumb/v7e-m+dp/hard\libc_nano.a(lib_a-memchr.o)
                              c:/st/stm32cubeide_1.9.0/stm32cubeide/plugins/com.st.stm32cube.ide.mcu.externaltools.gnu-tools-for-stm32.10.3-2021.10.win32_1.0.0.202111181127/tools/bin/../lib/gcc/arm-none-eabi/10.3.1/../../../../arm-none-eabi/lib/thumb/v7e-m+dp/hard\libc_nano.a(lib_a-nano-svfprintf.o) (memchr)
c:/st/stm32cubeide_1.9.0/stm32cubeide/plugins/com.st.stm32cube.ide.mcu.externaltools.gnu-tools-for-stm32.10.3-2021.10.win32_1.0.0.202111181127/tools/bin/../lib/gcc/arm-none-eabi/10.3.1/../../../../arm-none-eabi/lib/thumb/v7e-m+dp/hard\libc_nano.a(lib_a-memcpy-stub.o)
[...]
Memory Configuration

Name             Origin             Length             Attributes
FLASH            0x0000000008000000 0x0000000000200000 xr
DTCMRAM          0x0000000020000000 0x0000000000020000 xrw
RAM_D1           0x0000000024000000 0x0000000000080000 xrw
RAM_D2           0x0000000030000000 0x0000000000048000 xrw
RAM_D3           0x0000000038000000 0x0000000000010000 xrw
ITCMRAM          0x0000000000000000 0x0000000000010000 xrw
*default*        0x0000000000000000 0xffffffffffffffff

Linker script and memory map

LOAD c:/st/stm32cubeide_1.9.0/stm32cubeide/plugins/com.st.stm32cube.ide.mcu.externaltools.gnu-tools-for-stm32.10.3-2021.10.win32_1.0.0.202111181127/tools/bin/../lib/gcc/arm-none-eabi/10.3.1/thumb/v7e-m+dp/hard/crti.o
LOAD c:/st/stm32cubeide_1.9.0/stm32cubeide/plugins/com.st.stm32cube.ide.mcu.externaltools.gnu-tools-for-stm32.10.3-2021.10.win32_1.0.0.202111181127/tools/bin/../lib/gcc/arm-none-eabi/10.3.1/thumb/v7e-m+dp/hard/crtbegin.o
LOAD c:/st/stm32cubeide_1.9.0/stm32cubeide/plugins/com.st.stm32cube.ide.mcu.externaltools.gnu-tools-for-stm32.10.3-2021.10.win32_1.0.0.202111181127/tools/bin/../lib/gcc/arm-none-eabi/10.3.1/../../../../arm-none-eabi/lib/thumb/v7e-m+dp/hard/crt0.o
LOAD ./Core/Src/CANSPI.o
LOAD ./Core/Src/MCP2515.o
LOAD ./Core/Src/debug_tools.o
LOAD ./Core/Src/flash_toolkit.o
LOAD ./Core/Src/main.o
LOAD ./Core/Src/stm32h7xx_hal_msp.o
LOAD ./Core/Src/stm32h7xx_it.o
LOAD ./Core/Src/syscalls.o
LOAD ./Core/Src/sysmem.o
LOAD ./Core/Src/system_stm32h7xx.o
LOAD ./Core/Startup/startup_stm32h743zitx.o
LOAD ./Drivers/STM32H7xx_HAL_Driver/Src/stm32h7xx_hal.o
LOAD ./Drivers/STM32H7xx_HAL_Driver/Src/stm32h7xx_hal_cortex.o
LOAD ./Drivers/STM32H7xx_HAL_Driver/Src/stm32h7xx_hal_dma.o
LOAD ./Drivers/STM32H7xx_HAL_Driver/Src/stm32h7xx_hal_dma_ex.o
LOAD ./Drivers/STM32H7xx_HAL_Driver/Src/stm32h7xx_hal_eth.o
LOAD ./Drivers/STM32H7xx_HAL_Driver/Src/stm32h7xx_hal_eth_ex.o
LOAD ./Drivers/STM32H7xx_HAL_Driver/Src/stm32h7xx_hal_exti.o
LOAD ./Drivers/STM32H7xx_HAL_Driver/Src/stm32h7xx_hal_flash.o
LOAD ./Drivers/STM32H7xx_HAL_Driver/Src/stm32h7xx_hal_flash_ex.o
LOAD ./Drivers/STM32H7xx_HAL_Driver/Src/stm32h7xx_hal_gpio.o
LOAD ./Drivers/STM32H7xx_HAL_Driver/Src/stm32h7xx_hal_hsem.o
LOAD ./Drivers/STM32H7xx_HAL_Driver/Src/stm32h7xx_hal_i2c.o
LOAD ./Drivers/STM32H7xx_HAL_Driver/Src/stm32h7xx_hal_i2c_ex.o
LOAD ./Drivers/STM32H7xx_HAL_Driver/Src/stm32h7xx_hal_mdma.o
LOAD ./Drivers/STM32H7xx_HAL_Driver/Src/stm32h7xx_hal_pcd.o
LOAD ./Drivers/STM32H7xx_HAL_Driver/Src/stm32h7xx_hal_pcd_ex.o
LOAD ./Drivers/STM32H7xx_HAL_Driver/Src/stm32h7xx_hal_pwr.o
LOAD ./Drivers/STM32H7xx_HAL_Driver/Src/stm32h7xx_hal_pwr_ex.o
LOAD ./Drivers/STM32H7xx_HAL_Driver/Src/stm32h7xx_hal_rcc.o
LOAD ./Drivers/STM32H7xx_HAL_Driver/Src/stm32h7xx_hal_rcc_ex.o
LOAD ./Drivers/STM32H7xx_HAL_Driver/Src/stm32h7xx_hal_spi.o
LOAD ./Drivers/STM32H7xx_HAL_Driver/Src/stm32h7xx_hal_spi_ex.o
LOAD ./Drivers/STM32H7xx_HAL_Driver/Src/stm32h7xx_hal_tim.o
LOAD ./Drivers/STM32H7xx_HAL_Driver/Src/stm32h7xx_hal_tim_ex.o
LOAD ./Drivers/STM32H7xx_HAL_Driver/Src/stm32h7xx_hal_uart.o
LOAD ./Drivers/STM32H7xx_HAL_Driver/Src/stm32h7xx_hal_uart_ex.o
LOAD ./Drivers/STM32H7xx_HAL_Driver/Src/stm32h7xx_ll_usb.o
START GROUP
LOAD c:/st/stm32cubeide_1.9.0/stm32cubeide/plugins/com.st.stm32cube.ide.mcu.externaltools.gnu-tools-for-stm32.10.3-2021.10.win32_1.0.0.202111181127/tools/bin/../lib/gcc/arm-none-eabi/10.3.1/../../../../arm-none-eabi/lib/thumb/v7e-m+dp/hard\libc_nano.a
LOAD c:/st/stm32cubeide_1.9.0/stm32cubeide/plugins/com.st.stm32cube.ide.mcu.externaltools.gnu-tools-for-stm32.10.3-2021.10.win32_1.0.0.202111181127/tools/bin/../lib/gcc/arm-none-eabi/10.3.1/../../../../arm-none-eabi/lib/thumb/v7e-m+dp/hard\libm.a
END GROUP
START GROUP
LOAD c:/st/stm32cubeide_1.9.0/stm32cubeide/plugins/com.st.stm32cube.ide.mcu.externaltools.gnu-tools-for-stm32.10.3-2021.10.win32_1.0.0.202111181127/tools/bin/../lib/gcc/arm-none-eabi/10.3.1/thumb/v7e-m+dp/hard\libgcc.a
LOAD c:/st/stm32cubeide_1.9.0/stm32cubeide/plugins/com.st.stm32cube.ide.mcu.externaltools.gnu-tools-for-stm32.10.3-2021.10.win32_1.0.0.202111181127/tools/bin/../lib/gcc/arm-none-eabi/10.3.1/../../../../arm-none-eabi/lib/thumb/v7e-m+dp/hard\libc_nano.a
END GROUP
START GROUP
LOAD c:/st/stm32cubeide_1.9.0/stm32cubeide/plugins/com.st.stm32cube.ide.mcu.externaltools.gnu-tools-for-stm32.10.3-2021.10.win32_1.0.0.202111181127/tools/bin/../lib/gcc/arm-none-eabi/10.3.1/thumb/v7e-m+dp/hard\libgcc.a
LOAD c:/st/stm32cubeide_1.9.0/stm32cubeide/plugins/com.st.stm32cube.ide.mcu.externaltools.gnu-tools-for-stm32.10.3-2021.10.win32_1.0.0.202111181127/tools/bin/../lib/gcc/arm-none-eabi/10.3.1/../../../../arm-none-eabi/lib/thumb/v7e-m+dp/hard\libc_nano.a
LOAD c:/st/stm32cubeide_1.9.0/stm32cubeide/plugins/com.st.stm32cube.ide.mcu.externaltools.gnu-tools-for-stm32.10.3-2021.10.win32_1.0.0.202111181127/tools/bin/../lib/gcc/arm-none-eabi/10.3.1/../../../../arm-none-eabi/lib/thumb/v7e-m+dp/hard\libnosys.a
END GROUP
START GROUP
LOAD c:/st/stm32cubeide_1.9.0/stm32cubeide/plugins/com.st.stm32cube.ide.mcu.externaltools.gnu-tools-for-stm32.10.3-2021.10.win32_1.0.0.202111181127/tools/bin/../lib/gcc/arm-none-eabi/10.3.1/thumb/v7e-m+dp/hard\libgcc.a
LOAD c:/st/stm32cubeide_1.9.0/stm32cubeide/plugins/com.st.stm32cube.ide.mcu.externaltools.gnu-tools-for-stm32.10.3-2021.10.win32_1.0.0.202111181127/tools/bin/../lib/gcc/arm-none-eabi/10.3.1/../../../../arm-none-eabi/lib/thumb/v7e-m+dp/hard\libc_nano.a
LOAD c:/st/stm32cubeide_1.9.0/stm32cubeide/plugins/com.st.stm32cube.ide.mcu.externaltools.gnu-tools-for-stm32.10.3-2021.10.win32_1.0.0.202111181127/tools/bin/../lib/gcc/arm-none-eabi/10.3.1/../../../../arm-none-eabi/lib/thumb/v7e-m+dp/hard\libnosys.a
END GROUP
LOAD c:/st/stm32cubeide_1.9.0/stm32cubeide/plugins/com.st.stm32cube.ide.mcu.externaltools.gnu-tools-for-stm32.10.3-2021.10.win32_1.0.0.202111181127/tools/bin/../lib/gcc/arm-none-eabi/10.3.1/thumb/v7e-m+dp/hard/crtend.o
LOAD c:/st/stm32cubeide_1.9.0/stm32cubeide/plugins/com.st.stm32cube.ide.mcu.externaltools.gnu-tools-for-stm32.10.3-2021.10.win32_1.0.0.202111181127/tools/bin/../lib/gcc/arm-none-eabi/10.3.1/thumb/v7e-m+dp/hard/crtn.o
                0x0000000024080000                _estack = (ORIGIN (RAM_D1) + LENGTH (RAM_D1))
                0x0000000000000200                _Min_Heap_Size = 0x200
                0x0000000000000400                _Min_Stack_Size = 0x400

.isr_vector     0x0000000008000000      0x298
                0x0000000008000000                . = ALIGN (0x4)
 *(.isr_vector)
 .isr_vector    0x0000000008000000      0x298 ./Core/Startup/startup_stm32h743zitx.o
                0x0000000008000000                g_pfnVectors
                0x0000000008000298                . = ALIGN (0x4)

.text           0x00000000080002a0     0xb3fc
                0x00000000080002a0                . = ALIGN (0x4)
 *(.text)
 .text          0x00000000080002a0       0x40 c:/st/stm32cubeide_1.9.0/stm32cubeide/plugins/com.st.stm32cube.ide.mcu.externaltools.gnu-tools-for-stm32.10.3-2021.10.win32_1.0.0.202111181127/tools/bin/../lib/gcc/arm-none-eabi/10.3.1/thumb/v7e-m+dp/hard/crtbegin.o
 .text          0x00000000080002e0       0xa0 c:/st/stm32cubeide_1.9.0/stm32cubeide/plugins/com.st.stm32cube.ide.mcu.externaltools.gnu-tools-for-stm32.10.3-2021.10.win32_1.0.0.202111181127/tools/bin/../lib/gcc/arm-none-eabi/10.3.1/../../../../arm-none-eabi/lib/thumb/v7e-m+dp/hard\libc_nano.a(lib_a-memchr.o)
                0x00000000080002e0                memchr
 .text          0x0000000008000380       0x30 c:/st/stm32cubeide_1.9.0/stm32cubeide/plugins/com.st.stm32cube.ide.mcu.externaltools.gnu-tools-for-stm32.10.3-2021.10.win32_1.0.0.202111181127/tools/bin/../lib/gcc/arm-none-eabi/10.3.1/thumb/v7e-m+dp/hard\libgcc.a(_aeabi_uldivmod.o)
                0x0000000008000380                __aeabi_uldivmod
 .text          0x00000000080003b0      0x2d0 c:/st/stm32cubeide_1.9.0/stm32cubeide/plugins/com.st.stm32cube.ide.mcu.externaltools.gnu-tools-for-stm32.10.3-2021.10.win32_1.0.0.202111181127/tools/bin/../lib/gcc/arm-none-eabi/10.3.1/thumb/v7e-m+dp/hard\libgcc.a(_udivmoddi4.o)
                0x00000000080003b0                __udivmoddi4
 .text          0x0000000008000680        0x4 c:/st/stm32cubeide_1.9.0/stm32cubeide/plugins/com.st.stm32cube.ide.mcu.externaltools.gnu-tools-for-stm32.10.3-2021.10.win32_1.0.0.202111181127/tools/bin/../lib/gcc/arm-none-eabi/10.3.1/thumb/v7e-m+dp/hard\libgcc.a(_dvmd_tls.o)
                0x0000000008000680                __aeabi_idiv0
                0x0000000008000680                __aeabi_ldiv0
 *(.text*)
 .text.CANSPI_Initialize
                0x0000000008000684      0x14e ./Core/Src/CANSPI.o
                0x0000000008000684                CANSPI_Initialize
 *fill*         0x00000000080007d2        0x2 
 .text.CANSPI_Transmit
                0x00000000080007d4       0xf0 ./Core/Src/CANSPI.o
                0x00000000080007d4                CANSPI_Transmit
 .text.CANSPI_Receive
                0x00000000080008c4       0xf8 ./Core/Src/CANSPI.o
                0x00000000080008c4                CANSPI_Receive
 .text.convertReg2ExtendedCANid
                0x00000000080009bc       0x7c ./Core/Src/CANSPI.o
 .text.convertReg2StandardCANid
                0x0000000008000a38       0x3a ./Core/Src/CANSPI.o
 .text.convertCANid2Reg
                0x0000000008000a72       0xaa ./Core/Src/CANSPI.o
 .text.MCP2515_Initialize
                0x0000000008000b1c       0x44 ./Core/Src/MCP2515.o
                0x0000000008000b1c                MCP2515_Initialize
 .text.MCP2515_SetConfigMode
                0x0000000008000b60       0x3c ./Core/Src/MCP2515.o
                0x0000000008000b60                MCP2515_SetConfigMode
 .text.MCP2515_SetNormalMode
                0x0000000008000b9c       0x3c ./Core/Src/MCP2515.o
                0x0000000008000b9c                MCP2515_SetNormalMode
 .text.MCP2515_ReadByte
                0x0000000008000bd8       0x44 ./Core/Src/MCP2515.o
                0x0000000008000bd8                MCP2515_ReadByte
 .text.MCP2515_ReadRxSequence
                0x0000000008000c1c       0x44 ./Core/Src/MCP2515.o
                0x0000000008000c1c                MCP2515_ReadRxSequence
 .text.MCP2515_WriteByte
                0x0000000008000c60       0x48 ./Core/Src/MCP2515.o
                0x0000000008000c60                MCP2515_WriteByte
 .text.MCP2515_WriteByteSequence
                0x0000000008000ca8       0x54 ./Core/Src/MCP2515.o
                0x0000000008000ca8                MCP2515_WriteByteSequence
 .text.MCP2515_LoadTxSequence
                0x0000000008000cfc       0x54 ./Core/Src/MCP2515.o
                0x0000000008000cfc                MCP2515_LoadTxSequence
 .text.MCP2515_RequestToSend
                0x0000000008000d50       0x34 ./Core/Src/MCP2515.o
                0x0000000008000d50                MCP2515_RequestToSend
 .text.MCP2515_ReadStatus
                0x0000000008000d84       0x38 ./Core/Src/MCP2515.o
                0x0000000008000d84                MCP2515_ReadStatus
 .text.MCP2515_GetRxStatus
                0x0000000008000dbc       0x38 ./Core/Src/MCP2515.o
                0x0000000008000dbc                MCP2515_GetRxStatus
 .text.MCP2515_BitModify
                0x0000000008000df4       0x50 ./Core/Src/MCP2515.o
                0x0000000008000df4                MCP2515_BitModify
 .text.SPI_Tx   0x0000000008000e44       0x24 ./Core/Src/MCP2515.o
 .text.SPI_TxBuffer
                0x0000000008000e68       0x28 ./Core/Src/MCP2515.o
 .text.SPI_Rx   0x0000000008000e90       0x20 ./Core/Src/MCP2515.o
 .text.SPI_RxBuffer
                0x0000000008000eb0       0x28 ./Core/Src/MCP2515.o
 .text.print_to_console
                0x0000000008000ed8       0x38 ./Core/Src/debug_tools.o
                0x0000000008000ed8                print_to_console
 .text.HAL_UART_RxCpltCallback
                0x0000000008000f10       0x20 ./Core/Src/debug_tools.o
                0x0000000008000f10                HAL_UART_RxCpltCallback
 .text.block    0x0000000008000f30       0x3c ./Core/Src/debug_tools.o
                0x0000000008000f30                block
 .text.main     0x0000000008000f6c      0x1c0 ./Core/Src/main.o
                0x0000000008000f6c                main
 .text.SystemClock_Config
                0x000000000800112c      0x100 ./Core/Src/main.o
                0x000000000800112c                SystemClock_Config
 .text.MX_ETH_Init
                0x000000000800122c       0x98 ./Core/Src/main.o
 .text.MX_SPI1_Init
                0x00000000080012c4       0xac ./Core/Src/main.o
 .text.MX_TIM2_Init
                0x0000000008001370       0x9c ./Core/Src/main.o
 .text.MX_TIM13_Init
                0x000000000800140c       0x48 ./Core/Src/main.o
 .text.MX_USART3_UART_Init
                0x0000000008001454       0x98 ./Core/Src/main.o
 .text.MX_USB_OTG_FS_PCD_Init
                0x00000000080014ec       0x64 ./Core/Src/main.o
 .text.MX_GPIO_Init
                0x0000000008001550      0x1ec ./Core/Src/main.o
 .text.HAL_GPIO_EXTI_Callback
                0x000000000800173c      0x108 ./Core/Src/main.o
                0x000000000800173c                HAL_GPIO_EXTI_Callback
 .text.HAL_TIM_PeriodElapsedCallback
                0x0000000008001844      0x1c8 ./Core/Src/main.o
                0x0000000008001844                HAL_TIM_PeriodElapsedCallback
 .text.Error_Handler
                0x0000000008001a0c        0xa ./Core/Src/main.o
                0x0000000008001a0c                Error_Handler
 *fill*         0x0000000008001a16        0x2 
 .text.HAL_MspInit
                0x0000000008001a18       0x50 ./Core/Src/stm32h7xx_hal_msp.o
                0x0000000008001a18                HAL_MspInit
 .text.HAL_ETH_MspInit
                0x0000000008001a68      0x19c ./Core/Src/stm32h7xx_hal_msp.o
                0x0000000008001a68                HAL_ETH_MspInit
 .text.HAL_SPI_MspInit
                0x0000000008001c04      0x114 ./Core/Src/stm32h7xx_hal_msp.o
                0x0000000008001c04                HAL_SPI_MspInit
 .text.HAL_TIM_Base_MspInit
                0x0000000008001d18       0x7c ./Core/Src/stm32h7xx_hal_msp.o
                0x0000000008001d18                HAL_TIM_Base_MspInit
 .text.HAL_UART_MspInit
                0x0000000008001d94       0xdc ./Core/Src/stm32h7xx_hal_msp.o
                0x0000000008001d94                HAL_UART_MspInit
 .text.HAL_PCD_MspInit
                0x0000000008001e70       0xf4 ./Core/Src/stm32h7xx_hal_msp.o
                0x0000000008001e70                HAL_PCD_MspInit
 .text.NMI_Handler
                0x0000000008001f64        0x6 ./Core/Src/stm32h7xx_it.o
                0x0000000008001f64                NMI_Handler
 .text.HardFault_Handler
                0x0000000008001f6a        0x6 ./Core/Src/stm32h7xx_it.o
                0x0000000008001f6a                HardFault_Handler
 .text.MemManage_Handler
                0x0000000008001f70        0x6 ./Core/Src/stm32h7xx_it.o
                0x0000000008001f70                MemManage_Handler
 .text.BusFault_Handler
                0x0000000008001f76        0x6 ./Core/Src/stm32h7xx_it.o
                0x0000000008001f76                BusFault_Handler
 .text.UsageFault_Handler
                0x0000000008001f7c        0x6 ./Core/Src/stm32h7xx_it.o
                0x0000000008001f7c                UsageFault_Handler
 .text.SVC_Handler
                0x0000000008001f82        0xe ./Core/Src/stm32h7xx_it.o
                0x0000000008001f82                SVC_Handler
 .text.DebugMon_Handler
                0x0000000008001f90        0xe ./Core/Src/stm32h7xx_it.o
                0x0000000008001f90                DebugMon_Handler
 .text.PendSV_Handler
                0x0000000008001f9e        0xe ./Core/Src/stm32h7xx_it.o
                0x0000000008001f9e                PendSV_Handler
 .text.SysTick_Handler
                0x0000000008001fac        0xc ./Core/Src/stm32h7xx_it.o
                0x0000000008001fac                SysTick_Handler
 .text.RCC_IRQHandler
                0x0000000008001fb8        0xe ./Core/Src/stm32h7xx_it.o
                0x0000000008001fb8                RCC_IRQHandler
 .text.EXTI9_5_IRQHandler
                0x0000000008001fc6        0xe ./Core/Src/stm32h7xx_it.o
                0x0000000008001fc6                EXTI9_5_IRQHandler
 .text.TIM2_IRQHandler
                0x0000000008001fd4       0x14 ./Core/Src/stm32h7xx_it.o
                0x0000000008001fd4                TIM2_IRQHandler
 .text.USART3_IRQHandler
                0x0000000008001fe8       0x14 ./Core/Src/stm32h7xx_it.o
                0x0000000008001fe8                USART3_IRQHandler
 .text._sbrk    0x0000000008001ffc       0x6c ./Core/Src/sysmem.o
                0x0000000008001ffc                _sbrk
 .text.SystemInit
                0x0000000008002068      0x110 ./Core/Src/system_stm32h7xx.o
                0x0000000008002068                SystemInit
 .text.Reset_Handler
                0x0000000008002178       0x50 ./Core/Startup/startup_stm32h743zitx.o
                0x0000000008002178                Reset_Handler
 .text.Default_Handler
                0x00000000080021c8        0x2 ./Core/Startup/startup_stm32h743zitx.o
                0x00000000080021c8                RTC_Alarm_IRQHandler
                0x00000000080021c8                EXTI2_IRQHandler
                0x00000000080021c8                TIM8_CC_IRQHandler
                0x00000000080021c8                HRTIM1_Master_IRQHandler
                0x00000000080021c8                UART8_IRQHandler
                0x00000000080021c8                SPI4_IRQHandler
                0x00000000080021c8                TIM1_CC_IRQHandler
                0x00000000080021c8                BDMA_Channel6_IRQHandler
                0x00000000080021c8                DMA2_Stream5_IRQHandler
                0x00000000080021c8                HRTIM1_FLT_IRQHandler
                0x00000000080021c8                JPEG_IRQHandler
                0x00000000080021c8                DMA1_Stream5_IRQHandler
                0x00000000080021c8                BDMA_Channel1_IRQHandler
                0x00000000080021c8                HRTIM1_TIMD_IRQHandler
                0x00000000080021c8                TAMP_STAMP_IRQHandler
                0x00000000080021c8                EXTI3_IRQHandler
                0x00000000080021c8                LPTIM4_IRQHandler
                0x00000000080021c8                TIM8_TRG_COM_TIM14_IRQHandler
                0x00000000080021c8                LPTIM2_IRQHandler
                0x00000000080021c8                DFSDM1_FLT1_IRQHandler
                0x00000000080021c8                DMAMUX2_OVR_IRQHandler
                0x00000000080021c8                TIM8_UP_TIM13_IRQHandler
                0x00000000080021c8                I2C3_ER_IRQHandler
                0x00000000080021c8                DFSDM1_FLT2_IRQHandler
                0x00000000080021c8                MDMA_IRQHandler
                0x00000000080021c8                LPTIM3_IRQHandler
                0x00000000080021c8                HSEM1_IRQHandler
                0x00000000080021c8                EXTI0_IRQHandler
                0x00000000080021c8                I2C2_EV_IRQHandler
                0x00000000080021c8                DMA1_Stream2_IRQHandler
                0x00000000080021c8                FPU_IRQHandler
                0x00000000080021c8                OTG_HS_WKUP_IRQHandler
                0x00000000080021c8                FDCAN1_IT1_IRQHandler
                0x00000000080021c8                LTDC_ER_IRQHandler
                0x00000000080021c8                DMA2_Stream2_IRQHandler
                0x00000000080021c8                HRTIM1_TIME_IRQHandler
                0x00000000080021c8                SPI1_IRQHandler
                0x00000000080021c8                TIM6_DAC_IRQHandler
                0x00000000080021c8                DCMI_IRQHandler
                0x00000000080021c8                HRTIM1_TIMC_IRQHandler
                0x00000000080021c8                DMA2_Stream3_IRQHandler
                0x00000000080021c8                SAI2_IRQHandler
                0x00000000080021c8                DFSDM1_FLT3_IRQHandler
                0x00000000080021c8                USART6_IRQHandler
                0x00000000080021c8                TIM17_IRQHandler
                0x00000000080021c8                BDMA_Channel7_IRQHandler
                0x00000000080021c8                LPTIM5_IRQHandler
                0x00000000080021c8                UART5_IRQHandler
                0x00000000080021c8                ADC3_IRQHandler
                0x00000000080021c8                DMA2_Stream0_IRQHandler
                0x00000000080021c8                TIM4_IRQHandler
                0x00000000080021c8                BDMA_Channel2_IRQHandler
                0x00000000080021c8                QUADSPI_IRQHandler
                0x00000000080021c8                I2C1_EV_IRQHandler
                0x00000000080021c8                DMA1_Stream6_IRQHandler
                0x00000000080021c8                DMAMUX1_OVR_IRQHandler
                0x00000000080021c8                DMA1_Stream1_IRQHandler
                0x00000000080021c8                TIM16_IRQHandler
                0x00000000080021c8                UART4_IRQHandler
                0x00000000080021c8                BDMA_Channel5_IRQHandler
                0x00000000080021c8                TIM3_IRQHandler
                0x00000000080021c8                TIM8_BRK_TIM12_IRQHandler
                0x00000000080021c8                TIM1_TRG_COM_IRQHandler
                0x00000000080021c8                Default_Handler
                0x00000000080021c8                ECC_IRQHandler
                0x00000000080021c8                CEC_IRQHandler
                0x00000000080021c8                EXTI15_10_IRQHandler
                0x00000000080021c8                BDMA_Channel0_IRQHandler
                0x00000000080021c8                ADC_IRQHandler
                0x00000000080021c8                DMA1_Stream7_IRQHandler
                0x00000000080021c8                HRTIM1_TIMA_IRQHandler
                0x00000000080021c8                SPI5_IRQHandler
                0x00000000080021c8                TIM7_IRQHandler
                0x00000000080021c8                SDMMC1_IRQHandler
                0x00000000080021c8                TIM5_IRQHandler
                0x00000000080021c8                DMA2_Stream7_IRQHandler
                0x00000000080021c8                TIM15_IRQHandler
                0x00000000080021c8                PVD_AVD_IRQHandler
                0x00000000080021c8                I2C3_EV_IRQHandler
                0x00000000080021c8                RTC_WKUP_IRQHandler
                0x00000000080021c8                LTDC_IRQHandler
                0x00000000080021c8                SAI3_IRQHandler
                0x00000000080021c8                ETH_WKUP_IRQHandler
                0x00000000080021c8                SPDIF_RX_IRQHandler
                0x00000000080021c8                SPI2_IRQHandler
                0x00000000080021c8                OTG_HS_EP1_IN_IRQHandler
                0x00000000080021c8                DMA1_Stream0_IRQHandler
                0x00000000080021c8                CRS_IRQHandler
                0x00000000080021c8                EXTI4_IRQHandler
                0x00000000080021c8                RNG_IRQHandler
                0x00000000080021c8                HRTIM1_TIMB_IRQHandler
                0x00000000080021c8                FDCAN2_IT1_IRQHandler
                0x00000000080021c8                ETH_IRQHandler
                0x00000000080021c8                TIM1_UP_IRQHandler
                0x00000000080021c8                BDMA_Channel4_IRQHandler
                0x00000000080021c8                OTG_HS_EP1_OUT_IRQHandler
                0x00000000080021c8                WWDG_IRQHandler
                0x00000000080021c8                SPI6_IRQHandler
                0x00000000080021c8                MDIOS_IRQHandler
                0x00000000080021c8                I2C4_EV_IRQHandler
                0x00000000080021c8                FDCAN2_IT0_IRQHandler
                0x00000000080021c8                LPUART1_IRQHandler
                0x00000000080021c8                FDCAN1_IT0_IRQHandler
                0x00000000080021c8                OTG_FS_WKUP_IRQHandler
                0x00000000080021c8                OTG_HS_IRQHandler
                0x00000000080021c8                DMA2D_IRQHandler
                0x00000000080021c8                TIM1_BRK_IRQHandler
                0x00000000080021c8                EXTI1_IRQHandler
                0x00000000080021c8                SDMMC2_IRQHandler
                0x00000000080021c8                OTG_FS_EP1_OUT_IRQHandler
                0x00000000080021c8                BDMA_Channel3_IRQHandler
                0x00000000080021c8                UART7_IRQHandler
                0x00000000080021c8                MDIOS_WKUP_IRQHandler
                0x00000000080021c8                USART2_IRQHandler
                0x00000000080021c8                DFSDM1_FLT0_IRQHandler
                0x00000000080021c8                SAI4_IRQHandler
                0x00000000080021c8                I2C2_ER_IRQHandler
                0x00000000080021c8                DMA2_Stream1_IRQHandler
                0x00000000080021c8                FLASH_IRQHandler
                0x00000000080021c8                DMA2_Stream4_IRQHandler
                0x00000000080021c8                USART1_IRQHandler
                0x00000000080021c8                OTG_FS_IRQHandler
                0x00000000080021c8                SPI3_IRQHandler
                0x00000000080021c8                WAKEUP_PIN_IRQHandler
                0x00000000080021c8                DMA1_Stream4_IRQHandler
                0x00000000080021c8                OTG_FS_EP1_IN_IRQHandler
                0x00000000080021c8                I2C1_ER_IRQHandler
                0x00000000080021c8                FMC_IRQHandler
                0x00000000080021c8                FDCAN_CAL_IRQHandler
                0x00000000080021c8                SWPMI1_IRQHandler
                0x00000000080021c8                COMP1_IRQHandler
                0x00000000080021c8                LPTIM1_IRQHandler
                0x00000000080021c8                I2C4_ER_IRQHandler
                0x00000000080021c8                DMA2_Stream6_IRQHandler
                0x00000000080021c8                SAI1_IRQHandler
                0x00000000080021c8                DMA1_Stream3_IRQHandler
 *fill*         0x00000000080021ca        0x2 
 .text.HAL_Init
                0x00000000080021cc       0x78 ./Drivers/STM32H7xx_HAL_Driver/Src/stm32h7xx_hal.o
                0x00000000080021cc                HAL_Init
 .text.HAL_InitTick
                0x0000000008002244       0x6c ./Drivers/STM32H7xx_HAL_Driver/Src/stm32h7xx_hal.o
                0x0000000008002244                HAL_InitTick
 .text.HAL_IncTick
                0x00000000080022b0       0x28 ./Drivers/STM32H7xx_HAL_Driver/Src/stm32h7xx_hal.o
                0x00000000080022b0                HAL_IncTick
 .text.HAL_GetTick
                0x00000000080022d8       0x18 ./Drivers/STM32H7xx_HAL_Driver/Src/stm32h7xx_hal.o
                0x00000000080022d8                HAL_GetTick
 .text.HAL_Delay
                0x00000000080022f0       0x48 ./Drivers/STM32H7xx_HAL_Driver/Src/stm32h7xx_hal.o
                0x00000000080022f0                HAL_Delay
 .text.HAL_GetREVID
                0x0000000008002338       0x18 ./Drivers/STM32H7xx_HAL_Driver/Src/stm32h7xx_hal.o
                0x0000000008002338                HAL_GetREVID
 .text.HAL_SYSCFG_ETHInterfaceSelect
                0x0000000008002350       0x28 ./Drivers/STM32H7xx_HAL_Driver/Src/stm32h7xx_hal.o
                0x0000000008002350                HAL_SYSCFG_ETHInterfaceSelect
 .text.__NVIC_SetPriorityGrouping
                0x0000000008002378       0x48 ./Drivers/STM32H7xx_HAL_Driver/Src/stm32h7xx_hal_cortex.o
 .text.__NVIC_GetPriorityGrouping
                0x00000000080023c0       0x1c ./Drivers/STM32H7xx_HAL_Driver/Src/stm32h7xx_hal_cortex.o
 .text.__NVIC_EnableIRQ
                0x00000000080023dc       0x3c ./Drivers/STM32H7xx_HAL_Driver/Src/stm32h7xx_hal_cortex.o
 .text.__NVIC_SetPriority
                0x0000000008002418       0x54 ./Drivers/STM32H7xx_HAL_Driver/Src/stm32h7xx_hal_cortex.o
 .text.NVIC_EncodePriority
                0x000000000800246c       0x66 ./Drivers/STM32H7xx_HAL_Driver/Src/stm32h7xx_hal_cortex.o
 *fill*         0x00000000080024d2        0x2 
 .text.SysTick_Config
                0x00000000080024d4       0x44 ./Drivers/STM32H7xx_HAL_Driver/Src/stm32h7xx_hal_cortex.o
 .text.HAL_NVIC_SetPriorityGrouping
                0x0000000008002518       0x16 ./Drivers/STM32H7xx_HAL_Driver/Src/stm32h7xx_hal_cortex.o
                0x0000000008002518                HAL_NVIC_SetPriorityGrouping
 .text.HAL_NVIC_SetPriority
                0x000000000800252e       0x34 ./Drivers/STM32H7xx_HAL_Driver/Src/stm32h7xx_hal_cortex.o
                0x000000000800252e                HAL_NVIC_SetPriority
 .text.HAL_NVIC_EnableIRQ
                0x0000000008002562       0x1c ./Drivers/STM32H7xx_HAL_Driver/Src/stm32h7xx_hal_cortex.o
                0x0000000008002562                HAL_NVIC_EnableIRQ
 .text.HAL_SYSTICK_Config
                0x000000000800257e       0x18 ./Drivers/STM32H7xx_HAL_Driver/Src/stm32h7xx_hal_cortex.o
                0x000000000800257e                HAL_SYSTICK_Config
 *fill*         0x0000000008002596        0x2 
 .text.HAL_DMA_Abort
                0x0000000008002598      0x63c ./Drivers/STM32H7xx_HAL_Driver/Src/stm32h7xx_hal_dma.o
                0x0000000008002598                HAL_DMA_Abort
 .text.HAL_DMA_Abort_IT
                0x0000000008002bd4      0x48c ./Drivers/STM32H7xx_HAL_Driver/Src/stm32h7xx_hal_dma.o
                0x0000000008002bd4                HAL_DMA_Abort_IT
 .text.HAL_ETH_Init
                0x0000000008003060      0x1cc ./Drivers/STM32H7xx_HAL_Driver/Src/stm32h7xx_hal_eth.o
                0x0000000008003060                HAL_ETH_Init
 .text.HAL_ETH_SetMDIOClockRange
                0x000000000800322c       0xb0 ./Drivers/STM32H7xx_HAL_Driver/Src/stm32h7xx_hal_eth.o
                0x000000000800322c                HAL_ETH_SetMDIOClockRange
 .text.ETH_SetMACConfig
                0x00000000080032dc      0x238 ./Drivers/STM32H7xx_HAL_Driver/Src/stm32h7xx_hal_eth.o
 .text.ETH_SetDMAConfig
                0x0000000008003514      0x10c ./Drivers/STM32H7xx_HAL_Driver/Src/stm32h7xx_hal_eth.o
 .text.ETH_MACDMAConfig
                0x0000000008003620      0x13a ./Drivers/STM32H7xx_HAL_Driver/Src/stm32h7xx_hal_eth.o
 .text.ETH_DMATxDescListInit
                0x000000000800375a       0x92 ./Drivers/STM32H7xx_HAL_Driver/Src/stm32h7xx_hal_eth.o
 .text.ETH_DMARxDescListInit
                0x00000000080037ec       0xba ./Drivers/STM32H7xx_HAL_Driver/Src/stm32h7xx_hal_eth.o
 *fill*         0x00000000080038a6        0x2 
 .text.HAL_GPIO_Init
                0x00000000080038a8      0x360 ./Drivers/STM32H7xx_HAL_Driver/Src/stm32h7xx_hal_gpio.o
                0x00000000080038a8                HAL_GPIO_Init
 .text.HAL_GPIO_WritePin
                0x0000000008003c08       0x32 ./Drivers/STM32H7xx_HAL_Driver/Src/stm32h7xx_hal_gpio.o
                0x0000000008003c08                HAL_GPIO_WritePin
 .text.HAL_GPIO_EXTI_IRQHandler
                0x0000000008003c3a       0x34 ./Drivers/STM32H7xx_HAL_Driver/Src/stm32h7xx_hal_gpio.o
                0x0000000008003c3a                HAL_GPIO_EXTI_IRQHandler
 .text.HAL_PCD_Init
                0x0000000008003c6e      0x248 ./Drivers/STM32H7xx_HAL_Driver/Src/stm32h7xx_hal_pcd.o
                0x0000000008003c6e                HAL_PCD_Init
 *fill*         0x0000000008003eb6        0x2 
 .text.HAL_PCDEx_ActivateLPM
                0x0000000008003eb8       0x48 ./Drivers/STM32H7xx_HAL_Driver/Src/stm32h7xx_hal_pcd_ex.o
                0x0000000008003eb8                HAL_PCDEx_ActivateLPM
 .text.HAL_PWREx_ConfigSupply
                0x0000000008003f00       0x74 ./Drivers/STM32H7xx_HAL_Driver/Src/stm32h7xx_hal_pwr_ex.o
                0x0000000008003f00                HAL_PWREx_ConfigSupply
 .text.HAL_PWREx_EnableUSBVoltageDetector
                0x0000000008003f74       0x20 ./Drivers/STM32H7xx_HAL_Driver/Src/stm32h7xx_hal_pwr_ex.o
                0x0000000008003f74                HAL_PWREx_EnableUSBVoltageDetector
 .text.HAL_RCC_OscConfig
                0x0000000008003f94      0x85c ./Drivers/STM32H7xx_HAL_Driver/Src/stm32h7xx_hal_rcc.o
                0x0000000008003f94                HAL_RCC_OscConfig
 .text.HAL_RCC_ClockConfig
                0x00000000080047f0      0x36c ./Drivers/STM32H7xx_HAL_Driver/Src/stm32h7xx_hal_rcc.o
                0x00000000080047f0                HAL_RCC_ClockConfig
 .text.HAL_RCC_GetSysClockFreq
                0x0000000008004b5c      0x2f4 ./Drivers/STM32H7xx_HAL_Driver/Src/stm32h7xx_hal_rcc.o
                0x0000000008004b5c                HAL_RCC_GetSysClockFreq
 .text.HAL_RCC_GetHCLKFreq
                0x0000000008004e50       0x60 ./Drivers/STM32H7xx_HAL_Driver/Src/stm32h7xx_hal_rcc.o
                0x0000000008004e50                HAL_RCC_GetHCLKFreq
 .text.HAL_RCC_GetPCLK1Freq
                0x0000000008004eb0       0x2c ./Drivers/STM32H7xx_HAL_Driver/Src/stm32h7xx_hal_rcc.o
                0x0000000008004eb0                HAL_RCC_GetPCLK1Freq
 .text.HAL_RCC_GetPCLK2Freq
                0x0000000008004edc       0x2c ./Drivers/STM32H7xx_HAL_Driver/Src/stm32h7xx_hal_rcc.o
                0x0000000008004edc                HAL_RCC_GetPCLK2Freq
 .text.HAL_RCCEx_PeriphCLKConfig
                0x0000000008004f08      0xe8c ./Drivers/STM32H7xx_HAL_Driver/Src/stm32h7xx_hal_rcc_ex.o
                0x0000000008004f08                HAL_RCCEx_PeriphCLKConfig
 .text.HAL_RCCEx_GetD3PCLK1Freq
                0x0000000008005d94       0x2c ./Drivers/STM32H7xx_HAL_Driver/Src/stm32h7xx_hal_rcc_ex.o
                0x0000000008005d94                HAL_RCCEx_GetD3PCLK1Freq
 .text.HAL_RCCEx_GetPLL2ClockFreq
                0x0000000008005dc0      0x2a8 ./Drivers/STM32H7xx_HAL_Driver/Src/stm32h7xx_hal_rcc_ex.o
                0x0000000008005dc0                HAL_RCCEx_GetPLL2ClockFreq
 .text.HAL_RCCEx_GetPLL3ClockFreq
                0x0000000008006068      0x2a8 ./Drivers/STM32H7xx_HAL_Driver/Src/stm32h7xx_hal_rcc_ex.o
                0x0000000008006068                HAL_RCCEx_GetPLL3ClockFreq
 .text.RCCEx_PLL2_Config
                0x0000000008006310      0x164 ./Drivers/STM32H7xx_HAL_Driver/Src/stm32h7xx_hal_rcc_ex.o
 .text.RCCEx_PLL3_Config
                0x0000000008006474      0x164 ./Drivers/STM32H7xx_HAL_Driver/Src/stm32h7xx_hal_rcc_ex.o
 .text.HAL_SPI_Init
                0x00000000080065d8      0x20c ./Drivers/STM32H7xx_HAL_Driver/Src/stm32h7xx_hal_spi.o
                0x00000000080065d8                HAL_SPI_Init
 .text.HAL_SPI_Transmit
                0x00000000080067e4      0x3e4 ./Drivers/STM32H7xx_HAL_Driver/Src/stm32h7xx_hal_spi.o
                0x00000000080067e4                HAL_SPI_Transmit
 .text.HAL_SPI_Receive
                0x0000000008006bc8      0x338 ./Drivers/STM32H7xx_HAL_Driver/Src/stm32h7xx_hal_spi.o
                0x0000000008006bc8                HAL_SPI_Receive
 .text.HAL_SPI_TransmitReceive
                0x0000000008006f00      0x450 ./Drivers/STM32H7xx_HAL_Driver/Src/stm32h7xx_hal_spi.o
                0x0000000008006f00                HAL_SPI_TransmitReceive
 .text.HAL_SPI_GetState
                0x0000000008007350       0x1c ./Drivers/STM32H7xx_HAL_Driver/Src/stm32h7xx_hal_spi.o
                0x0000000008007350                HAL_SPI_GetState
 .text.SPI_CloseTransfer
                0x000000000800736c      0x140 ./Drivers/STM32H7xx_HAL_Driver/Src/stm32h7xx_hal_spi.o
 .text.SPI_WaitOnFlagUntilTimeout
                0x00000000080074ac       0x5c ./Drivers/STM32H7xx_HAL_Driver/Src/stm32h7xx_hal_spi.o
 .text.SPI_GetPacketSize
                0x0000000008007508       0x36 ./Drivers/STM32H7xx_HAL_Driver/Src/stm32h7xx_hal_spi.o
 .text.HAL_TIM_Base_Init
                0x000000000800753e       0xae ./Drivers/STM32H7xx_HAL_Driver/Src/stm32h7xx_hal_tim.o
                0x000000000800753e                HAL_TIM_Base_Init
 .text.HAL_TIM_Base_Start
                0x00000000080075ec       0xe0 ./Drivers/STM32H7xx_HAL_Driver/Src/stm32h7xx_hal_tim.o
                0x00000000080075ec                HAL_TIM_Base_Start
 .text.HAL_TIM_Base_Start_IT
                0x00000000080076cc       0xf0 ./Drivers/STM32H7xx_HAL_Driver/Src/stm32h7xx_hal_tim.o
                0x00000000080076cc                HAL_TIM_Base_Start_IT
 .text.HAL_TIM_Base_Stop_IT
                0x00000000080077bc       0x5e ./Drivers/STM32H7xx_HAL_Driver/Src/stm32h7xx_hal_tim.o
                0x00000000080077bc                HAL_TIM_Base_Stop_IT
 .text.HAL_TIM_IRQHandler
                0x000000000800781a      0x23e ./Drivers/STM32H7xx_HAL_Driver/Src/stm32h7xx_hal_tim.o
                0x000000000800781a                HAL_TIM_IRQHandler
 .text.HAL_TIM_ConfigClockSource
                0x0000000008007a58      0x1f0 ./Drivers/STM32H7xx_HAL_Driver/Src/stm32h7xx_hal_tim.o
                0x0000000008007a58                HAL_TIM_ConfigClockSource
 .text.HAL_TIM_OC_DelayElapsedCallback
                0x0000000008007c48       0x14 ./Drivers/STM32H7xx_HAL_Driver/Src/stm32h7xx_hal_tim.o
                0x0000000008007c48                HAL_TIM_OC_DelayElapsedCallback
 .text.HAL_TIM_IC_CaptureCallback
                0x0000000008007c5c       0x14 ./Drivers/STM32H7xx_HAL_Driver/Src/stm32h7xx_hal_tim.o
                0x0000000008007c5c                HAL_TIM_IC_CaptureCallback
 .text.HAL_TIM_PWM_PulseFinishedCallback
                0x0000000008007c70       0x14 ./Drivers/STM32H7xx_HAL_Driver/Src/stm32h7xx_hal_tim.o
                0x0000000008007c70                HAL_TIM_PWM_PulseFinishedCallback
 .text.HAL_TIM_TriggerCallback
                0x0000000008007c84       0x14 ./Drivers/STM32H7xx_HAL_Driver/Src/stm32h7xx_hal_tim.o
                0x0000000008007c84                HAL_TIM_TriggerCallback
 .text.TIM_Base_SetConfig
                0x0000000008007c98      0x134 ./Drivers/STM32H7xx_HAL_Driver/Src/stm32h7xx_hal_tim.o
                0x0000000008007c98                TIM_Base_SetConfig
 .text.TIM_TI1_ConfigInputStage
                0x0000000008007dcc       0x5e ./Drivers/STM32H7xx_HAL_Driver/Src/stm32h7xx_hal_tim.o
 .text.TIM_TI2_ConfigInputStage
                0x0000000008007e2a       0x60 ./Drivers/STM32H7xx_HAL_Driver/Src/stm32h7xx_hal_tim.o
 *fill*         0x0000000008007e8a        0x2 
 .text.TIM_ITRx_SetConfig
                0x0000000008007e8c       0x3c ./Drivers/STM32H7xx_HAL_Driver/Src/stm32h7xx_hal_tim.o
 .text.TIM_ETR_SetConfig
                0x0000000008007ec8       0x40 ./Drivers/STM32H7xx_HAL_Driver/Src/stm32h7xx_hal_tim.o
                0x0000000008007ec8                TIM_ETR_SetConfig
 .text.HAL_TIMEx_MasterConfigSynchronization
                0x0000000008007f08      0x11c ./Drivers/STM32H7xx_HAL_Driver/Src/stm32h7xx_hal_tim_ex.o
                0x0000000008007f08                HAL_TIMEx_MasterConfigSynchronization
 .text.HAL_TIMEx_CommutCallback
                0x0000000008008024       0x14 ./Drivers/STM32H7xx_HAL_Driver/Src/stm32h7xx_hal_tim_ex.o
                0x0000000008008024                HAL_TIMEx_CommutCallback
 .text.HAL_TIMEx_BreakCallback
                0x0000000008008038       0x14 ./Drivers/STM32H7xx_HAL_Driver/Src/stm32h7xx_hal_tim_ex.o
                0x0000000008008038                HAL_TIMEx_BreakCallback
 .text.HAL_TIMEx_Break2Callback
                0x000000000800804c       0x14 ./Drivers/STM32H7xx_HAL_Driver/Src/stm32h7xx_hal_tim_ex.o
                0x000000000800804c                HAL_TIMEx_Break2Callback
 .text.HAL_UART_Init
                0x0000000008008060       0xa0 ./Drivers/STM32H7xx_HAL_Driver/Src/stm32h7xx_hal_uart.o
                0x0000000008008060                HAL_UART_Init
 .text.HAL_UART_Transmit
                0x0000000008008100      0x12c ./Drivers/STM32H7xx_HAL_Driver/Src/stm32h7xx_hal_uart.o
                0x0000000008008100                HAL_UART_Transmit
 .text.HAL_UART_Receive_IT
                0x000000000800822c       0xac ./Drivers/STM32H7xx_HAL_Driver/Src/stm32h7xx_hal_uart.o
                0x000000000800822c                HAL_UART_Receive_IT
 .text.HAL_UART_IRQHandler
                0x00000000080082d8      0x73c ./Drivers/STM32H7xx_HAL_Driver/Src/stm32h7xx_hal_uart.o
                0x00000000080082d8                HAL_UART_IRQHandler
 .text.HAL_UART_TxCpltCallback
                0x0000000008008a14       0x14 ./Drivers/STM32H7xx_HAL_Driver/Src/stm32h7xx_hal_uart.o
                0x0000000008008a14                HAL_UART_TxCpltCallback
 .text.HAL_UART_ErrorCallback
                0x0000000008008a28       0x14 ./Drivers/STM32H7xx_HAL_Driver/Src/stm32h7xx_hal_uart.o
                0x0000000008008a28                HAL_UART_ErrorCallback
 .text.HAL_UARTEx_RxEventCallback
                0x0000000008008a3c       0x18 ./Drivers/STM32H7xx_HAL_Driver/Src/stm32h7xx_hal_uart.o
                0x0000000008008a3c                HAL_UARTEx_RxEventCallback
 .text.UART_SetConfig
                0x0000000008008a54      0xad0 ./Drivers/STM32H7xx_HAL_Driver/Src/stm32h7xx_hal_uart.o
                0x0000000008008a54                UART_SetConfig
 .text.UART_AdvFeatureConfig
                0x0000000008009524      0x144 ./Drivers/STM32H7xx_HAL_Driver/Src/stm32h7xx_hal_uart.o
                0x0000000008009524                UART_AdvFeatureConfig
 .text.UART_CheckIdleState
                0x0000000008009668       0x96 ./Drivers/STM32H7xx_HAL_Driver/Src/stm32h7xx_hal_uart.o
                0x0000000008009668                UART_CheckIdleState
 .text.UART_WaitOnFlagUntilTimeout
                0x00000000080096fe      0x190 ./Drivers/STM32H7xx_HAL_Driver/Src/stm32h7xx_hal_uart.o
                0x00000000080096fe                UART_WaitOnFlagUntilTimeout
 *fill*         0x000000000800988e        0x2 
 .text.UART_Start_Receive_IT
                0x0000000008009890      0x254 ./Drivers/STM32H7xx_HAL_Driver/Src/stm32h7xx_hal_uart.o
                0x0000000008009890                UART_Start_Receive_IT
 .text.UART_EndRxTransfer
                0x0000000008009ae4       0xcc ./Drivers/STM32H7xx_HAL_Driver/Src/stm32h7xx_hal_uart.o
 .text.UART_DMAAbortOnError
                0x0000000008009bb0       0x2c ./Drivers/STM32H7xx_HAL_Driver/Src/stm32h7xx_hal_uart.o
 .text.UART_EndTransmit_IT
                0x0000000008009bdc       0x56 ./Drivers/STM32H7xx_HAL_Driver/Src/stm32h7xx_hal_uart.o
 .text.UART_RxISR_8BIT
                0x0000000008009c32      0x160 ./Drivers/STM32H7xx_HAL_Driver/Src/stm32h7xx_hal_uart.o
 .text.UART_RxISR_16BIT
                0x0000000008009d92      0x160 ./Drivers/STM32H7xx_HAL_Driver/Src/stm32h7xx_hal_uart.o
 *fill*         0x0000000008009ef2        0x2 
 .text.UART_RxISR_8BIT_FIFOEN
                0x0000000008009ef4      0x2f8 ./Drivers/STM32H7xx_HAL_Driver/Src/stm32h7xx_hal_uart.o
 .text.UART_RxISR_16BIT_FIFOEN
                0x000000000800a1ec      0x300 ./Drivers/STM32H7xx_HAL_Driver/Src/stm32h7xx_hal_uart.o
 .text.HAL_UARTEx_WakeupCallback
                0x000000000800a4ec       0x14 ./Drivers/STM32H7xx_HAL_Driver/Src/stm32h7xx_hal_uart_ex.o
                0x000000000800a4ec                HAL_UARTEx_WakeupCallback
 .text.HAL_UARTEx_RxFifoFullCallback
                0x000000000800a500       0x14 ./Drivers/STM32H7xx_HAL_Driver/Src/stm32h7xx_hal_uart_ex.o
                0x000000000800a500                HAL_UARTEx_RxFifoFullCallback
 .text.HAL_UARTEx_TxFifoEmptyCallback
                0x000000000800a514       0x14 ./Drivers/STM32H7xx_HAL_Driver/Src/stm32h7xx_hal_uart_ex.o
                0x000000000800a514                HAL_UARTEx_TxFifoEmptyCallback
 .text.HAL_UARTEx_DisableFifoMode
                0x000000000800a528       0x72 ./Drivers/STM32H7xx_HAL_Driver/Src/stm32h7xx_hal_uart_ex.o
                0x000000000800a528                HAL_UARTEx_DisableFifoMode
 .text.HAL_UARTEx_SetTxFifoThreshold
                0x000000000800a59a       0x7c ./Drivers/STM32H7xx_HAL_Driver/Src/stm32h7xx_hal_uart_ex.o
                0x000000000800a59a                HAL_UARTEx_SetTxFifoThreshold
 .text.HAL_UARTEx_SetRxFifoThreshold
                0x000000000800a616       0x7c ./Drivers/STM32H7xx_HAL_Driver/Src/stm32h7xx_hal_uart_ex.o
                0x000000000800a616                HAL_UARTEx_SetRxFifoThreshold
 *fill*         0x000000000800a692        0x2 
 .text.UARTEx_SetNbDataToProcess
                0x000000000800a694       0x9c ./Drivers/STM32H7xx_HAL_Driver/Src/stm32h7xx_hal_uart_ex.o
 .text.USB_CoreInit
                0x000000000800a730       0xdc ./Drivers/STM32H7xx_HAL_Driver/Src/stm32h7xx_ll_usb.o
                0x000000000800a730                USB_CoreInit
 .text.USB_DisableGlobalInt
                0x000000000800a80c       0x22 ./Drivers/STM32H7xx_HAL_Driver/Src/stm32h7xx_ll_usb.o
                0x000000000800a80c                USB_DisableGlobalInt
 .text.USB_SetCurrentMode
                0x000000000800a82e       0x98 ./Drivers/STM32H7xx_HAL_Driver/Src/stm32h7xx_ll_usb.o
                0x000000000800a82e                USB_SetCurrentMode
 *fill*         0x000000000800a8c6        0x2 
 .text.USB_DevInit
                0x000000000800a8c8      0x2bc ./Drivers/STM32H7xx_HAL_Driver/Src/stm32h7xx_ll_usb.o
                0x000000000800a8c8                USB_DevInit
 .text.USB_FlushTxFifo
                0x000000000800ab84       0x68 ./Drivers/STM32H7xx_HAL_Driver/Src/stm32h7xx_ll_usb.o
                0x000000000800ab84                USB_FlushTxFifo
 .text.USB_FlushRxFifo
                0x000000000800abec       0x60 ./Drivers/STM32H7xx_HAL_Driver/Src/stm32h7xx_ll_usb.o
                0x000000000800abec                USB_FlushRxFifo
 .text.USB_SetDevSpeed
                0x000000000800ac4c       0x32 ./Drivers/STM32H7xx_HAL_Driver/Src/stm32h7xx_ll_usb.o
                0x000000000800ac4c                USB_SetDevSpeed
 .text.USB_DevDisconnect
                0x000000000800ac7e       0x42 ./Drivers/STM32H7xx_HAL_Driver/Src/stm32h7xx_ll_usb.o
                0x000000000800ac7e                USB_DevDisconnect
 .text.USB_GetMode
                0x000000000800acc0       0x1c ./Drivers/STM32H7xx_HAL_Driver/Src/stm32h7xx_ll_usb.o
                0x000000000800acc0                USB_GetMode
 .text.USB_CoreReset
                0x000000000800acdc       0x68 ./Drivers/STM32H7xx_HAL_Driver/Src/stm32h7xx_ll_usb.o
 .text.__errno  0x000000000800ad44        0xc c:/st/stm32cubeide_1.9.0/stm32cubeide/plugins/com.st.stm32cube.ide.mcu.externaltools.gnu-tools-for-stm32.10.3-2021.10.win32_1.0.0.202111181127/tools/bin/../lib/gcc/arm-none-eabi/10.3.1/../../../../arm-none-eabi/lib/thumb/v7e-m+dp/hard\libc_nano.a(lib_a-errno.o)
                0x000000000800ad44                __errno
 .text.__libc_init_array
                0x000000000800ad50       0x48 c:/st/stm32cubeide_1.9.0/stm32cubeide/plugins/com.st.stm32cube.ide.mcu.externaltools.gnu-tools-for-stm32.10.3-2021.10.win32_1.0.0.202111181127/tools/bin/../lib/gcc/arm-none-eabi/10.3.1/../../../../arm-none-eabi/lib/thumb/v7e-m+dp/hard\libc_nano.a(lib_a-init.o)
                0x000000000800ad50                __libc_init_array
 .text.memset   0x000000000800ad98       0x10 c:/st/stm32cubeide_1.9.0/stm32cubeide/plugins/com.st.stm32cube.ide.mcu.externaltools.gnu-tools-for-stm32.10.3-2021.10.win32_1.0.0.202111181127/tools/bin/../lib/gcc/arm-none-eabi/10.3.1/../../../../arm-none-eabi/lib/thumb/v7e-m+dp/hard\libc_nano.a(lib_a-memset.o)
                0x000000000800ad98                memset
 .text.sprintf  0x000000000800ada8       0x40 c:/st/stm32cubeide_1.9.0/stm32cubeide/plugins/com.st.stm32cube.ide.mcu.externaltools.gnu-tools-for-stm32.10.3-2021.10.win32_1.0.0.202111181127/tools/bin/../lib/gcc/arm-none-eabi/10.3.1/../../../../arm-none-eabi/lib/thumb/v7e-m+dp/hard\libc_nano.a(lib_a-sprintf.o)
                0x000000000800ada8                siprintf
                0x000000000800ada8                sprintf
 .text.__ssputs_r
                0x000000000800ade8       0xb6 c:/st/stm32cubeide_1.9.0/stm32cubeide/plugins/com.st.stm32cube.ide.mcu.externaltools.gnu-tools-for-stm32.10.3-2021.10.win32_1.0.0.202111181127/tools/bin/../lib/gcc/arm-none-eabi/10.3.1/../../../../arm-none-eabi/lib/thumb/v7e-m+dp/hard\libc_nano.a(lib_a-nano-svfprintf.o)
                0x000000000800ade8                __ssputs_r
 *fill*         0x000000000800ae9e        0x2 
 .text._svfprintf_r
                0x000000000800aea0      0x200 c:/st/stm32cubeide_1.9.0/stm32cubeide/plugins/com.st.stm32cube.ide.mcu.externaltools.gnu-tools-for-stm32.10.3-2021.10.win32_1.0.0.202111181127/tools/bin/../lib/gcc/arm-none-eabi/10.3.1/../../../../arm-none-eabi/lib/thumb/v7e-m+dp/hard\libc_nano.a(lib_a-nano-svfprintf.o)
                0x000000000800aea0                _svfiprintf_r
                0x000000000800aea0                _svfprintf_r
 .text._printf_common
                0x000000000800b0a0       0xda c:/st/stm32cubeide_1.9.0/stm32cubeide/plugins/com.st.stm32cube.ide.mcu.externaltools.gnu-tools-for-stm32.10.3-2021.10.win32_1.0.0.202111181127/tools/bin/../lib/gcc/arm-none-eabi/10.3.1/../../../../arm-none-eabi/lib/thumb/v7e-m+dp/hard\libc_nano.a(lib_a-nano-vfprintf_i.o)
                0x000000000800b0a0                _printf_common
 *fill*         0x000000000800b17a        0x2 
 .text._printf_i
                0x000000000800b17c      0x24c c:/st/stm32cubeide_1.9.0/stm32cubeide/plugins/com.st.stm32cube.ide.mcu.externaltools.gnu-tools-for-stm32.10.3-2021.10.win32_1.0.0.202111181127/tools/bin/../lib/gcc/arm-none-eabi/10.3.1/../../../../arm-none-eabi/lib/thumb/v7e-m+dp/hard\libc_nano.a(lib_a-nano-vfprintf_i.o)
                0x000000000800b17c                _printf_i
 .text.memcpy   0x000000000800b3c8       0x1c c:/st/stm32cubeide_1.9.0/stm32cubeide/plugins/com.st.stm32cube.ide.mcu.externaltools.gnu-tools-for-stm32.10.3-2021.10.win32_1.0.0.202111181127/tools/bin/../lib/gcc/arm-none-eabi/10.3.1/../../../../arm-none-eabi/lib/thumb/v7e-m+dp/hard\libc_nano.a(lib_a-memcpy-stub.o)
                0x000000000800b3c8                memcpy
 .text.memmove  0x000000000800b3e4       0x34 c:/st/stm32cubeide_1.9.0/stm32cubeide/plugins/com.st.stm32cube.ide.mcu.externaltools.gnu-tools-for-stm32.10.3-2021.10.win32_1.0.0.202111181127/tools/bin/../lib/gcc/arm-none-eabi/10.3.1/../../../../arm-none-eabi/lib/thumb/v7e-m+dp/hard\libc_nano.a(lib_a-memmove.o)
                0x000000000800b3e4                memmove
 .text._free_r  0x000000000800b418       0x98 c:/st/stm32cubeide_1.9.0/stm32cubeide/plugins/com.st.stm32cube.ide.mcu.externaltools.gnu-tools-for-stm32.10.3-2021.10.win32_1.0.0.202111181127/tools/bin/../lib/gcc/arm-none-eabi/10.3.1/../../../../arm-none-eabi/lib/thumb/v7e-m+dp/hard\libc_nano.a(lib_a-nano-freer.o)
                0x000000000800b418                _free_r
 .text.sbrk_aligned
                0x000000000800b4b0       0x40 c:/st/stm32cubeide_1.9.0/stm32cubeide/plugins/com.st.stm32cube.ide.mcu.externaltools.gnu-tools-for-stm32.10.3-2021.10.win32_1.0.0.202111181127/tools/bin/../lib/gcc/arm-none-eabi/10.3.1/../../../../arm-none-eabi/lib/thumb/v7e-m+dp/hard\libc_nano.a(lib_a-nano-mallocr.o)
 .text._malloc_r
                0x000000000800b4f0       0xe8 c:/st/stm32cubeide_1.9.0/stm32cubeide/plugins/com.st.stm32cube.ide.mcu.externaltools.gnu-tools-for-stm32.10.3-2021.10.win32_1.0.0.202111181127/tools/bin/../lib/gcc/arm-none-eabi/10.3.1/../../../../arm-none-eabi/lib/thumb/v7e-m+dp/hard\libc_nano.a(lib_a-nano-mallocr.o)
                0x000000000800b4f0                _malloc_r
 .text._realloc_r
                0x000000000800b5d8       0x5e c:/st/stm32cubeide_1.9.0/stm32cubeide/plugins/com.st.stm32cube.ide.mcu.externaltools.gnu-tools-for-stm32.10.3-2021.10.win32_1.0.0.202111181127/tools/bin/../lib/gcc/arm-none-eabi/10.3.1/../../../../arm-none-eabi/lib/thumb/v7e-m+dp/hard\libc_nano.a(lib_a-nano-reallocr.o)
                0x000000000800b5d8                _realloc_r
 *fill*         0x000000000800b636        0x2 
 .text._sbrk_r  0x000000000800b638       0x20 c:/st/stm32cubeide_1.9.0/stm32cubeide/plugins/com.st.stm32cube.ide.mcu.externaltools.gnu-tools-for-stm32.10.3-2021.10.win32_1.0.0.202111181127/tools/bin/../lib/gcc/arm-none-eabi/10.3.1/../../../../arm-none-eabi/lib/thumb/v7e-m+dp/hard\libc_nano.a(lib_a-sbrkr.o)
                0x000000000800b638                _sbrk_r
 .text.__malloc_lock
                0x000000000800b658        0xc c:/st/stm32cubeide_1.9.0/stm32cubeide/plugins/com.st.stm32cube.ide.mcu.externaltools.gnu-tools-for-stm32.10.3-2021.10.win32_1.0.0.202111181127/tools/bin/../lib/gcc/arm-none-eabi/10.3.1/../../../../arm-none-eabi/lib/thumb/v7e-m+dp/hard\libc_nano.a(lib_a-mlock.o)
                0x000000000800b658                __malloc_lock
 .text.__malloc_unlock
                0x000000000800b664        0xc c:/st/stm32cubeide_1.9.0/stm32cubeide/plugins/com.st.stm32cube.ide.mcu.externaltools.gnu-tools-for-stm32.10.3-2021.10.win32_1.0.0.202111181127/tools/bin/../lib/gcc/arm-none-eabi/10.3.1/../../../../arm-none-eabi/lib/thumb/v7e-m+dp/hard\libc_nano.a(lib_a-mlock.o)
                0x000000000800b664                __malloc_unlock
 .text._malloc_usable_size_r
                0x000000000800b670       0x10 c:/st/stm32cubeide_1.9.0/stm32cubeide/plugins/com.st.stm32cube.ide.mcu.externaltools.gnu-tools-for-stm32.10.3-2021.10.win32_1.0.0.202111181127/tools/bin/../lib/gcc/arm-none-eabi/10.3.1/../../../../arm-none-eabi/lib/thumb/v7e-m+dp/hard\libc_nano.a(lib_a-nano-msizer.o)
                0x000000000800b670                _malloc_usable_size_r
 .text.__retarget_lock_acquire_recursive
                0x000000000800b680        0x2 c:/st/stm32cubeide_1.9.0/stm32cubeide/plugins/com.st.stm32cube.ide.mcu.externaltools.gnu-tools-for-stm32.10.3-2021.10.win32_1.0.0.202111181127/tools/bin/../lib/gcc/arm-none-eabi/10.3.1/../../../../arm-none-eabi/lib/thumb/v7e-m+dp/hard\libc_nano.a(lib_a-lock.o)
                0x000000000800b680                __retarget_lock_acquire_recursive
 .text.__retarget_lock_release_recursive
                0x000000000800b682        0x2 c:/st/stm32cubeide_1.9.0/stm32cubeide/plugins/com.st.stm32cube.ide.mcu.externaltools.gnu-tools-for-stm32.10.3-2021.10.win32_1.0.0.202111181127/tools/bin/../lib/gcc/arm-none-eabi/10.3.1/../../../../arm-none-eabi/lib/thumb/v7e-m+dp/hard\libc_nano.a(lib_a-lock.o)
                0x000000000800b682                __retarget_lock_release_recursive
 *(.glue_7)
 .glue_7        0x000000000800b684        0x0 linker stubs
 *(.glue_7t)
 .glue_7t       0x000000000800b684        0x0 linker stubs
 *(.eh_frame)
 .eh_frame      0x000000000800b684        0x0 c:/st/stm32cubeide_1.9.0/stm32cubeide/plugins/com.st.stm32cube.ide.mcu.externaltools.gnu-tools-for-stm32.10.3-2021.10.win32_1.0.0.202111181127/tools/bin/../lib/gcc/arm-none-eabi/10.3.1/thumb/v7e-m+dp/hard/crtbegin.o
 *(.init)
 .init          0x000000000800b684        0x4 c:/st/stm32cubeide_1.9.0/stm32cubeide/plugins/com.st.stm32cube.ide.mcu.externaltools.gnu-tools-for-stm32.10.3-2021.10.win32_1.0.0.202111181127/tools/bin/../lib/gcc/arm-none-eabi/10.3.1/thumb/v7e-m+dp/hard/crti.o
                0x000000000800b684                _init
 .init          0x000000000800b688        0x8 c:/st/stm32cubeide_1.9.0/stm32cubeide/plugins/com.st.stm32cube.ide.mcu.externaltools.gnu-tools-for-stm32.10.3-2021.10.win32_1.0.0.202111181127/tools/bin/../lib/gcc/arm-none-eabi/10.3.1/thumb/v7e-m+dp/hard/crtn.o
 *(.fini)
 .fini          0x000000000800b690        0x4 c:/st/stm32cubeide_1.9.0/stm32cubeide/plugins/com.st.stm32cube.ide.mcu.externaltools.gnu-tools-for-stm32.10.3-2021.10.win32_1.0.0.202111181127/tools/bin/../lib/gcc/arm-none-eabi/10.3.1/thumb/v7e-m+dp/hard/crti.o
                0x000000000800b690                _fini
 .fini          0x000000000800b694        0x8 c:/st/stm32cubeide_1.9.0/stm32cubeide/plugins/com.st.stm32cube.ide.mcu.externaltools.gnu-tools-for-stm32.10.3-2021.10.win32_1.0.0.202111181127/tools/bin/../lib/gcc/arm-none-eabi/10.3.1/thumb/v7e-m+dp/hard/crtn.o
                0x000000000800b69c                . = ALIGN (0x4)
                0x000000000800b69c                _etext = .

.vfp11_veneer   0x000000000800b69c        0x0
 .vfp11_veneer  0x000000000800b69c        0x0 linker stubs

.v4_bx          0x000000000800b69c        0x0
 .v4_bx         0x000000000800b69c        0x0 linker stubs

.iplt           0x000000000800b69c        0x0
 .iplt          0x000000000800b69c        0x0 c:/st/stm32cubeide_1.9.0/stm32cubeide/plugins/com.st.stm32cube.ide.mcu.externaltools.gnu-tools-for-stm32.10.3-2021.10.win32_1.0.0.202111181127/tools/bin/../lib/gcc/arm-none-eabi/10.3.1/thumb/v7e-m+dp/hard/crtbegin.o

.rodata         0x000000000800b69c      0x1e4
                0x000000000800b69c                . = ALIGN (0x4)
 *(.rodata)
 .rodata        0x000000000800b69c      0x178 ./Core/Src/main.o
 *(.rodata*)
 .rodata.D1CorePrescTable
                0x000000000800b814       0x10 ./Core/Src/system_stm32h7xx.o
                0x000000000800b814                D1CorePrescTable
 .rodata.UARTPrescTable
                0x000000000800b824       0x18 ./Drivers/STM32H7xx_HAL_Driver/Src/stm32h7xx_hal_uart.o
                0x000000000800b824                UARTPrescTable
 .rodata.numerator.1
                0x000000000800b83c        0x8 ./Drivers/STM32H7xx_HAL_Driver/Src/stm32h7xx_hal_uart_ex.o
 .rodata.denominator.0
                0x000000000800b844        0x8 ./Drivers/STM32H7xx_HAL_Driver/Src/stm32h7xx_hal_uart_ex.o
 .rodata._svfprintf_r.str1.1
                0x000000000800b84c       0x11 c:/st/stm32cubeide_1.9.0/stm32cubeide/plugins/com.st.stm32cube.ide.mcu.externaltools.gnu-tools-for-stm32.10.3-2021.10.win32_1.0.0.202111181127/tools/bin/../lib/gcc/arm-none-eabi/10.3.1/../../../../arm-none-eabi/lib/thumb/v7e-m+dp/hard\libc_nano.a(lib_a-nano-svfprintf.o)
 .rodata._printf_i.str1.1
                0x000000000800b85d       0x22 c:/st/stm32cubeide_1.9.0/stm32cubeide/plugins/com.st.stm32cube.ide.mcu.externaltools.gnu-tools-for-stm32.10.3-2021.10.win32_1.0.0.202111181127/tools/bin/../lib/gcc/arm-none-eabi/10.3.1/../../../../arm-none-eabi/lib/thumb/v7e-m+dp/hard\libc_nano.a(lib_a-nano-vfprintf_i.o)
                0x000000000800b880                . = ALIGN (0x4)
 *fill*         0x000000000800b87f        0x1 

.ARM.extab
 *(.ARM.extab* .gnu.linkonce.armextab.*)

.ARM            0x000000000800b880        0x8
                0x000000000800b880                __exidx_start = .
 *(.ARM.exidx*)
 .ARM.exidx     0x000000000800b880        0x8 c:/st/stm32cubeide_1.9.0/stm32cubeide/plugins/com.st.stm32cube.ide.mcu.externaltools.gnu-tools-for-stm32.10.3-2021.10.win32_1.0.0.202111181127/tools/bin/../lib/gcc/arm-none-eabi/10.3.1/thumb/v7e-m+dp/hard\libgcc.a(_udivmoddi4.o)
                0x000000000800b888                __exidx_end = .

.rel.dyn        0x000000000800b888        0x0
 .rel.iplt      0x000000000800b888        0x0 c:/st/stm32cubeide_1.9.0/stm32cubeide/plugins/com.st.stm32cube.ide.mcu.externaltools.gnu-tools-for-stm32.10.3-2021.10.win32_1.0.0.202111181127/tools/bin/../lib/gcc/arm-none-eabi/10.3.1/thumb/v7e-m+dp/hard/crtbegin.o

.preinit_array  0x000000000800b888        0x0
                0x000000000800b888                PROVIDE (__preinit_array_start = .)
 *(.preinit_array*)
                0x000000000800b888                PROVIDE (__preinit_array_end = .)

.init_array     0x000000000800b888        0x4
                0x000000000800b888                PROVIDE (__init_array_start = .)
 *(SORT_BY_NAME(.init_array.*))
 *(.init_array*)
 .init_array    0x000000000800b888        0x4 c:/st/stm32cubeide_1.9.0/stm32cubeide/plugins/com.st.stm32cube.ide.mcu.externaltools.gnu-tools-for-stm32.10.3-2021.10.win32_1.0.0.202111181127/tools/bin/../lib/gcc/arm-none-eabi/10.3.1/thumb/v7e-m+dp/hard/crtbegin.o
                0x000000000800b88c                PROVIDE (__init_array_end = .)

.fini_array     0x000000000800b88c        0x4
                [!provide]                        PROVIDE (__fini_array_start = .)
 *(SORT_BY_NAME(.fini_array.*))
 *(.fini_array*)
 .fini_array    0x000000000800b88c        0x4 c:/st/stm32cubeide_1.9.0/stm32cubeide/plugins/com.st.stm32cube.ide.mcu.externaltools.gnu-tools-for-stm32.10.3-2021.10.win32_1.0.0.202111181127/tools/bin/../lib/gcc/arm-none-eabi/10.3.1/thumb/v7e-m+dp/hard/crtbegin.o
                [!provide]                        PROVIDE (__fini_array_end = .)
                0x000000000800b890                _sidata = LOADADDR (.data)

.data           0x0000000024000000       0x78 load address 0x000000000800b890
                0x0000000024000000                . = ALIGN (0x4)
                0x0000000024000000                _sdata = .
 *(.data)
 *(.data*)
 .data.start    0x0000000024000000        0x4 ./Core/Src/main.o
                0x0000000024000000                start
 .data.SystemCoreClock
                0x0000000024000004        0x4 ./Core/Src/system_stm32h7xx.o
                0x0000000024000004                SystemCoreClock
 .data.SystemD2Clock
                0x0000000024000008        0x4 ./Core/Src/system_stm32h7xx.o
                0x0000000024000008                SystemD2Clock
 .data.uwTickPrio
                0x000000002400000c        0x4 ./Drivers/STM32H7xx_HAL_Driver/Src/stm32h7xx_hal.o
                0x000000002400000c                uwTickPrio
 .data.uwTickFreq
                0x0000000024000010        0x1 ./Drivers/STM32H7xx_HAL_Driver/Src/stm32h7xx_hal.o
                0x0000000024000010                uwTickFreq
 *fill*         0x0000000024000011        0x3 
 .data._impure_ptr
                0x0000000024000014        0x4 c:/st/stm32cubeide_1.9.0/stm32cubeide/plugins/com.st.stm32cube.ide.mcu.externaltools.gnu-tools-for-stm32.10.3-2021.10.win32_1.0.0.202111181127/tools/bin/../lib/gcc/arm-none-eabi/10.3.1/../../../../arm-none-eabi/lib/thumb/v7e-m+dp/hard\libc_nano.a(lib_a-impure.o)
                0x0000000024000014                _impure_ptr
 .data.impure_data
                0x0000000024000018       0x60 c:/st/stm32cubeide_1.9.0/stm32cubeide/plugins/com.st.stm32cube.ide.mcu.externaltools.gnu-tools-for-stm32.10.3-2021.10.win32_1.0.0.202111181127/tools/bin/../lib/gcc/arm-none-eabi/10.3.1/../../../../arm-none-eabi/lib/thumb/v7e-m+dp/hard\libc_nano.a(lib_a-impure.o)
 *(.RamFunc)
 *(.RamFunc*)
                0x0000000024000078                . = ALIGN (0x4)
                0x0000000024000078                _edata = .

.igot.plt       0x0000000024000078        0x0 load address 0x000000000800b908
 .igot.plt      0x0000000024000078        0x0 c:/st/stm32cubeide_1.9.0/stm32cubeide/plugins/com.st.stm32cube.ide.mcu.externaltools.gnu-tools-for-stm32.10.3-2021.10.win32_1.0.0.202111181127/tools/bin/../lib/gcc/arm-none-eabi/10.3.1/thumb/v7e-m+dp/hard/crtbegin.o

.RxDecripSection
                0x0000000024000078       0x60 load address 0x000000000800b908
 .RxDecripSection
                0x0000000024000078       0x60 ./Core/Src/main.o
                0x0000000024000078                DMARxDscrTab

.TxDecripSection
                0x00000000240000d8       0x60 load address 0x000000000800b968
 .TxDecripSection
                0x00000000240000d8       0x60 ./Core/Src/main.o
                0x00000000240000d8                DMATxDscrTab
                0x0000000024000138                . = ALIGN (0x4)

.bss            0x0000000024000138      0xba8 load address 0x000000000800b9c8
                0x0000000024000138                _sbss = .
                0x0000000024000138                __bss_start__ = _sbss
 *(.bss)
 .bss           0x0000000024000138       0x1c c:/st/stm32cubeide_1.9.0/stm32cubeide/plugins/com.st.stm32cube.ide.mcu.externaltools.gnu-tools-for-stm32.10.3-2021.10.win32_1.0.0.202111181127/tools/bin/../lib/gcc/arm-none-eabi/10.3.1/thumb/v7e-m+dp/hard/crtbegin.o
 *(.bss*)
 .bss.ctrlStatus
                0x0000000024000154        0x4 ./Core/Src/CANSPI.o
                0x0000000024000154                ctrlStatus
 .bss.idReg     0x0000000024000158        0x4 ./Core/Src/CANSPI.o
                0x0000000024000158                idReg
 .bss.uart_rx_buff_1
                0x000000002400015c        0x1 ./Core/Src/debug_tools.o
                0x000000002400015c                uart_rx_buff_1
 *fill*         0x000000002400015d        0x3 
 .bss.msg_buff  0x0000000024000160       0x32 ./Core/Src/debug_tools.o
                0x0000000024000160                msg_buff
 *fill*         0x0000000024000192        0x2 
 .bss.msg_buff_len
                0x0000000024000194        0x4 ./Core/Src/debug_tools.o
                0x0000000024000194                msg_buff_len
 .bss.TxConfig  0x0000000024000198       0x38 ./Core/Src/main.o
                0x0000000024000198                TxConfig
 .bss.heth      0x00000000240001d0       0xb0 ./Core/Src/main.o
                0x00000000240001d0                heth
 .bss.hspi1     0x0000000024000280       0x88 ./Core/Src/main.o
                0x0000000024000280                hspi1
 .bss.htim2     0x0000000024000308       0x4c ./Core/Src/main.o
                0x0000000024000308                htim2
 .bss.htim13    0x0000000024000354       0x4c ./Core/Src/main.o
                0x0000000024000354                htim13
 .bss.huart3    0x00000000240003a0       0x90 ./Core/Src/main.o
                0x00000000240003a0                huart3
 .bss.hpcd_USB_OTG_FS
                0x0000000024000430      0x50c ./Core/Src/main.o
                0x0000000024000430                hpcd_USB_OTG_FS
 .bss.timers_arr
                0x000000002400093c       0xc8 ./Core/Src/main.o
                0x000000002400093c                timers_arr
 .bss.timer_val
                0x0000000024000a04        0x2 ./Core/Src/main.o
                0x0000000024000a04                timer_val
 *fill*         0x0000000024000a06        0x2 
 .bss.sent_counter
                0x0000000024000a08        0x4 ./Core/Src/main.o
                0x0000000024000a08                sent_counter
 .bss.counter_1
                0x0000000024000a0c        0x4 ./Core/Src/main.o
                0x0000000024000a0c                counter_1
 .bss.counter_2
                0x0000000024000a10        0x4 ./Core/Src/main.o
                0x0000000024000a10                counter_2
 .bss.counter_3
                0x0000000024000a14        0x4 ./Core/Src/main.o
                0x0000000024000a14                counter_3
 .bss.rx_data_buf_1
                0x0000000024000a18       0xc8 ./Core/Src/main.o
                0x0000000024000a18                rx_data_buf_1
 .bss.rx_data_buf_2
                0x0000000024000ae0       0xc8 ./Core/Src/main.o
                0x0000000024000ae0                rx_data_buf_2
 .bss.rx_data_buf_3
                0x0000000024000ba8       0xc8 ./Core/Src/main.o
                0x0000000024000ba8                rx_data_buf_3
 .bss.txMessage_1
                0x0000000024000c70       0x14 ./Core/Src/main.o
                0x0000000024000c70                txMessage_1
 .bss.txMessage_2
                0x0000000024000c84       0x14 ./Core/Src/main.o
                0x0000000024000c84                txMessage_2
 .bss.txMessage_3
                0x0000000024000c98       0x14 ./Core/Src/main.o
                0x0000000024000c98                txMessage_3
 .bss.rxMessage
                0x0000000024000cac       0x14 ./Core/Src/main.o
                0x0000000024000cac                rxMessage
 .bss.MACAddr.0
                0x0000000024000cc0        0x6 ./Core/Src/main.o
 *fill*         0x0000000024000cc6        0x2 
 .bss.__sbrk_heap_end
                0x0000000024000cc8        0x4 ./Core/Src/sysmem.o
 .bss.uwTick    0x0000000024000ccc        0x4 ./Drivers/STM32H7xx_HAL_Driver/Src/stm32h7xx_hal.o
                0x0000000024000ccc                uwTick
 .bss.__malloc_free_list
                0x0000000024000cd0        0x4 c:/st/stm32cubeide_1.9.0/stm32cubeide/plugins/com.st.stm32cube.ide.mcu.externaltools.gnu-tools-for-stm32.10.3-2021.10.win32_1.0.0.202111181127/tools/bin/../lib/gcc/arm-none-eabi/10.3.1/../../../../arm-none-eabi/lib/thumb/v7e-m+dp/hard\libc_nano.a(lib_a-nano-mallocr.o)
                0x0000000024000cd0                __malloc_free_list
 .bss.__malloc_sbrk_start
                0x0000000024000cd4        0x4 c:/st/stm32cubeide_1.9.0/stm32cubeide/plugins/com.st.stm32cube.ide.mcu.externaltools.gnu-tools-for-stm32.10.3-2021.10.win32_1.0.0.202111181127/tools/bin/../lib/gcc/arm-none-eabi/10.3.1/../../../../arm-none-eabi/lib/thumb/v7e-m+dp/hard\libc_nano.a(lib_a-nano-mallocr.o)
                0x0000000024000cd4                __malloc_sbrk_start
 .bss.errno     0x0000000024000cd8        0x4 c:/st/stm32cubeide_1.9.0/stm32cubeide/plugins/com.st.stm32cube.ide.mcu.externaltools.gnu-tools-for-stm32.10.3-2021.10.win32_1.0.0.202111181127/tools/bin/../lib/gcc/arm-none-eabi/10.3.1/../../../../arm-none-eabi/lib/thumb/v7e-m+dp/hard\libc_nano.a(lib_a-reent.o)
                0x0000000024000cd8                errno
 .bss.__lock___malloc_recursive_mutex
                0x0000000024000cdc        0x1 c:/st/stm32cubeide_1.9.0/stm32cubeide/plugins/com.st.stm32cube.ide.mcu.externaltools.gnu-tools-for-stm32.10.3-2021.10.win32_1.0.0.202111181127/tools/bin/../lib/gcc/arm-none-eabi/10.3.1/../../../../arm-none-eabi/lib/thumb/v7e-m+dp/hard\libc_nano.a(lib_a-lock.o)
                0x0000000024000cdc                __lock___malloc_recursive_mutex
 *(COMMON)
                0x0000000024000ce0                . = ALIGN (0x4)
 *fill*         0x0000000024000cdd        0x3 
                0x0000000024000ce0                _ebss = .
                0x0000000024000ce0                __bss_end__ = _ebss

._user_heap_stack
                0x0000000024000ce0      0x600 load address 0x000000000800b9c8
                0x0000000024000ce0                . = ALIGN (0x8)
                [!provide]                        PROVIDE (end = .)
                0x0000000024000ce0                PROVIDE (_end = .)
                0x0000000024000ee0                . = (. + _Min_Heap_Size)
 *fill*         0x0000000024000ce0      0x200 
                0x00000000240012e0                . = (. + _Min_Stack_Size)
 *fill*         0x0000000024000ee0      0x400 
                0x00000000240012e0                . = ALIGN (0x8)

/DISCARD/
 libc.a(*)
 libm.a(*)
 libgcc.a(*)

.ARM.attributes
                0x0000000000000000       0x2e
 *(.ARM.attributes)
 .ARM.attributes
                0x0000000000000000       0x1e c:/st/stm32cubeide_1.9.0/stm32cubeide/plugins/com.st.stm32cube.ide.mcu.externaltools.gnu-tools-for-stm32.10.3-2021.10.win32_1.0.0.202111181127/tools/bin/../lib/gcc/arm-none-eabi/10.3.1/thumb/v7e-m+dp/hard/crti.o
 .ARM.attributes
                0x000000000000001e       0x32 c:/st/stm32cubeide_1.9.0/stm32cubeide/plugins/com.st.stm32cube.ide.mcu.externaltools.gnu-tools-for-stm32.10.3-2021.10.win32_1.0.0.202111181127/tools/bin/../lib/gcc/arm-none-eabi/10.3.1/thumb/v7e-m+dp/hard/crtbegin.o
 .ARM.attributes
                0x0000000000000050       0x32 ./Core/Src/CANSPI.o
 .ARM.attributes
                0x0000000000000082       0x32 ./Core/Src/MCP2515.o
 .ARM.attributes
                0x00000000000000b4       0x32 ./Core/Src/debug_tools.o
 .ARM.attributes
                0x00000000000000e6       0x32 ./Core/Src/main.o
 .ARM.attributes
                0x0000000000000118       0x32 ./Core/Src/stm32h7xx_hal_msp.o
 .ARM.attributes
                0x000000000000014a       0x32 ./Core/Src/stm32h7xx_it.o
 .ARM.attributes
                0x000000000000017c       0x32 ./Core/Src/sysmem.o
 .ARM.attributes
                0x00000000000001ae       0x32 ./Core/Src/system_stm32h7xx.o
 .ARM.attributes
                0x00000000000001e0       0x21 ./Core/Startup/startup_stm32h743zitx.o
 .ARM.attributes
                0x0000000000000201       0x32 ./Drivers/STM32H7xx_HAL_Driver/Src/stm32h7xx_hal.o
 .ARM.attributes
                0x0000000000000233       0x32 ./Drivers/STM32H7xx_HAL_Driver/Src/stm32h7xx_hal_cortex.o
 .ARM.attributes
                0x0000000000000265       0x32 ./Drivers/STM32H7xx_HAL_Driver/Src/stm32h7xx_hal_dma.o
 .ARM.attributes
                0x0000000000000297       0x32 ./Drivers/STM32H7xx_HAL_Driver/Src/stm32h7xx_hal_eth.o
 .ARM.attributes
                0x00000000000002c9       0x32 ./Drivers/STM32H7xx_HAL_Driver/Src/stm32h7xx_hal_gpio.o
 .ARM.attributes
                0x00000000000002fb       0x32 ./Drivers/STM32H7xx_HAL_Driver/Src/stm32h7xx_hal_pcd.o
 .ARM.attributes
                0x000000000000032d       0x32 ./Drivers/STM32H7xx_HAL_Driver/Src/stm32h7xx_hal_pcd_ex.o
 .ARM.attributes
                0x000000000000035f       0x32 ./Drivers/STM32H7xx_HAL_Driver/Src/stm32h7xx_hal_pwr_ex.o
 .ARM.attributes
                0x0000000000000391       0x32 ./Drivers/STM32H7xx_HAL_Driver/Src/stm32h7xx_hal_rcc.o
 .ARM.attributes
                0x00000000000003c3       0x32 ./Drivers/STM32H7xx_HAL_Driver/Src/stm32h7xx_hal_rcc_ex.o
 .ARM.attributes
                0x00000000000003f5       0x32 ./Drivers/STM32H7xx_HAL_Driver/Src/stm32h7xx_hal_spi.o
 .ARM.attributes
                0x0000000000000427       0x32 ./Drivers/STM32H7xx_HAL_Driver/Src/stm32h7xx_hal_tim.o
 .ARM.attributes
                0x0000000000000459       0x32 ./Drivers/STM32H7xx_HAL_Driver/Src/stm32h7xx_hal_tim_ex.o
 .ARM.attributes
                0x000000000000048b       0x32 ./Drivers/STM32H7xx_HAL_Driver/Src/stm32h7xx_hal_uart.o
 .ARM.attributes
                0x00000000000004bd       0x32 ./Drivers/STM32H7xx_HAL_Driver/Src/stm32h7xx_hal_uart_ex.o
 .ARM.attributes
                0x00000000000004ef       0x32 ./Drivers/STM32H7xx_HAL_Driver/Src/stm32h7xx_ll_usb.o
 .ARM.attributes
                0x0000000000000521       0x32 c:/st/stm32cubeide_1.9.0/stm32cubeide/plugins/com.st.stm32cube.ide.mcu.externaltools.gnu-tools-for-stm32.10.3-2021.10.win32_1.0.0.202111181127/tools/bin/../lib/gcc/arm-none-eabi/10.3.1/../../../../arm-none-eabi/lib/thumb/v7e-m+dp/hard\libc_nano.a(lib_a-errno.o)
 .ARM.attributes
                0x0000000000000553       0x32 c:/st/stm32cubeide_1.9.0/stm32cubeide/plugins/com.st.stm32cube.ide.mcu.externaltools.gnu-tools-for-stm32.10.3-2021.10.win32_1.0.0.202111181127/tools/bin/../lib/gcc/arm-none-eabi/10.3.1/../../../../arm-none-eabi/lib/thumb/v7e-m+dp/hard\libc_nano.a(lib_a-impure.o)
 .ARM.attributes
                0x0000000000000585       0x32 c:/st/stm32cubeide_1.9.0/stm32cubeide/plugins/com.st.stm32cube.ide.mcu.externaltools.gnu-tools-for-stm32.10.3-2021.10.win32_1.0.0.202111181127/tools/bin/../lib/gcc/arm-none-eabi/10.3.1/../../../../arm-none-eabi/lib/thumb/v7e-m+dp/hard\libc_nano.a(lib_a-init.o)
 .ARM.attributes
                0x00000000000005b7       0x32 c:/st/stm32cubeide_1.9.0/stm32cubeide/plugins/com.st.stm32cube.ide.mcu.externaltools.gnu-tools-for-stm32.10.3-2021.10.win32_1.0.0.202111181127/tools/bin/../lib/gcc/arm-none-eabi/10.3.1/../../../../arm-none-eabi/lib/thumb/v7e-m+dp/hard\libc_nano.a(lib_a-memset.o)
 .ARM.attributes
                0x00000000000005e9       0x32 c:/st/stm32cubeide_1.9.0/stm32cubeide/plugins/com.st.stm32cube.ide.mcu.externaltools.gnu-tools-for-stm32.10.3-2021.10.win32_1.0.0.202111181127/tools/bin/../lib/gcc/arm-none-eabi/10.3.1/../../../../arm-none-eabi/lib/thumb/v7e-m+dp/hard\libc_nano.a(lib_a-sprintf.o)
 .ARM.attributes
                0x000000000000061b       0x32 c:/st/stm32cubeide_1.9.0/stm32cubeide/plugins/com.st.stm32cube.ide.mcu.externaltools.gnu-tools-for-stm32.10.3-2021.10.win32_1.0.0.202111181127/tools/bin/../lib/gcc/arm-none-eabi/10.3.1/../../../../arm-none-eabi/lib/thumb/v7e-m+dp/hard\libc_nano.a(lib_a-nano-svfprintf.o)
 .ARM.attributes
                0x000000000000064d       0x32 c:/st/stm32cubeide_1.9.0/stm32cubeide/plugins/com.st.stm32cube.ide.mcu.externaltools.gnu-tools-for-stm32.10.3-2021.10.win32_1.0.0.202111181127/tools/bin/../lib/gcc/arm-none-eabi/10.3.1/../../../../arm-none-eabi/lib/thumb/v7e-m+dp/hard\libc_nano.a(lib_a-nano-vfprintf_i.o)
 .ARM.attributes
                0x000000000000067f       0x1c c:/st/stm32cubeide_1.9.0/stm32cubeide/plugins/com.st.stm32cube.ide.mcu.externaltools.gnu-tools-for-stm32.10.3-2021.10.win32_1.0.0.202111181127/tools/bin/../lib/gcc/arm-none-eabi/10.3.1/../../../../arm-none-eabi/lib/thumb/v7e-m+dp/hard\libc_nano.a(lib_a-memchr.o)
 .ARM.attributes
                0x000000000000069b       0x32 c:/st/stm32cubeide_1.9.0/stm32cubeide/plugins/com.st.stm32cube.ide.mcu.externaltools.gnu-tools-for-stm32.10.3-2021.10.win32_1.0.0.202111181127/tools/bin/../lib/gcc/arm-none-eabi/10.3.1/../../../../arm-none-eabi/lib/thumb/v7e-m+dp/hard\libc_nano.a(lib_a-memcpy-stub.o)
 .ARM.attributes
                0x00000000000006cd       0x32 c:/st/stm32cubeide_1.9.0/stm32cubeide/plugins/com.st.stm32cube.ide.mcu.externaltools.gnu-tools-for-stm32.10.3-2021.10.win32_1.0.0.202111181127/tools/bin/../lib/gcc/arm-none-eabi/10.3.1/../../../../arm-none-eabi/lib/thumb/v7e-m+dp/hard\libc_nano.a(lib_a-memmove.o)
 .ARM.attributes
                0x00000000000006ff       0x32 c:/st/stm32cubeide_1.9.0/stm32cubeide/plugins/com.st.stm32cube.ide.mcu.externaltools.gnu-tools-for-stm32.10.3-2021.10.win32_1.0.0.202111181127/tools/bin/../lib/gcc/arm-none-eabi/10.3.1/../../../../arm-none-eabi/lib/thumb/v7e-m+dp/hard\libc_nano.a(lib_a-nano-freer.o)
 .ARM.attributes
                0x0000000000000731       0x32 c:/st/stm32cubeide_1.9.0/stm32cubeide/plugins/com.st.stm32cube.ide.mcu.externaltools.gnu-tools-for-stm32.10.3-2021.10.win32_1.0.0.202111181127/tools/bin/../lib/gcc/arm-none-eabi/10.3.1/../../../../arm-none-eabi/lib/thumb/v7e-m+dp/hard\libc_nano.a(lib_a-nano-mallocr.o)
 .ARM.attributes
                0x0000000000000763       0x32 c:/st/stm32cubeide_1.9.0/stm32cubeide/plugins/com.st.stm32cube.ide.mcu.externaltools.gnu-tools-for-stm32.10.3-2021.10.win32_1.0.0.202111181127/tools/bin/../lib/gcc/arm-none-eabi/10.3.1/../../../../arm-none-eabi/lib/thumb/v7e-m+dp/hard\libc_nano.a(lib_a-nano-reallocr.o)
 .ARM.attributes
                0x0000000000000795       0x32 c:/st/stm32cubeide_1.9.0/stm32cubeide/plugins/com.st.stm32cube.ide.mcu.externaltools.gnu-tools-for-stm32.10.3-2021.10.win32_1.0.0.202111181127/tools/bin/../lib/gcc/arm-none-eabi/10.3.1/../../../../arm-none-eabi/lib/thumb/v7e-m+dp/hard\libc_nano.a(lib_a-sbrkr.o)
 .ARM.attributes
                0x00000000000007c7       0x32 c:/st/stm32cubeide_1.9.0/stm32cubeide/plugins/com.st.stm32cube.ide.mcu.externaltools.gnu-tools-for-stm32.10.3-2021.10.win32_1.0.0.202111181127/tools/bin/../lib/gcc/arm-none-eabi/10.3.1/../../../../arm-none-eabi/lib/thumb/v7e-m+dp/hard\libc_nano.a(lib_a-mlock.o)
 .ARM.attributes
                0x00000000000007f9       0x32 c:/st/stm32cubeide_1.9.0/stm32cubeide/plugins/com.st.stm32cube.ide.mcu.externaltools.gnu-tools-for-stm32.10.3-2021.10.win32_1.0.0.202111181127/tools/bin/../lib/gcc/arm-none-eabi/10.3.1/../../../../arm-none-eabi/lib/thumb/v7e-m+dp/hard\libc_nano.a(lib_a-nano-msizer.o)
 .ARM.attributes
                0x000000000000082b       0x32 c:/st/stm32cubeide_1.9.0/stm32cubeide/plugins/com.st.stm32cube.ide.mcu.externaltools.gnu-tools-for-stm32.10.3-2021.10.win32_1.0.0.202111181127/tools/bin/../lib/gcc/arm-none-eabi/10.3.1/../../../../arm-none-eabi/lib/thumb/v7e-m+dp/hard\libc_nano.a(lib_a-reent.o)
 .ARM.attributes
                0x000000000000085d       0x32 c:/st/stm32cubeide_1.9.0/stm32cubeide/plugins/com.st.stm32cube.ide.mcu.externaltools.gnu-tools-for-stm32.10.3-2021.10.win32_1.0.0.202111181127/tools/bin/../lib/gcc/arm-none-eabi/10.3.1/../../../../arm-none-eabi/lib/thumb/v7e-m+dp/hard\libc_nano.a(lib_a-lock.o)
 .ARM.attributes
                0x000000000000088f       0x1e c:/st/stm32cubeide_1.9.0/stm32cubeide/plugins/com.st.stm32cube.ide.mcu.externaltools.gnu-tools-for-stm32.10.3-2021.10.win32_1.0.0.202111181127/tools/bin/../lib/gcc/arm-none-eabi/10.3.1/thumb/v7e-m+dp/hard\libgcc.a(_aeabi_uldivmod.o)
 .ARM.attributes
                0x00000000000008ad       0x32 c:/st/stm32cubeide_1.9.0/stm32cubeide/plugins/com.st.stm32cube.ide.mcu.externaltools.gnu-tools-for-stm32.10.3-2021.10.win32_1.0.0.202111181127/tools/bin/../lib/gcc/arm-none-eabi/10.3.1/thumb/v7e-m+dp/hard\libgcc.a(_udivmoddi4.o)
 .ARM.attributes
                0x00000000000008df       0x1e c:/st/stm32cubeide_1.9.0/stm32cubeide/plugins/com.st.stm32cube.ide.mcu.externaltools.gnu-tools-for-stm32.10.3-2021.10.win32_1.0.0.202111181127/tools/bin/../lib/gcc/arm-none-eabi/10.3.1/thumb/v7e-m+dp/hard\libgcc.a(_dvmd_tls.o)
 .ARM.attributes
                0x00000000000008fd       0x1e c:/st/stm32cubeide_1.9.0/stm32cubeide/plugins/com.st.stm32cube.ide.mcu.externaltools.gnu-tools-for-stm32.10.3-2021.10.win32_1.0.0.202111181127/tools/bin/../lib/gcc/arm-none-eabi/10.3.1/thumb/v7e-m+dp/hard/crtn.o
OUTPUT(CAN_COM_2.elf elf32-littlearm)
LOAD linker stubs
LOAD c:/st/stm32cubeide_1.9.0/stm32cubeide/plugins/com.st.stm32cube.ide.mcu.externaltools.gnu-tools-for-stm32.10.3-2021.10.win32_1.0.0.202111181127/tools/bin/../lib/gcc/arm-none-eabi/10.3.1/../../../../arm-none-eabi/lib/thumb/v7e-m+dp/hard\libc.a
LOAD c:/st/stm32cubeide_1.9.0/stm32cubeide/plugins/com.st.stm32cube.ide.mcu.externaltools.gnu-tools-for-stm32.10.3-2021.10.win32_1.0.0.202111181127/tools/bin/../lib/gcc/arm-none-eabi/10.3.1/../../../../arm-none-eabi/lib/thumb/v7e-m+dp/hard\libm.a
LOAD c:/st/stm32cubeide_1.9.0/stm32cubeide/plugins/com.st.stm32cube.ide.mcu.externaltools.gnu-tools-for-stm32.10.3-2021.10.win32_1.0.0.202111181127/tools/bin/../lib/gcc/arm-none-eabi/10.3.1/thumb/v7e-m+dp/hard\libgcc.a

.debug_info     0x0000000000000000    0x23e88
 .debug_info    0x0000000000000000      0xd2f ./Core/Src/CANSPI.o
 .debug_info    0x0000000000000d2f      0xcf9 ./Core/Src/MCP2515.o
 .debug_info    0x0000000000001a28      0x90e ./Core/Src/debug_tools.o
 .debug_info    0x0000000000002336     0x3b12 ./Core/Src/main.o
 .debug_info    0x0000000000005e48     0x325e ./Core/Src/stm32h7xx_hal_msp.o
 .debug_info    0x00000000000090a6      0xc76 ./Core/Src/stm32h7xx_it.o
 .debug_info    0x0000000000009d1c      0x171 ./Core/Src/sysmem.o
 .debug_info    0x0000000000009e8d      0xd07 ./Core/Src/system_stm32h7xx.o
 .debug_info    0x000000000000ab94       0x22 ./Core/Startup/startup_stm32h743zitx.o
 .debug_info    0x000000000000abb6     0x15d7 ./Drivers/STM32H7xx_HAL_Driver/Src/stm32h7xx_hal.o
 .debug_info    0x000000000000c18d     0x116d ./Drivers/STM32H7xx_HAL_Driver/Src/stm32h7xx_hal_cortex.o
 .debug_info    0x000000000000d2fa      0xcd5 ./Drivers/STM32H7xx_HAL_Driver/Src/stm32h7xx_hal_dma.o
 .debug_info    0x000000000000dfcf     0x2b55 ./Drivers/STM32H7xx_HAL_Driver/Src/stm32h7xx_hal_eth.o
 .debug_info    0x0000000000010b24      0xd28 ./Drivers/STM32H7xx_HAL_Driver/Src/stm32h7xx_hal_gpio.o
 .debug_info    0x000000000001184c     0x169b ./Drivers/STM32H7xx_HAL_Driver/Src/stm32h7xx_hal_pcd.o
 .debug_info    0x0000000000012ee7      0x8fb ./Drivers/STM32H7xx_HAL_Driver/Src/stm32h7xx_hal_pcd_ex.o
 .debug_info    0x00000000000137e2     0x109d ./Drivers/STM32H7xx_HAL_Driver/Src/stm32h7xx_hal_pwr_ex.o
 .debug_info    0x000000000001487f      0xf4a ./Drivers/STM32H7xx_HAL_Driver/Src/stm32h7xx_hal_rcc.o
 .debug_info    0x00000000000157c9     0x12b4 ./Drivers/STM32H7xx_HAL_Driver/Src/stm32h7xx_hal_rcc_ex.o
 .debug_info    0x0000000000016a7d     0x15ce ./Drivers/STM32H7xx_HAL_Driver/Src/stm32h7xx_hal_spi.o
 .debug_info    0x000000000001804b     0x2dd1 ./Drivers/STM32H7xx_HAL_Driver/Src/stm32h7xx_hal_tim.o
 .debug_info    0x000000000001ae1c     0x18f4 ./Drivers/STM32H7xx_HAL_Driver/Src/stm32h7xx_hal_tim_ex.o
 .debug_info    0x000000000001c710     0x4c42 ./Drivers/STM32H7xx_HAL_Driver/Src/stm32h7xx_hal_uart.o
 .debug_info    0x0000000000021352     0x100b ./Drivers/STM32H7xx_HAL_Driver/Src/stm32h7xx_hal_uart_ex.o
 .debug_info    0x000000000002235d     0x1b2b ./Drivers/STM32H7xx_HAL_Driver/Src/stm32h7xx_ll_usb.o

.debug_abbrev   0x0000000000000000     0x3883
 .debug_abbrev  0x0000000000000000      0x1ef ./Core/Src/CANSPI.o
 .debug_abbrev  0x00000000000001ef      0x22b ./Core/Src/MCP2515.o
 .debug_abbrev  0x000000000000041a      0x1bc ./Core/Src/debug_tools.o
 .debug_abbrev  0x00000000000005d6      0x35f ./Core/Src/main.o
 .debug_abbrev  0x0000000000000935      0x287 ./Core/Src/stm32h7xx_hal_msp.o
 .debug_abbrev  0x0000000000000bbc      0x18b ./Core/Src/stm32h7xx_it.o
 .debug_abbrev  0x0000000000000d47       0xbb ./Core/Src/sysmem.o
 .debug_abbrev  0x0000000000000e02      0x147 ./Core/Src/system_stm32h7xx.o
 .debug_abbrev  0x0000000000000f49       0x12 ./Core/Startup/startup_stm32h743zitx.o
 .debug_abbrev  0x0000000000000f5b      0x289 ./Drivers/STM32H7xx_HAL_Driver/Src/stm32h7xx_hal.o
 .debug_abbrev  0x00000000000011e4      0x329 ./Drivers/STM32H7xx_HAL_Driver/Src/stm32h7xx_hal_cortex.o
 .debug_abbrev  0x000000000000150d      0x239 ./Drivers/STM32H7xx_HAL_Driver/Src/stm32h7xx_hal_dma.o
 .debug_abbrev  0x0000000000001746      0x2bd ./Drivers/STM32H7xx_HAL_Driver/Src/stm32h7xx_hal_eth.o
 .debug_abbrev  0x0000000000001a03      0x1ec ./Drivers/STM32H7xx_HAL_Driver/Src/stm32h7xx_hal_gpio.o
 .debug_abbrev  0x0000000000001bef      0x2d2 ./Drivers/STM32H7xx_HAL_Driver/Src/stm32h7xx_hal_pcd.o
 .debug_abbrev  0x0000000000001ec1      0x24a ./Drivers/STM32H7xx_HAL_Driver/Src/stm32h7xx_hal_pcd_ex.o
 .debug_abbrev  0x000000000000210b      0x28f ./Drivers/STM32H7xx_HAL_Driver/Src/stm32h7xx_hal_pwr_ex.o
 .debug_abbrev  0x000000000000239a      0x2b8 ./Drivers/STM32H7xx_HAL_Driver/Src/stm32h7xx_hal_rcc.o
 .debug_abbrev  0x0000000000002652      0x25c ./Drivers/STM32H7xx_HAL_Driver/Src/stm32h7xx_hal_rcc_ex.o
 .debug_abbrev  0x00000000000028ae      0x29b ./Drivers/STM32H7xx_HAL_Driver/Src/stm32h7xx_hal_spi.o
 .debug_abbrev  0x0000000000002b49      0x25d ./Drivers/STM32H7xx_HAL_Driver/Src/stm32h7xx_hal_tim.o
 .debug_abbrev  0x0000000000002da6      0x265 ./Drivers/STM32H7xx_HAL_Driver/Src/stm32h7xx_hal_tim_ex.o
 .debug_abbrev  0x000000000000300b      0x325 ./Drivers/STM32H7xx_HAL_Driver/Src/stm32h7xx_hal_uart.o
 .debug_abbrev  0x0000000000003330      0x2bd ./Drivers/STM32H7xx_HAL_Driver/Src/stm32h7xx_hal_uart_ex.o
 .debug_abbrev  0x00000000000035ed      0x296 ./Drivers/STM32H7xx_HAL_Driver/Src/stm32h7xx_ll_usb.o

.debug_aranges  0x0000000000000000     0x18c8
 .debug_aranges
                0x0000000000000000       0x80 ./Core/Src/CANSPI.o
 .debug_aranges
                0x0000000000000080       0xb0 ./Core/Src/MCP2515.o
 .debug_aranges
                0x0000000000000130       0x30 ./Core/Src/debug_tools.o
 .debug_aranges
                0x0000000000000160       0x78 ./Core/Src/main.o
 .debug_aranges
                0x00000000000001d8       0x70 ./Core/Src/stm32h7xx_hal_msp.o
 .debug_aranges
                0x0000000000000248       0x80 ./Core/Src/stm32h7xx_it.o
 .debug_aranges
                0x00000000000002c8       0x20 ./Core/Src/sysmem.o
 .debug_aranges
                0x00000000000002e8       0x28 ./Core/Src/system_stm32h7xx.o
 .debug_aranges
                0x0000000000000310       0x28 ./Core/Startup/startup_stm32h743zitx.o
 .debug_aranges
                0x0000000000000338      0x198 ./Drivers/STM32H7xx_HAL_Driver/Src/stm32h7xx_hal.o
 .debug_aranges
                0x00000000000004d0      0x120 ./Drivers/STM32H7xx_HAL_Driver/Src/stm32h7xx_hal_cortex.o
 .debug_aranges
                0x00000000000005f0       0xa0 ./Drivers/STM32H7xx_HAL_Driver/Src/stm32h7xx_hal_dma.o
 .debug_aranges
                0x0000000000000690      0x1d8 ./Drivers/STM32H7xx_HAL_Driver/Src/stm32h7xx_hal_eth.o
 .debug_aranges
                0x0000000000000868       0x58 ./Drivers/STM32H7xx_HAL_Driver/Src/stm32h7xx_hal_gpio.o
 .debug_aranges
                0x00000000000008c0      0x140 ./Drivers/STM32H7xx_HAL_Driver/Src/stm32h7xx_hal_pcd.o
 .debug_aranges
                0x0000000000000a00       0x60 ./Drivers/STM32H7xx_HAL_Driver/Src/stm32h7xx_hal_pcd_ex.o
 .debug_aranges
                0x0000000000000a60      0x158 ./Drivers/STM32H7xx_HAL_Driver/Src/stm32h7xx_hal_pwr_ex.o
 .debug_aranges
                0x0000000000000bb8       0x88 ./Drivers/STM32H7xx_HAL_Driver/Src/stm32h7xx_hal_rcc.o
 .debug_aranges
                0x0000000000000c40       0xf8 ./Drivers/STM32H7xx_HAL_Driver/Src/stm32h7xx_hal_rcc_ex.o
 .debug_aranges
                0x0000000000000d38      0x1a0 ./Drivers/STM32H7xx_HAL_Driver/Src/stm32h7xx_hal_spi.o
 .debug_aranges
                0x0000000000000ed8      0x3e0 ./Drivers/STM32H7xx_HAL_Driver/Src/stm32h7xx_hal_tim.o
 .debug_aranges
                0x00000000000012b8      0x188 ./Drivers/STM32H7xx_HAL_Driver/Src/stm32h7xx_hal_tim_ex.o
 .debug_aranges
                0x0000000000001440      0x248 ./Drivers/STM32H7xx_HAL_Driver/Src/stm32h7xx_hal_uart.o
 .debug_aranges
                0x0000000000001688       0xa0 ./Drivers/STM32H7xx_HAL_Driver/Src/stm32h7xx_hal_uart_ex.o
 .debug_aranges
                0x0000000000001728      0x1a0 ./Drivers/STM32H7xx_HAL_Driver/Src/stm32h7xx_ll_usb.o

.debug_ranges   0x0000000000000000     0x1770
 .debug_ranges  0x0000000000000000       0x70 ./Core/Src/CANSPI.o
 .debug_ranges  0x0000000000000070       0xa0 ./Core/Src/MCP2515.o
 .debug_ranges  0x0000000000000110       0x20 ./Core/Src/debug_tools.o
 .debug_ranges  0x0000000000000130       0x68 ./Core/Src/main.o
 .debug_ranges  0x0000000000000198       0x60 ./Core/Src/stm32h7xx_hal_msp.o
 .debug_ranges  0x00000000000001f8       0x70 ./Core/Src/stm32h7xx_it.o
 .debug_ranges  0x0000000000000268       0x10 ./Core/Src/sysmem.o
 .debug_ranges  0x0000000000000278       0x18 ./Core/Src/system_stm32h7xx.o
 .debug_ranges  0x0000000000000290       0x20 ./Core/Startup/startup_stm32h743zitx.o
 .debug_ranges  0x00000000000002b0      0x188 ./Drivers/STM32H7xx_HAL_Driver/Src/stm32h7xx_hal.o
 .debug_ranges  0x0000000000000438      0x110 ./Drivers/STM32H7xx_HAL_Driver/Src/stm32h7xx_hal_cortex.o
 .debug_ranges  0x0000000000000548       0x90 ./Drivers/STM32H7xx_HAL_Driver/Src/stm32h7xx_hal_dma.o
 .debug_ranges  0x00000000000005d8      0x1c8 ./Drivers/STM32H7xx_HAL_Driver/Src/stm32h7xx_hal_eth.o
 .debug_ranges  0x00000000000007a0       0x48 ./Drivers/STM32H7xx_HAL_Driver/Src/stm32h7xx_hal_gpio.o
 .debug_ranges  0x00000000000007e8      0x130 ./Drivers/STM32H7xx_HAL_Driver/Src/stm32h7xx_hal_pcd.o
 .debug_ranges  0x0000000000000918       0x50 ./Drivers/STM32H7xx_HAL_Driver/Src/stm32h7xx_hal_pcd_ex.o
 .debug_ranges  0x0000000000000968      0x148 ./Drivers/STM32H7xx_HAL_Driver/Src/stm32h7xx_hal_pwr_ex.o
 .debug_ranges  0x0000000000000ab0       0x78 ./Drivers/STM32H7xx_HAL_Driver/Src/stm32h7xx_hal_rcc.o
 .debug_ranges  0x0000000000000b28       0xe8 ./Drivers/STM32H7xx_HAL_Driver/Src/stm32h7xx_hal_rcc_ex.o
 .debug_ranges  0x0000000000000c10      0x190 ./Drivers/STM32H7xx_HAL_Driver/Src/stm32h7xx_hal_spi.o
 .debug_ranges  0x0000000000000da0      0x3d0 ./Drivers/STM32H7xx_HAL_Driver/Src/stm32h7xx_hal_tim.o
 .debug_ranges  0x0000000000001170      0x178 ./Drivers/STM32H7xx_HAL_Driver/Src/stm32h7xx_hal_tim_ex.o
 .debug_ranges  0x00000000000012e8      0x268 ./Drivers/STM32H7xx_HAL_Driver/Src/stm32h7xx_hal_uart.o
 .debug_ranges  0x0000000000001550       0x90 ./Drivers/STM32H7xx_HAL_Driver/Src/stm32h7xx_hal_uart_ex.o
 .debug_ranges  0x00000000000015e0      0x190 ./Drivers/STM32H7xx_HAL_Driver/Src/stm32h7xx_ll_usb.o

.debug_macro    0x0000000000000000    0x3a831
 .debug_macro   0x0000000000000000      0x311 ./Core/Src/CANSPI.o
 .debug_macro   0x0000000000000311      0xa90 ./Core/Src/CANSPI.o
 .debug_macro   0x0000000000000da1      0x24a ./Core/Src/CANSPI.o
 .debug_macro   0x0000000000000feb       0x2e ./Core/Src/CANSPI.o
 .debug_macro   0x0000000000001019       0x3b ./Core/Src/CANSPI.o
 .debug_macro   0x0000000000001054       0x22 ./Core/Src/CANSPI.o
 .debug_macro   0x0000000000001076       0x8e ./Core/Src/CANSPI.o
 .debug_macro   0x0000000000001104       0x51 ./Core/Src/CANSPI.o
 .debug_macro   0x0000000000001155      0x103 ./Core/Src/CANSPI.o
 .debug_macro   0x0000000000001258       0x6a ./Core/Src/CANSPI.o
 .debug_macro   0x00000000000012c2      0x1df ./Core/Src/CANSPI.o
 .debug_macro   0x00000000000014a1       0x1c ./Core/Src/CANSPI.o
 .debug_macro   0x00000000000014bd       0x22 ./Core/Src/CANSPI.o
 .debug_macro   0x00000000000014df       0xfb ./Core/Src/CANSPI.o
 .debug_macro   0x00000000000015da     0x1305 ./Core/Src/CANSPI.o
 .debug_macro   0x00000000000028df      0x11f ./Core/Src/CANSPI.o
 .debug_macro   0x00000000000029fe       0x27 ./Core/Src/CANSPI.o
 .debug_macro   0x0000000000002a25    0x2587a ./Core/Src/CANSPI.o
 .debug_macro   0x000000000002829f       0x6d ./Core/Src/CANSPI.o
 .debug_macro   0x000000000002830c     0x3d22 ./Core/Src/CANSPI.o
 .debug_macro   0x000000000002c02e      0x174 ./Core/Src/CANSPI.o
 .debug_macro   0x000000000002c1a2       0x52 ./Core/Src/CANSPI.o
 .debug_macro   0x000000000002c1f4       0x1d ./Core/Src/CANSPI.o
 .debug_macro   0x000000000002c211       0x3c ./Core/Src/CANSPI.o
 .debug_macro   0x000000000002c24d       0x34 ./Core/Src/CANSPI.o
 .debug_macro   0x000000000002c281       0x16 ./Core/Src/CANSPI.o
 .debug_macro   0x000000000002c297       0x43 ./Core/Src/CANSPI.o
 .debug_macro   0x000000000002c2da       0x34 ./Core/Src/CANSPI.o
 .debug_macro   0x000000000002c30e       0x10 ./Core/Src/CANSPI.o
 .debug_macro   0x000000000002c31e       0x58 ./Core/Src/CANSPI.o
 .debug_macro   0x000000000002c376       0x71 ./Core/Src/CANSPI.o
 .debug_macro   0x000000000002c3e7       0x1c ./Core/Src/CANSPI.o
 .debug_macro   0x000000000002c403      0x12a ./Core/Src/CANSPI.o
 .debug_macro   0x000000000002c52d      0x341 ./Core/Src/CANSPI.o
 .debug_macro   0x000000000002c86e      0x19b ./Core/Src/CANSPI.o
 .debug_macro   0x000000000002ca09       0x5d ./Core/Src/CANSPI.o
 .debug_macro   0x000000000002ca66     0x2382 ./Core/Src/CANSPI.o
 .debug_macro   0x000000000002ede8     0x1002 ./Core/Src/CANSPI.o
 .debug_macro   0x000000000002fdea      0x14d ./Core/Src/CANSPI.o
 .debug_macro   0x000000000002ff37      0x114 ./Core/Src/CANSPI.o
 .debug_macro   0x000000000003004b      0x3b2 ./Core/Src/CANSPI.o
 .debug_macro   0x00000000000303fd       0xac ./Core/Src/CANSPI.o
 .debug_macro   0x00000000000304a9      0x72d ./Core/Src/CANSPI.o
 .debug_macro   0x0000000000030bd6      0x228 ./Core/Src/CANSPI.o
 .debug_macro   0x0000000000030dfe       0x66 ./Core/Src/CANSPI.o
 .debug_macro   0x0000000000030e64      0x3bb ./Core/Src/CANSPI.o
 .debug_macro   0x000000000003121f      0xa80 ./Core/Src/CANSPI.o
 .debug_macro   0x0000000000031c9f      0x129 ./Core/Src/CANSPI.o
 .debug_macro   0x0000000000031dc8      0x3e4 ./Core/Src/CANSPI.o
 .debug_macro   0x00000000000321ac      0x275 ./Core/Src/CANSPI.o