Archive member included to satisfy reference by file (symbol)

c:/st/stm32cubeide_1.9.0/stm32cubeide/plugins/com.st.stm32cube.ide.mcu.externaltools.gnu-tools-for-stm32.10.3-2021.10.win32_1.0.0.202111181127/tools/bin/../lib/gcc/arm-none-eabi/10.3.1/../../../../arm-none-eabi/lib/thumb/v7e-m+dp/hard\libc_nano.a(lib_a-errno.o)
                              ./Core/Src/syscalls.o (__errno)
c:/st/stm32cubeide_1.9.0/stm32cubeide/plugins/com.st.stm32cube.ide.mcu.externaltools.gnu-tools-for-stm32.10.3-2021.10.win32_1.0.0.202111181127/tools/bin/../lib/gcc/arm-none-eabi/10.3.1/../../../../arm-none-eabi/lib/thumb/v7e-m+dp/hard\libc_nano.a(lib_a-exit.o)
                              c:/st/stm32cubeide_1.9.0/stm32cubeide/plugins/com.st.stm32cube.ide.mcu.externaltools.gnu-tools-for-stm32.10.3-2021.10.win32_1.0.0.202111181127/tools/bin/../lib/gcc/arm-none-eabi/10.3.1/../../../../arm-none-eabi/lib/thumb/v7e-m+dp/hard/crt0.o (exit)
c:/st/stm32cubeide_1.9.0/stm32cubeide/plugins/com.st.stm32cube.ide.mcu.externaltools.gnu-tools-for-stm32.10.3-2021.10.win32_1.0.0.202111181127/tools/bin/../lib/gcc/arm-none-eabi/10.3.1/../../../../arm-none-eabi/lib/thumb/v7e-m+dp/hard\libc_nano.a(lib_a-impure.o)
                              c:/st/stm32cubeide_1.9.0/stm32cubeide/plugins/com.st.stm32cube.ide.mcu.externaltools.gnu-tools-for-stm32.10.3-2021.10.win32_1.0.0.202111181127/tools/bin/../lib/gcc/arm-none-eabi/10.3.1/../../../../arm-none-eabi/lib/thumb/v7e-m+dp/hard\libc_nano.a(lib_a-exit.o) (_global_impure_ptr)
c:/st/stm32cubeide_1.9.0/stm32cubeide/plugins/com.st.stm32cube.ide.mcu.externaltools.gnu-tools-for-stm32.10.3-2021.10.win32_1.0.0.202111181127/tools/bin/../lib/gcc/arm-none-eabi/10.3.1/../../../../arm-none-eabi/lib/thumb/v7e-m+dp/hard\libc_nano.a(lib_a-init.o)
                              c:/st/stm32cubeide_1.9.0/stm32cubeide/plugins/com.st.stm32cube.ide.mcu.externaltools.gnu-tools-for-stm32.10.3-2021.10.win32_1.0.0.202111181127/tools/bin/../lib/gcc/arm-none-eabi/10.3.1/../../../../arm-none-eabi/lib/thumb/v7e-m+dp/hard/crt0.o (__libc_init_array)
c:/st/stm32cubeide_1.9.0/stm32cubeide/plugins/com.st.stm32cube.ide.mcu.externaltools.gnu-tools-for-stm32.10.3-2021.10.win32_1.0.0.202111181127/tools/bin/../lib/gcc/arm-none-eabi/10.3.1/../../../../arm-none-eabi/lib/thumb/v7e-m+dp/hard\libc_nano.a(lib_a-memset.o)
                              c:/st/stm32cubeide_1.9.0/stm32cubeide/plugins/com.st.stm32cube.ide.mcu.externaltools.gnu-tools-for-stm32.10.3-2021.10.win32_1.0.0.202111181127/tools/bin/../lib/gcc/arm-none-eabi/10.3.1/../../../../arm-none-eabi/lib/thumb/v7e-m+dp/hard/crt0.o (memset)
c:/st/stm32cubeide_1.9.0/stm32cubeide/plugins/com.st.stm32cube.ide.mcu.externaltools.gnu-tools-for-stm32.10.3-2021.10.win32_1.0.0.202111181127/tools/bin/../lib/gcc/arm-none-eabi/10.3.1/../../../../arm-none-eabi/lib/thumb/v7e-m+dp/hard\libc_nano.a(lib_a-sprintf.o)
                              ./Core/Src/debug_tools.o (sprintf)
c:/st/stm32cubeide_1.9.0/stm32cubeide/plugins/com.st.stm32cube.ide.mcu.externaltools.gnu-tools-for-stm32.10.3-2021.10.win32_1.0.0.202111181127/tools/bin/../lib/gcc/arm-none-eabi/10.3.1/../../../../arm-none-eabi/lib/thumb/v7e-m+dp/hard\libc_nano.a(lib_a-nano-svfprintf.o)
                              c:/st/stm32cubeide_1.9.0/stm32cubeide/plugins/com.st.stm32cube.ide.mcu.externaltools.gnu-tools-for-stm32.10.3-2021.10.win32_1.0.0.202111181127/tools/bin/../lib/gcc/arm-none-eabi/10.3.1/../../../../arm-none-eabi/lib/thumb/v7e-m+dp/hard\libc_nano.a(lib_a-sprintf.o) (_svfprintf_r)
c:/st/stm32cubeide_1.9.0/stm32cubeide/plugins/com.st.stm32cube.ide.mcu.externaltools.gnu-tools-for-stm32.10.3-2021.10.win32_1.0.0.202111181127/tools/bin/../lib/gcc/arm-none-eabi/10.3.1/../../../../arm-none-eabi/lib/thumb/v7e-m+dp/hard\libc_nano.a(lib_a-nano-vfprintf_i.o)
                              c:/st/stm32cubeide_1.9.0/stm32cubeide/plugins/com.st.stm32cube.ide.mcu.externaltools.gnu-tools-for-stm32.10.3-2021.10.win32_1.0.0.202111181127/tools/bin/../lib/gcc/arm-none-eabi/10.3.1/../../../../arm-none-eabi/lib/thumb/v7e-m+dp/hard\libc_nano.a(lib_a-nano-svfprintf.o) (_printf_i)
c:/st/stm32cubeide_1.9.0/stm32cubeide/plugins/com.st.stm32cube.ide.mcu.externaltools.gnu-tools-for-stm32.10.3-2021.10.win32_1.0.0.202111181127/tools/bin/../lib/gcc/arm-none-eabi/10.3.1/../../../../arm-none-eabi/lib/thumb/v7e-m+dp/hard\libc_nano.a(lib_a-memchr.o)
                              c:/st/stm32cubeide_1.9.0/stm32cubeide/plugins/com.st.stm32cube.ide.mcu.externaltools.gnu-tools-for-stm32.10.3-2021.10.win32_1.0.0.202111181127/tools/bin/../lib/gcc/arm-none-eabi/10.3.1/../../../../arm-none-eabi/lib/thumb/v7e-m+dp/hard\libc_nano.a(lib_a-nano-svfprintf.o) (memchr)
c:/st/stm32cubeide_1.9.0/stm32cubeide/plugins/com.st.stm32cube.ide.mcu.externaltools.gnu-tools-for-stm32.10.3-2021.10.win32_1.0.0.202111181127/tools/bin/../lib/gcc/arm-none-eabi/10.3.1/../../../../arm-none-eabi/lib/thumb/v7e-m+dp/hard\libc_nano.a(lib_a-memcpy-stub.o)
[...]
Memory Configuration

Name             Origin             Length             Attributes
FLASH            0x0000000008000000 0x0000000000200000 xr
DTCMRAM          0x0000000020000000 0x0000000000020000 xrw
RAM_D1           0x0000000024000000 0x0000000000080000 xrw
RAM_D2           0x0000000030000000 0x0000000000048000 xrw
RAM_D3           0x0000000038000000 0x0000000000010000 xrw
ITCMRAM          0x0000000000000000 0x0000000000010000 xrw
*default*        0x0000000000000000 0xffffffffffffffff

Linker script and memory map

LOAD c:/st/stm32cubeide_1.9.0/stm32cubeide/plugins/com.st.stm32cube.ide.mcu.externaltools.gnu-tools-for-stm32.10.3-2021.10.win32_1.0.0.202111181127/tools/bin/../lib/gcc/arm-none-eabi/10.3.1/thumb/v7e-m+dp/hard/crti.o
LOAD c:/st/stm32cubeide_1.9.0/stm32cubeide/plugins/com.st.stm32cube.ide.mcu.externaltools.gnu-tools-for-stm32.10.3-2021.10.win32_1.0.0.202111181127/tools/bin/../lib/gcc/arm-none-eabi/10.3.1/thumb/v7e-m+dp/hard/crtbegin.o
LOAD c:/st/stm32cubeide_1.9.0/stm32cubeide/plugins/com.st.stm32cube.ide.mcu.externaltools.gnu-tools-for-stm32.10.3-2021.10.win32_1.0.0.202111181127/tools/bin/../lib/gcc/arm-none-eabi/10.3.1/../../../../arm-none-eabi/lib/thumb/v7e-m+dp/hard/crt0.o
LOAD ./Core/Src/CANSPI.o
LOAD ./Core/Src/CAN_comm.o
LOAD ./Core/Src/CAN_ds.o
LOAD ./Core/Src/MCP2515.o
LOAD ./Core/Src/debug_tools.o
LOAD ./Core/Src/main.o
LOAD ./Core/Src/stm32h7xx_hal_msp.o
LOAD ./Core/Src/stm32h7xx_it.o
LOAD ./Core/Src/syscalls.o
LOAD ./Core/Src/sysmem.o
LOAD ./Core/Src/system_stm32h7xx.o
LOAD ./Core/Startup/startup_stm32h743zitx.o
LOAD ./Drivers/STM32H7xx_HAL_Driver/Src/stm32h7xx_hal.o
LOAD ./Drivers/STM32H7xx_HAL_Driver/Src/stm32h7xx_hal_cortex.o
LOAD ./Drivers/STM32H7xx_HAL_Driver/Src/stm32h7xx_hal_dma.o
LOAD ./Drivers/STM32H7xx_HAL_Driver/Src/stm32h7xx_hal_dma_ex.o
LOAD ./Drivers/STM32H7xx_HAL_Driver/Src/stm32h7xx_hal_eth.o
LOAD ./Drivers/STM32H7xx_HAL_Driver/Src/stm32h7xx_hal_eth_ex.o
LOAD ./Drivers/STM32H7xx_HAL_Driver/Src/stm32h7xx_hal_exti.o
LOAD ./Drivers/STM32H7xx_HAL_Driver/Src/stm32h7xx_hal_flash.o
LOAD ./Drivers/STM32H7xx_HAL_Driver/Src/stm32h7xx_hal_flash_ex.o
LOAD ./Drivers/STM32H7xx_HAL_Driver/Src/stm32h7xx_hal_gpio.o
LOAD ./Drivers/STM32H7xx_HAL_Driver/Src/stm32h7xx_hal_hsem.o
LOAD ./Drivers/STM32H7xx_HAL_Driver/Src/stm32h7xx_hal_i2c.o
LOAD ./Drivers/STM32H7xx_HAL_Driver/Src/stm32h7xx_hal_i2c_ex.o
LOAD ./Drivers/STM32H7xx_HAL_Driver/Src/stm32h7xx_hal_mdma.o
LOAD ./Drivers/STM32H7xx_HAL_Driver/Src/stm32h7xx_hal_pcd.o
LOAD ./Drivers/STM32H7xx_HAL_Driver/Src/stm32h7xx_hal_pcd_ex.o
LOAD ./Drivers/STM32H7xx_HAL_Driver/Src/stm32h7xx_hal_pwr.o
LOAD ./Drivers/STM32H7xx_HAL_Driver/Src/stm32h7xx_hal_pwr_ex.o
LOAD ./Drivers/STM32H7xx_HAL_Driver/Src/stm32h7xx_hal_rcc.o
LOAD ./Drivers/STM32H7xx_HAL_Driver/Src/stm32h7xx_hal_rcc_ex.o
LOAD ./Drivers/STM32H7xx_HAL_Driver/Src/stm32h7xx_hal_spi.o
LOAD ./Drivers/STM32H7xx_HAL_Driver/Src/stm32h7xx_hal_spi_ex.o
LOAD ./Drivers/STM32H7xx_HAL_Driver/Src/stm32h7xx_hal_tim.o
LOAD ./Drivers/STM32H7xx_HAL_Driver/Src/stm32h7xx_hal_tim_ex.o
LOAD ./Drivers/STM32H7xx_HAL_Driver/Src/stm32h7xx_hal_uart.o
LOAD ./Drivers/STM32H7xx_HAL_Driver/Src/stm32h7xx_hal_uart_ex.o
LOAD ./Drivers/STM32H7xx_HAL_Driver/Src/stm32h7xx_ll_usb.o
START GROUP
LOAD c:/st/stm32cubeide_1.9.0/stm32cubeide/plugins/com.st.stm32cube.ide.mcu.externaltools.gnu-tools-for-stm32.10.3-2021.10.win32_1.0.0.202111181127/tools/bin/../lib/gcc/arm-none-eabi/10.3.1/../../../../arm-none-eabi/lib/thumb/v7e-m+dp/hard\libc_nano.a
LOAD c:/st/stm32cubeide_1.9.0/stm32cubeide/plugins/com.st.stm32cube.ide.mcu.externaltools.gnu-tools-for-stm32.10.3-2021.10.win32_1.0.0.202111181127/tools/bin/../lib/gcc/arm-none-eabi/10.3.1/../../../../arm-none-eabi/lib/thumb/v7e-m+dp/hard\libm.a
END GROUP
START GROUP
LOAD c:/st/stm32cubeide_1.9.0/stm32cubeide/plugins/com.st.stm32cube.ide.mcu.externaltools.gnu-tools-for-stm32.10.3-2021.10.win32_1.0.0.202111181127/tools/bin/../lib/gcc/arm-none-eabi/10.3.1/thumb/v7e-m+dp/hard\libgcc.a
LOAD c:/st/stm32cubeide_1.9.0/stm32cubeide/plugins/com.st.stm32cube.ide.mcu.externaltools.gnu-tools-for-stm32.10.3-2021.10.win32_1.0.0.202111181127/tools/bin/../lib/gcc/arm-none-eabi/10.3.1/../../../../arm-none-eabi/lib/thumb/v7e-m+dp/hard\libc_nano.a
END GROUP
START GROUP
LOAD c:/st/stm32cubeide_1.9.0/stm32cubeide/plugins/com.st.stm32cube.ide.mcu.externaltools.gnu-tools-for-stm32.10.3-2021.10.win32_1.0.0.202111181127/tools/bin/../lib/gcc/arm-none-eabi/10.3.1/thumb/v7e-m+dp/hard\libgcc.a
LOAD c:/st/stm32cubeide_1.9.0/stm32cubeide/plugins/com.st.stm32cube.ide.mcu.externaltools.gnu-tools-for-stm32.10.3-2021.10.win32_1.0.0.202111181127/tools/bin/../lib/gcc/arm-none-eabi/10.3.1/../../../../arm-none-eabi/lib/thumb/v7e-m+dp/hard\libc_nano.a
LOAD c:/st/stm32cubeide_1.9.0/stm32cubeide/plugins/com.st.stm32cube.ide.mcu.externaltools.gnu-tools-for-stm32.10.3-2021.10.win32_1.0.0.202111181127/tools/bin/../lib/gcc/arm-none-eabi/10.3.1/../../../../arm-none-eabi/lib/thumb/v7e-m+dp/hard\libnosys.a
END GROUP
START GROUP
LOAD c:/st/stm32cubeide_1.9.0/stm32cubeide/plugins/com.st.stm32cube.ide.mcu.externaltools.gnu-tools-for-stm32.10.3-2021.10.win32_1.0.0.202111181127/tools/bin/../lib/gcc/arm-none-eabi/10.3.1/thumb/v7e-m+dp/hard\libgcc.a
LOAD c:/st/stm32cubeide_1.9.0/stm32cubeide/plugins/com.st.stm32cube.ide.mcu.externaltools.gnu-tools-for-stm32.10.3-2021.10.win32_1.0.0.202111181127/tools/bin/../lib/gcc/arm-none-eabi/10.3.1/../../../../arm-none-eabi/lib/thumb/v7e-m+dp/hard\libc_nano.a
LOAD c:/st/stm32cubeide_1.9.0/stm32cubeide/plugins/com.st.stm32cube.ide.mcu.externaltools.gnu-tools-for-stm32.10.3-2021.10.win32_1.0.0.202111181127/tools/bin/../lib/gcc/arm-none-eabi/10.3.1/../../../../arm-none-eabi/lib/thumb/v7e-m+dp/hard\libnosys.a
END GROUP
LOAD c:/st/stm32cubeide_1.9.0/stm32cubeide/plugins/com.st.stm32cube.ide.mcu.externaltools.gnu-tools-for-stm32.10.3-2021.10.win32_1.0.0.202111181127/tools/bin/../lib/gcc/arm-none-eabi/10.3.1/thumb/v7e-m+dp/hard/crtend.o
LOAD c:/st/stm32cubeide_1.9.0/stm32cubeide/plugins/com.st.stm32cube.ide.mcu.externaltools.gnu-tools-for-stm32.10.3-2021.10.win32_1.0.0.202111181127/tools/bin/../lib/gcc/arm-none-eabi/10.3.1/thumb/v7e-m+dp/hard/crtn.o
                0x0000000024080000                _estack = (ORIGIN (RAM_D1) + LENGTH (RAM_D1))
                0x0000000000000200                _Min_Heap_Size = 0x200
                0x0000000000000400                _Min_Stack_Size = 0x400

.isr_vector     0x0000000008000000      0x298
                0x0000000008000000                . = ALIGN (0x4)
 *(.isr_vector)
 .isr_vector    0x0000000008000000      0x298 ./Core/Startup/startup_stm32h743zitx.o
                0x0000000008000000                g_pfnVectors
                0x0000000008000298                . = ALIGN (0x4)

.text           0x00000000080002a0     0xac2c
                0x00000000080002a0                . = ALIGN (0x4)
 *(.text)
 .text          0x00000000080002a0       0x40 c:/st/stm32cubeide_1.9.0/stm32cubeide/plugins/com.st.stm32cube.ide.mcu.externaltools.gnu-tools-for-stm32.10.3-2021.10.win32_1.0.0.202111181127/tools/bin/../lib/gcc/arm-none-eabi/10.3.1/thumb/v7e-m+dp/hard/crtbegin.o
 .text          0x00000000080002e0       0xa0 c:/st/stm32cubeide_1.9.0/stm32cubeide/plugins/com.st.stm32cube.ide.mcu.externaltools.gnu-tools-for-stm32.10.3-2021.10.win32_1.0.0.202111181127/tools/bin/../lib/gcc/arm-none-eabi/10.3.1/../../../../arm-none-eabi/lib/thumb/v7e-m+dp/hard\libc_nano.a(lib_a-memchr.o)
                0x00000000080002e0                memchr
 .text          0x0000000008000380       0x30 c:/st/stm32cubeide_1.9.0/stm32cubeide/plugins/com.st.stm32cube.ide.mcu.externaltools.gnu-tools-for-stm32.10.3-2021.10.win32_1.0.0.202111181127/tools/bin/../lib/gcc/arm-none-eabi/10.3.1/thumb/v7e-m+dp/hard\libgcc.a(_aeabi_uldivmod.o)
                0x0000000008000380                __aeabi_uldivmod
 .text          0x00000000080003b0      0x2d0 c:/st/stm32cubeide_1.9.0/stm32cubeide/plugins/com.st.stm32cube.ide.mcu.externaltools.gnu-tools-for-stm32.10.3-2021.10.win32_1.0.0.202111181127/tools/bin/../lib/gcc/arm-none-eabi/10.3.1/thumb/v7e-m+dp/hard\libgcc.a(_udivmoddi4.o)
                0x00000000080003b0                __udivmoddi4
 .text          0x0000000008000680        0x4 c:/st/stm32cubeide_1.9.0/stm32cubeide/plugins/com.st.stm32cube.ide.mcu.externaltools.gnu-tools-for-stm32.10.3-2021.10.win32_1.0.0.202111181127/tools/bin/../lib/gcc/arm-none-eabi/10.3.1/thumb/v7e-m+dp/hard\libgcc.a(_dvmd_tls.o)
                0x0000000008000680                __aeabi_idiv0
                0x0000000008000680                __aeabi_ldiv0
 *(.text*)
 .text.CANSPI_Initialize
                0x0000000008000684      0x14e ./Core/Src/CANSPI.o
                0x0000000008000684                CANSPI_Initialize
 *fill*         0x00000000080007d2        0x2 
 .text.MCP2515_Initialize
                0x00000000080007d4       0x44 ./Core/Src/MCP2515.o
                0x00000000080007d4                MCP2515_Initialize
 .text.MCP2515_SetConfigMode
                0x0000000008000818       0x3c ./Core/Src/MCP2515.o
                0x0000000008000818                MCP2515_SetConfigMode
 .text.MCP2515_SetNormalMode
                0x0000000008000854       0x3c ./Core/Src/MCP2515.o
                0x0000000008000854                MCP2515_SetNormalMode
 .text.MCP2515_ReadByte
                0x0000000008000890       0x44 ./Core/Src/MCP2515.o
                0x0000000008000890                MCP2515_ReadByte
 .text.MCP2515_WriteByte
                0x00000000080008d4       0x48 ./Core/Src/MCP2515.o
                0x00000000080008d4                MCP2515_WriteByte
 .text.MCP2515_WriteByteSequence
                0x000000000800091c       0x54 ./Core/Src/MCP2515.o
                0x000000000800091c                MCP2515_WriteByteSequence
 .text.MCP2515_BitModify
                0x0000000008000970       0x50 ./Core/Src/MCP2515.o
                0x0000000008000970                MCP2515_BitModify
 .text.SPI_Tx   0x00000000080009c0       0x24 ./Core/Src/MCP2515.o
 .text.SPI_TxBuffer
                0x00000000080009e4       0x28 ./Core/Src/MCP2515.o
 .text.SPI_Rx   0x0000000008000a0c       0x20 ./Core/Src/MCP2515.o
 .text.printToConsole
                0x0000000008000a2c       0x38 ./Core/Src/debug_tools.o
                0x0000000008000a2c                printToConsole
 .text.HAL_UART_RxCpltCallback
                0x0000000008000a64       0x20 ./Core/Src/debug_tools.o
                0x0000000008000a64                HAL_UART_RxCpltCallback
 .text.block    0x0000000008000a84       0x3c ./Core/Src/debug_tools.o
                0x0000000008000a84                block
 .text.main     0x0000000008000ac0       0xec ./Core/Src/main.o
                0x0000000008000ac0                main
 .text.SystemClock_Config
                0x0000000008000bac      0x100 ./Core/Src/main.o
                0x0000000008000bac                SystemClock_Config
 .text.MX_ETH_Init
                0x0000000008000cac       0x98 ./Core/Src/main.o
 .text.MX_SPI1_Init
                0x0000000008000d44       0xac ./Core/Src/main.o
 .text.MX_TIM2_Init
                0x0000000008000df0       0x9c ./Core/Src/main.o
 .text.MX_TIM13_Init
                0x0000000008000e8c       0x48 ./Core/Src/main.o
 .text.MX_USART3_UART_Init
                0x0000000008000ed4       0x98 ./Core/Src/main.o
 .text.MX_USB_OTG_FS_PCD_Init
                0x0000000008000f6c       0x64 ./Core/Src/main.o
 .text.MX_GPIO_Init
                0x0000000008000fd0      0x1ec ./Core/Src/main.o
 .text.HAL_GPIO_EXTI_Callback
                0x00000000080011bc       0x16 ./Core/Src/main.o
                0x00000000080011bc                HAL_GPIO_EXTI_Callback
 *fill*         0x00000000080011d2        0x2 
 .text.HAL_TIM_PeriodElapsedCallback
                0x00000000080011d4       0x68 ./Core/Src/main.o
                0x00000000080011d4                HAL_TIM_PeriodElapsedCallback
 .text.Error_Handler
                0x000000000800123c        0xa ./Core/Src/main.o
                0x000000000800123c                Error_Handler
 *fill*         0x0000000008001246        0x2 
 .text.HAL_MspInit
                0x0000000008001248       0x50 ./Core/Src/stm32h7xx_hal_msp.o
                0x0000000008001248                HAL_MspInit
 .text.HAL_ETH_MspInit
                0x0000000008001298      0x19c ./Core/Src/stm32h7xx_hal_msp.o
                0x0000000008001298                HAL_ETH_MspInit
 .text.HAL_SPI_MspInit
                0x0000000008001434      0x114 ./Core/Src/stm32h7xx_hal_msp.o
                0x0000000008001434                HAL_SPI_MspInit
 .text.HAL_TIM_Base_MspInit
                0x0000000008001548       0x7c ./Core/Src/stm32h7xx_hal_msp.o
                0x0000000008001548                HAL_TIM_Base_MspInit
 .text.HAL_UART_MspInit
                0x00000000080015c4       0xdc ./Core/Src/stm32h7xx_hal_msp.o
                0x00000000080015c4                HAL_UART_MspInit
 .text.HAL_PCD_MspInit
                0x00000000080016a0       0xf4 ./Core/Src/stm32h7xx_hal_msp.o
                0x00000000080016a0                HAL_PCD_MspInit
 .text.NMI_Handler
                0x0000000008001794        0x6 ./Core/Src/stm32h7xx_it.o
                0x0000000008001794                NMI_Handler
 .text.HardFault_Handler
                0x000000000800179a        0x6 ./Core/Src/stm32h7xx_it.o
                0x000000000800179a                HardFault_Handler
 .text.MemManage_Handler
                0x00000000080017a0        0x6 ./Core/Src/stm32h7xx_it.o
                0x00000000080017a0                MemManage_Handler
 .text.BusFault_Handler
                0x00000000080017a6        0x6 ./Core/Src/stm32h7xx_it.o
                0x00000000080017a6                BusFault_Handler
 .text.UsageFault_Handler
                0x00000000080017ac        0x6 ./Core/Src/stm32h7xx_it.o
                0x00000000080017ac                UsageFault_Handler
 .text.SVC_Handler
                0x00000000080017b2        0xe ./Core/Src/stm32h7xx_it.o
                0x00000000080017b2                SVC_Handler
 .text.DebugMon_Handler
                0x00000000080017c0        0xe ./Core/Src/stm32h7xx_it.o
                0x00000000080017c0                DebugMon_Handler
 .text.PendSV_Handler
                0x00000000080017ce        0xe ./Core/Src/stm32h7xx_it.o
                0x00000000080017ce                PendSV_Handler
 .text.SysTick_Handler
                0x00000000080017dc        0xc ./Core/Src/stm32h7xx_it.o
                0x00000000080017dc                SysTick_Handler
 .text.RCC_IRQHandler
                0x00000000080017e8        0xe ./Core/Src/stm32h7xx_it.o
                0x00000000080017e8                RCC_IRQHandler
 .text.EXTI9_5_IRQHandler
                0x00000000080017f6        0xe ./Core/Src/stm32h7xx_it.o
                0x00000000080017f6                EXTI9_5_IRQHandler
 .text.TIM2_IRQHandler
                0x0000000008001804       0x14 ./Core/Src/stm32h7xx_it.o
                0x0000000008001804                TIM2_IRQHandler
 .text.USART3_IRQHandler
                0x0000000008001818       0x14 ./Core/Src/stm32h7xx_it.o
                0x0000000008001818                USART3_IRQHandler
 .text._sbrk    0x000000000800182c       0x6c ./Core/Src/sysmem.o
                0x000000000800182c                _sbrk
 .text.SystemInit
                0x0000000008001898      0x110 ./Core/Src/system_stm32h7xx.o
                0x0000000008001898                SystemInit
 .text.Reset_Handler
                0x00000000080019a8       0x50 ./Core/Startup/startup_stm32h743zitx.o
                0x00000000080019a8                Reset_Handler
 .text.Default_Handler
                0x00000000080019f8        0x2 ./Core/Startup/startup_stm32h743zitx.o
                0x00000000080019f8                RTC_Alarm_IRQHandler
                0x00000000080019f8                EXTI2_IRQHandler
                0x00000000080019f8                TIM8_CC_IRQHandler
                0x00000000080019f8                HRTIM1_Master_IRQHandler
                0x00000000080019f8                UART8_IRQHandler
                0x00000000080019f8                SPI4_IRQHandler
                0x00000000080019f8                TIM1_CC_IRQHandler
                0x00000000080019f8                BDMA_Channel6_IRQHandler
                0x00000000080019f8                DMA2_Stream5_IRQHandler
                0x00000000080019f8                HRTIM1_FLT_IRQHandler
                0x00000000080019f8                JPEG_IRQHandler
                0x00000000080019f8                DMA1_Stream5_IRQHandler
                0x00000000080019f8                BDMA_Channel1_IRQHandler
                0x00000000080019f8                HRTIM1_TIMD_IRQHandler
                0x00000000080019f8                TAMP_STAMP_IRQHandler
                0x00000000080019f8                EXTI3_IRQHandler
                0x00000000080019f8                LPTIM4_IRQHandler
                0x00000000080019f8                TIM8_TRG_COM_TIM14_IRQHandler
                0x00000000080019f8                LPTIM2_IRQHandler
                0x00000000080019f8                DFSDM1_FLT1_IRQHandler
                0x00000000080019f8                DMAMUX2_OVR_IRQHandler
                0x00000000080019f8                TIM8_UP_TIM13_IRQHandler
                0x00000000080019f8                I2C3_ER_IRQHandler
                0x00000000080019f8                DFSDM1_FLT2_IRQHandler
                0x00000000080019f8                MDMA_IRQHandler
                0x00000000080019f8                LPTIM3_IRQHandler
                0x00000000080019f8                HSEM1_IRQHandler
                0x00000000080019f8                EXTI0_IRQHandler
                0x00000000080019f8                I2C2_EV_IRQHandler
                0x00000000080019f8                DMA1_Stream2_IRQHandler
                0x00000000080019f8                FPU_IRQHandler
                0x00000000080019f8                OTG_HS_WKUP_IRQHandler
                0x00000000080019f8                FDCAN1_IT1_IRQHandler
                0x00000000080019f8                LTDC_ER_IRQHandler
                0x00000000080019f8                DMA2_Stream2_IRQHandler
                0x00000000080019f8                HRTIM1_TIME_IRQHandler
                0x00000000080019f8                SPI1_IRQHandler
                0x00000000080019f8                TIM6_DAC_IRQHandler
                0x00000000080019f8                DCMI_IRQHandler
                0x00000000080019f8                HRTIM1_TIMC_IRQHandler
                0x00000000080019f8                DMA2_Stream3_IRQHandler
                0x00000000080019f8                SAI2_IRQHandler
                0x00000000080019f8                DFSDM1_FLT3_IRQHandler
                0x00000000080019f8                USART6_IRQHandler
                0x00000000080019f8                TIM17_IRQHandler
                0x00000000080019f8                BDMA_Channel7_IRQHandler
                0x00000000080019f8                LPTIM5_IRQHandler
                0x00000000080019f8                UART5_IRQHandler
                0x00000000080019f8                ADC3_IRQHandler
                0x00000000080019f8                DMA2_Stream0_IRQHandler
                0x00000000080019f8                TIM4_IRQHandler
                0x00000000080019f8                BDMA_Channel2_IRQHandler
                0x00000000080019f8                QUADSPI_IRQHandler
                0x00000000080019f8                I2C1_EV_IRQHandler
                0x00000000080019f8                DMA1_Stream6_IRQHandler
                0x00000000080019f8                DMAMUX1_OVR_IRQHandler
                0x00000000080019f8                DMA1_Stream1_IRQHandler
                0x00000000080019f8                TIM16_IRQHandler
                0x00000000080019f8                UART4_IRQHandler
                0x00000000080019f8                BDMA_Channel5_IRQHandler
                0x00000000080019f8                TIM3_IRQHandler
                0x00000000080019f8                TIM8_BRK_TIM12_IRQHandler
                0x00000000080019f8                TIM1_TRG_COM_IRQHandler
                0x00000000080019f8                Default_Handler
                0x00000000080019f8                ECC_IRQHandler
                0x00000000080019f8                CEC_IRQHandler
                0x00000000080019f8                EXTI15_10_IRQHandler
                0x00000000080019f8                BDMA_Channel0_IRQHandler
                0x00000000080019f8                ADC_IRQHandler
                0x00000000080019f8                DMA1_Stream7_IRQHandler
                0x00000000080019f8                HRTIM1_TIMA_IRQHandler
                0x00000000080019f8                SPI5_IRQHandler
                0x00000000080019f8                TIM7_IRQHandler
                0x00000000080019f8                SDMMC1_IRQHandler
                0x00000000080019f8                TIM5_IRQHandler
                0x00000000080019f8                DMA2_Stream7_IRQHandler
                0x00000000080019f8                TIM15_IRQHandler
                0x00000000080019f8                PVD_AVD_IRQHandler
                0x00000000080019f8                I2C3_EV_IRQHandler
                0x00000000080019f8                RTC_WKUP_IRQHandler
                0x00000000080019f8                LTDC_IRQHandler
                0x00000000080019f8                SAI3_IRQHandler
                0x00000000080019f8                ETH_WKUP_IRQHandler
                0x00000000080019f8                SPDIF_RX_IRQHandler
                0x00000000080019f8                SPI2_IRQHandler
                0x00000000080019f8                OTG_HS_EP1_IN_IRQHandler
                0x00000000080019f8                DMA1_Stream0_IRQHandler
                0x00000000080019f8                CRS_IRQHandler
                0x00000000080019f8                EXTI4_IRQHandler
                0x00000000080019f8                RNG_IRQHandler
                0x00000000080019f8                HRTIM1_TIMB_IRQHandler
                0x00000000080019f8                FDCAN2_IT1_IRQHandler
                0x00000000080019f8                ETH_IRQHandler
                0x00000000080019f8                TIM1_UP_IRQHandler
                0x00000000080019f8                BDMA_Channel4_IRQHandler
                0x00000000080019f8                OTG_HS_EP1_OUT_IRQHandler
                0x00000000080019f8                WWDG_IRQHandler
                0x00000000080019f8                SPI6_IRQHandler
                0x00000000080019f8                MDIOS_IRQHandler
                0x00000000080019f8                I2C4_EV_IRQHandler
                0x00000000080019f8                FDCAN2_IT0_IRQHandler
                0x00000000080019f8                LPUART1_IRQHandler
                0x00000000080019f8                FDCAN1_IT0_IRQHandler
                0x00000000080019f8                OTG_FS_WKUP_IRQHandler
                0x00000000080019f8                OTG_HS_IRQHandler
                0x00000000080019f8                DMA2D_IRQHandler
                0x00000000080019f8                TIM1_BRK_IRQHandler
                0x00000000080019f8                EXTI1_IRQHandler
                0x00000000080019f8                SDMMC2_IRQHandler
                0x00000000080019f8                OTG_FS_EP1_OUT_IRQHandler
                0x00000000080019f8                BDMA_Channel3_IRQHandler
                0x00000000080019f8                UART7_IRQHandler
                0x00000000080019f8                MDIOS_WKUP_IRQHandler
                0x00000000080019f8                USART2_IRQHandler
                0x00000000080019f8                DFSDM1_FLT0_IRQHandler
                0x00000000080019f8                SAI4_IRQHandler
                0x00000000080019f8                I2C2_ER_IRQHandler
                0x00000000080019f8                DMA2_Stream1_IRQHandler
                0x00000000080019f8                FLASH_IRQHandler
                0x00000000080019f8                DMA2_Stream4_IRQHandler
                0x00000000080019f8                USART1_IRQHandler
                0x00000000080019f8                OTG_FS_IRQHandler
                0x00000000080019f8                SPI3_IRQHandler
                0x00000000080019f8                WAKEUP_PIN_IRQHandler
                0x00000000080019f8                DMA1_Stream4_IRQHandler
                0x00000000080019f8                OTG_FS_EP1_IN_IRQHandler
                0x00000000080019f8                I2C1_ER_IRQHandler
                0x00000000080019f8                FMC_IRQHandler
                0x00000000080019f8                FDCAN_CAL_IRQHandler
                0x00000000080019f8                SWPMI1_IRQHandler
                0x00000000080019f8                COMP1_IRQHandler
                0x00000000080019f8                LPTIM1_IRQHandler
                0x00000000080019f8                I2C4_ER_IRQHandler
                0x00000000080019f8                DMA2_Stream6_IRQHandler
                0x00000000080019f8                SAI1_IRQHandler
                0x00000000080019f8                DMA1_Stream3_IRQHandler
 *fill*         0x00000000080019fa        0x2 
 .text.HAL_Init
                0x00000000080019fc       0x78 ./Drivers/STM32H7xx_HAL_Driver/Src/stm32h7xx_hal.o
                0x00000000080019fc                HAL_Init
 .text.HAL_InitTick
                0x0000000008001a74       0x6c ./Drivers/STM32H7xx_HAL_Driver/Src/stm32h7xx_hal.o
                0x0000000008001a74                HAL_InitTick
 .text.HAL_IncTick
                0x0000000008001ae0       0x28 ./Drivers/STM32H7xx_HAL_Driver/Src/stm32h7xx_hal.o
                0x0000000008001ae0                HAL_IncTick
 .text.HAL_GetTick
                0x0000000008001b08       0x18 ./Drivers/STM32H7xx_HAL_Driver/Src/stm32h7xx_hal.o
                0x0000000008001b08                HAL_GetTick
 .text.HAL_Delay
                0x0000000008001b20       0x48 ./Drivers/STM32H7xx_HAL_Driver/Src/stm32h7xx_hal.o
                0x0000000008001b20                HAL_Delay
 .text.HAL_GetREVID
                0x0000000008001b68       0x18 ./Drivers/STM32H7xx_HAL_Driver/Src/stm32h7xx_hal.o
                0x0000000008001b68                HAL_GetREVID
 .text.HAL_SYSCFG_ETHInterfaceSelect
                0x0000000008001b80       0x28 ./Drivers/STM32H7xx_HAL_Driver/Src/stm32h7xx_hal.o
                0x0000000008001b80                HAL_SYSCFG_ETHInterfaceSelect
 .text.__NVIC_SetPriorityGrouping
                0x0000000008001ba8       0x48 ./Drivers/STM32H7xx_HAL_Driver/Src/stm32h7xx_hal_cortex.o
 .text.__NVIC_GetPriorityGrouping
                0x0000000008001bf0       0x1c ./Drivers/STM32H7xx_HAL_Driver/Src/stm32h7xx_hal_cortex.o
 .text.__NVIC_EnableIRQ
                0x0000000008001c0c       0x3c ./Drivers/STM32H7xx_HAL_Driver/Src/stm32h7xx_hal_cortex.o
 .text.__NVIC_SetPriority
                0x0000000008001c48       0x54 ./Drivers/STM32H7xx_HAL_Driver/Src/stm32h7xx_hal_cortex.o
 .text.NVIC_EncodePriority
                0x0000000008001c9c       0x66 ./Drivers/STM32H7xx_HAL_Driver/Src/stm32h7xx_hal_cortex.o
 *fill*         0x0000000008001d02        0x2 
 .text.SysTick_Config
                0x0000000008001d04       0x44 ./Drivers/STM32H7xx_HAL_Driver/Src/stm32h7xx_hal_cortex.o
 .text.HAL_NVIC_SetPriorityGrouping
                0x0000000008001d48       0x16 ./Drivers/STM32H7xx_HAL_Driver/Src/stm32h7xx_hal_cortex.o
                0x0000000008001d48                HAL_NVIC_SetPriorityGrouping
 .text.HAL_NVIC_SetPriority
                0x0000000008001d5e       0x34 ./Drivers/STM32H7xx_HAL_Driver/Src/stm32h7xx_hal_cortex.o
                0x0000000008001d5e                HAL_NVIC_SetPriority
 .text.HAL_NVIC_EnableIRQ
                0x0000000008001d92       0x1c ./Drivers/STM32H7xx_HAL_Driver/Src/stm32h7xx_hal_cortex.o
                0x0000000008001d92                HAL_NVIC_EnableIRQ
 .text.HAL_SYSTICK_Config
                0x0000000008001dae       0x18 ./Drivers/STM32H7xx_HAL_Driver/Src/stm32h7xx_hal_cortex.o
                0x0000000008001dae                HAL_SYSTICK_Config
 *fill*         0x0000000008001dc6        0x2 
 .text.HAL_DMA_Abort
                0x0000000008001dc8      0x63c ./Drivers/STM32H7xx_HAL_Driver/Src/stm32h7xx_hal_dma.o
                0x0000000008001dc8                HAL_DMA_Abort
 .text.HAL_DMA_Abort_IT
                0x0000000008002404      0x48c ./Drivers/STM32H7xx_HAL_Driver/Src/stm32h7xx_hal_dma.o
                0x0000000008002404                HAL_DMA_Abort_IT
 .text.HAL_ETH_Init
                0x0000000008002890      0x1cc ./Drivers/STM32H7xx_HAL_Driver/Src/stm32h7xx_hal_eth.o
                0x0000000008002890                HAL_ETH_Init
 .text.HAL_ETH_SetMDIOClockRange
                0x0000000008002a5c       0xb0 ./Drivers/STM32H7xx_HAL_Driver/Src/stm32h7xx_hal_eth.o
                0x0000000008002a5c                HAL_ETH_SetMDIOClockRange
 .text.ETH_SetMACConfig
                0x0000000008002b0c      0x238 ./Drivers/STM32H7xx_HAL_Driver/Src/stm32h7xx_hal_eth.o
 .text.ETH_SetDMAConfig
                0x0000000008002d44      0x10c ./Drivers/STM32H7xx_HAL_Driver/Src/stm32h7xx_hal_eth.o
 .text.ETH_MACDMAConfig
                0x0000000008002e50      0x13a ./Drivers/STM32H7xx_HAL_Driver/Src/stm32h7xx_hal_eth.o
 .text.ETH_DMATxDescListInit
                0x0000000008002f8a       0x92 ./Drivers/STM32H7xx_HAL_Driver/Src/stm32h7xx_hal_eth.o
 .text.ETH_DMARxDescListInit
                0x000000000800301c       0xba ./Drivers/STM32H7xx_HAL_Driver/Src/stm32h7xx_hal_eth.o
 *fill*         0x00000000080030d6        0x2 
 .text.HAL_GPIO_Init
                0x00000000080030d8      0x360 ./Drivers/STM32H7xx_HAL_Driver/Src/stm32h7xx_hal_gpio.o
                0x00000000080030d8                HAL_GPIO_Init
 .text.HAL_GPIO_WritePin
                0x0000000008003438       0x32 ./Drivers/STM32H7xx_HAL_Driver/Src/stm32h7xx_hal_gpio.o
                0x0000000008003438                HAL_GPIO_WritePin
 .text.HAL_GPIO_EXTI_IRQHandler
                0x000000000800346a       0x34 ./Drivers/STM32H7xx_HAL_Driver/Src/stm32h7xx_hal_gpio.o
                0x000000000800346a                HAL_GPIO_EXTI_IRQHandler
 .text.HAL_PCD_Init
                0x000000000800349e      0x248 ./Drivers/STM32H7xx_HAL_Driver/Src/stm32h7xx_hal_pcd.o
                0x000000000800349e                HAL_PCD_Init
 *fill*         0x00000000080036e6        0x2 
 .text.HAL_PCDEx_ActivateLPM
                0x00000000080036e8       0x48 ./Drivers/STM32H7xx_HAL_Driver/Src/stm32h7xx_hal_pcd_ex.o
                0x00000000080036e8                HAL_PCDEx_ActivateLPM
 .text.HAL_PWREx_ConfigSupply
                0x0000000008003730       0x74 ./Drivers/STM32H7xx_HAL_Driver/Src/stm32h7xx_hal_pwr_ex.o
                0x0000000008003730                HAL_PWREx_ConfigSupply
 .text.HAL_PWREx_EnableUSBVoltageDetector
                0x00000000080037a4       0x20 ./Drivers/STM32H7xx_HAL_Driver/Src/stm32h7xx_hal_pwr_ex.o
                0x00000000080037a4                HAL_PWREx_EnableUSBVoltageDetector
 .text.HAL_RCC_OscConfig
                0x00000000080037c4      0x85c ./Drivers/STM32H7xx_HAL_Driver/Src/stm32h7xx_hal_rcc.o
                0x00000000080037c4                HAL_RCC_OscConfig
 .text.HAL_RCC_ClockConfig
                0x0000000008004020      0x36c ./Drivers/STM32H7xx_HAL_Driver/Src/stm32h7xx_hal_rcc.o
                0x0000000008004020                HAL_RCC_ClockConfig
 .text.HAL_RCC_GetSysClockFreq
                0x000000000800438c      0x2f4 ./Drivers/STM32H7xx_HAL_Driver/Src/stm32h7xx_hal_rcc.o
                0x000000000800438c                HAL_RCC_GetSysClockFreq
 .text.HAL_RCC_GetHCLKFreq
                0x0000000008004680       0x60 ./Drivers/STM32H7xx_HAL_Driver/Src/stm32h7xx_hal_rcc.o
                0x0000000008004680                HAL_RCC_GetHCLKFreq
 .text.HAL_RCC_GetPCLK1Freq
                0x00000000080046e0       0x2c ./Drivers/STM32H7xx_HAL_Driver/Src/stm32h7xx_hal_rcc.o
                0x00000000080046e0                HAL_RCC_GetPCLK1Freq
 .text.HAL_RCC_GetPCLK2Freq
                0x000000000800470c       0x2c ./Drivers/STM32H7xx_HAL_Driver/Src/stm32h7xx_hal_rcc.o
                0x000000000800470c                HAL_RCC_GetPCLK2Freq
 .text.HAL_RCCEx_PeriphCLKConfig
                0x0000000008004738      0xe8c ./Drivers/STM32H7xx_HAL_Driver/Src/stm32h7xx_hal_rcc_ex.o
                0x0000000008004738                HAL_RCCEx_PeriphCLKConfig
 .text.HAL_RCCEx_GetD3PCLK1Freq
                0x00000000080055c4       0x2c ./Drivers/STM32H7xx_HAL_Driver/Src/stm32h7xx_hal_rcc_ex.o
                0x00000000080055c4                HAL_RCCEx_GetD3PCLK1Freq
 .text.HAL_RCCEx_GetPLL2ClockFreq
                0x00000000080055f0      0x2a8 ./Drivers/STM32H7xx_HAL_Driver/Src/stm32h7xx_hal_rcc_ex.o
                0x00000000080055f0                HAL_RCCEx_GetPLL2ClockFreq
 .text.HAL_RCCEx_GetPLL3ClockFreq
                0x0000000008005898      0x2a8 ./Drivers/STM32H7xx_HAL_Driver/Src/stm32h7xx_hal_rcc_ex.o
                0x0000000008005898                HAL_RCCEx_GetPLL3ClockFreq
 .text.RCCEx_PLL2_Config
                0x0000000008005b40      0x164 ./Drivers/STM32H7xx_HAL_Driver/Src/stm32h7xx_hal_rcc_ex.o
 .text.RCCEx_PLL3_Config
                0x0000000008005ca4      0x164 ./Drivers/STM32H7xx_HAL_Driver/Src/stm32h7xx_hal_rcc_ex.o
 .text.HAL_SPI_Init
                0x0000000008005e08      0x20c ./Drivers/STM32H7xx_HAL_Driver/Src/stm32h7xx_hal_spi.o
                0x0000000008005e08                HAL_SPI_Init
 .text.HAL_SPI_Transmit
                0x0000000008006014      0x3e4 ./Drivers/STM32H7xx_HAL_Driver/Src/stm32h7xx_hal_spi.o
                0x0000000008006014                HAL_SPI_Transmit
 .text.HAL_SPI_Receive
                0x00000000080063f8      0x338 ./Drivers/STM32H7xx_HAL_Driver/Src/stm32h7xx_hal_spi.o
                0x00000000080063f8                HAL_SPI_Receive
 .text.HAL_SPI_TransmitReceive
                0x0000000008006730      0x450 ./Drivers/STM32H7xx_HAL_Driver/Src/stm32h7xx_hal_spi.o
                0x0000000008006730                HAL_SPI_TransmitReceive
 .text.HAL_SPI_GetState
                0x0000000008006b80       0x1c ./Drivers/STM32H7xx_HAL_Driver/Src/stm32h7xx_hal_spi.o
                0x0000000008006b80                HAL_SPI_GetState
 .text.SPI_CloseTransfer
                0x0000000008006b9c      0x140 ./Drivers/STM32H7xx_HAL_Driver/Src/stm32h7xx_hal_spi.o
 .text.SPI_WaitOnFlagUntilTimeout
                0x0000000008006cdc       0x5c ./Drivers/STM32H7xx_HAL_Driver/Src/stm32h7xx_hal_spi.o
 .text.SPI_GetPacketSize
                0x0000000008006d38       0x36 ./Drivers/STM32H7xx_HAL_Driver/Src/stm32h7xx_hal_spi.o
 .text.HAL_TIM_Base_Init
                0x0000000008006d6e       0xae ./Drivers/STM32H7xx_HAL_Driver/Src/stm32h7xx_hal_tim.o
                0x0000000008006d6e                HAL_TIM_Base_Init
 .text.HAL_TIM_Base_Start
                0x0000000008006e1c       0xe0 ./Drivers/STM32H7xx_HAL_Driver/Src/stm32h7xx_hal_tim.o
                0x0000000008006e1c                HAL_TIM_Base_Start
 .text.HAL_TIM_Base_Start_IT
                0x0000000008006efc       0xf0 ./Drivers/STM32H7xx_HAL_Driver/Src/stm32h7xx_hal_tim.o
                0x0000000008006efc                HAL_TIM_Base_Start_IT
 .text.HAL_TIM_Base_Stop_IT
                0x0000000008006fec       0x5e ./Drivers/STM32H7xx_HAL_Driver/Src/stm32h7xx_hal_tim.o
                0x0000000008006fec                HAL_TIM_Base_Stop_IT
 .text.HAL_TIM_IRQHandler
                0x000000000800704a      0x23e ./Drivers/STM32H7xx_HAL_Driver/Src/stm32h7xx_hal_tim.o
                0x000000000800704a                HAL_TIM_IRQHandler
 .text.HAL_TIM_ConfigClockSource
                0x0000000008007288      0x1f0 ./Drivers/STM32H7xx_HAL_Driver/Src/stm32h7xx_hal_tim.o
                0x0000000008007288                HAL_TIM_ConfigClockSource
 .text.HAL_TIM_OC_DelayElapsedCallback
                0x0000000008007478       0x14 ./Drivers/STM32H7xx_HAL_Driver/Src/stm32h7xx_hal_tim.o
                0x0000000008007478                HAL_TIM_OC_DelayElapsedCallback
 .text.HAL_TIM_IC_CaptureCallback
                0x000000000800748c       0x14 ./Drivers/STM32H7xx_HAL_Driver/Src/stm32h7xx_hal_tim.o
                0x000000000800748c                HAL_TIM_IC_CaptureCallback
 .text.HAL_TIM_PWM_PulseFinishedCallback
                0x00000000080074a0       0x14 ./Drivers/STM32H7xx_HAL_Driver/Src/stm32h7xx_hal_tim.o
                0x00000000080074a0                HAL_TIM_PWM_PulseFinishedCallback
 .text.HAL_TIM_TriggerCallback
                0x00000000080074b4       0x14 ./Drivers/STM32H7xx_HAL_Driver/Src/stm32h7xx_hal_tim.o
                0x00000000080074b4                HAL_TIM_TriggerCallback
 .text.TIM_Base_SetConfig
                0x00000000080074c8      0x134 ./Drivers/STM32H7xx_HAL_Driver/Src/stm32h7xx_hal_tim.o
                0x00000000080074c8                TIM_Base_SetConfig
 .text.TIM_TI1_ConfigInputStage
                0x00000000080075fc       0x5e ./Drivers/STM32H7xx_HAL_Driver/Src/stm32h7xx_hal_tim.o
 .text.TIM_TI2_ConfigInputStage
                0x000000000800765a       0x60 ./Drivers/STM32H7xx_HAL_Driver/Src/stm32h7xx_hal_tim.o
 *fill*         0x00000000080076ba        0x2 
 .text.TIM_ITRx_SetConfig
                0x00000000080076bc       0x3c ./Drivers/STM32H7xx_HAL_Driver/Src/stm32h7xx_hal_tim.o
 .text.TIM_ETR_SetConfig
                0x00000000080076f8       0x40 ./Drivers/STM32H7xx_HAL_Driver/Src/stm32h7xx_hal_tim.o
                0x00000000080076f8                TIM_ETR_SetConfig
 .text.HAL_TIMEx_MasterConfigSynchronization
                0x0000000008007738      0x11c ./Drivers/STM32H7xx_HAL_Driver/Src/stm32h7xx_hal_tim_ex.o
                0x0000000008007738                HAL_TIMEx_MasterConfigSynchronization
 .text.HAL_TIMEx_CommutCallback
                0x0000000008007854       0x14 ./Drivers/STM32H7xx_HAL_Driver/Src/stm32h7xx_hal_tim_ex.o
                0x0000000008007854                HAL_TIMEx_CommutCallback
 .text.HAL_TIMEx_BreakCallback
                0x0000000008007868       0x14 ./Drivers/STM32H7xx_HAL_Driver/Src/stm32h7xx_hal_tim_ex.o
                0x0000000008007868                HAL_TIMEx_BreakCallback
 .text.HAL_TIMEx_Break2Callback
                0x000000000800787c       0x14 ./Drivers/STM32H7xx_HAL_Driver/Src/stm32h7xx_hal_tim_ex.o
                0x000000000800787c                HAL_TIMEx_Break2Callback
 .text.HAL_UART_Init
                0x0000000008007890       0xa0 ./Drivers/STM32H7xx_HAL_Driver/Src/stm32h7xx_hal_uart.o
                0x0000000008007890                HAL_UART_Init
 .text.HAL_UART_Transmit
                0x0000000008007930      0x12c ./Drivers/STM32H7xx_HAL_Driver/Src/stm32h7xx_hal_uart.o
                0x0000000008007930                HAL_UART_Transmit
 .text.HAL_UART_Receive_IT
                0x0000000008007a5c       0xac ./Drivers/STM32H7xx_HAL_Driver/Src/stm32h7xx_hal_uart.o
                0x0000000008007a5c                HAL_UART_Receive_IT
 .text.HAL_UART_IRQHandler
                0x0000000008007b08      0x73c ./Drivers/STM32H7xx_HAL_Driver/Src/stm32h7xx_hal_uart.o
                0x0000000008007b08                HAL_UART_IRQHandler
 .text.HAL_UART_TxCpltCallback
                0x0000000008008244       0x14 ./Drivers/STM32H7xx_HAL_Driver/Src/stm32h7xx_hal_uart.o
                0x0000000008008244                HAL_UART_TxCpltCallback
 .text.HAL_UART_ErrorCallback
                0x0000000008008258       0x14 ./Drivers/STM32H7xx_HAL_Driver/Src/stm32h7xx_hal_uart.o
                0x0000000008008258                HAL_UART_ErrorCallback
 .text.HAL_UARTEx_RxEventCallback
                0x000000000800826c       0x18 ./Drivers/STM32H7xx_HAL_Driver/Src/stm32h7xx_hal_uart.o
                0x000000000800826c                HAL_UARTEx_RxEventCallback
 .text.UART_SetConfig
                0x0000000008008284      0xad0 ./Drivers/STM32H7xx_HAL_Driver/Src/stm32h7xx_hal_uart.o
                0x0000000008008284                UART_SetConfig
 .text.UART_AdvFeatureConfig
                0x0000000008008d54      0x144 ./Drivers/STM32H7xx_HAL_Driver/Src/stm32h7xx_hal_uart.o
                0x0000000008008d54                UART_AdvFeatureConfig
 .text.UART_CheckIdleState
                0x0000000008008e98       0x96 ./Drivers/STM32H7xx_HAL_Driver/Src/stm32h7xx_hal_uart.o
                0x0000000008008e98                UART_CheckIdleState
 .text.UART_WaitOnFlagUntilTimeout
                0x0000000008008f2e      0x190 ./Drivers/STM32H7xx_HAL_Driver/Src/stm32h7xx_hal_uart.o
                0x0000000008008f2e                UART_WaitOnFlagUntilTimeout
 *fill*         0x00000000080090be        0x2 
 .text.UART_Start_Receive_IT
                0x00000000080090c0      0x254 ./Drivers/STM32H7xx_HAL_Driver/Src/stm32h7xx_hal_uart.o
                0x00000000080090c0                UART_Start_Receive_IT
 .text.UART_EndRxTransfer
                0x0000000008009314       0xcc ./Drivers/STM32H7xx_HAL_Driver/Src/stm32h7xx_hal_uart.o
 .text.UART_DMAAbortOnError
                0x00000000080093e0       0x2c ./Drivers/STM32H7xx_HAL_Driver/Src/stm32h7xx_hal_uart.o
 .text.UART_EndTransmit_IT
                0x000000000800940c       0x56 ./Drivers/STM32H7xx_HAL_Driver/Src/stm32h7xx_hal_uart.o
 .text.UART_RxISR_8BIT
                0x0000000008009462      0x160 ./Drivers/STM32H7xx_HAL_Driver/Src/stm32h7xx_hal_uart.o
 .text.UART_RxISR_16BIT
                0x00000000080095c2      0x160 ./Drivers/STM32H7xx_HAL_Driver/Src/stm32h7xx_hal_uart.o
 *fill*         0x0000000008009722        0x2 
 .text.UART_RxISR_8BIT_FIFOEN
                0x0000000008009724      0x2f8 ./Drivers/STM32H7xx_HAL_Driver/Src/stm32h7xx_hal_uart.o
 .text.UART_RxISR_16BIT_FIFOEN
                0x0000000008009a1c      0x300 ./Drivers/STM32H7xx_HAL_Driver/Src/stm32h7xx_hal_uart.o
 .text.HAL_UARTEx_WakeupCallback
                0x0000000008009d1c       0x14 ./Drivers/STM32H7xx_HAL_Driver/Src/stm32h7xx_hal_uart_ex.o
                0x0000000008009d1c                HAL_UARTEx_WakeupCallback
 .text.HAL_UARTEx_RxFifoFullCallback
                0x0000000008009d30       0x14 ./Drivers/STM32H7xx_HAL_Driver/Src/stm32h7xx_hal_uart_ex.o
                0x0000000008009d30                HAL_UARTEx_RxFifoFullCallback
 .text.HAL_UARTEx_TxFifoEmptyCallback
                0x0000000008009d44       0x14 ./Drivers/STM32H7xx_HAL_Driver/Src/stm32h7xx_hal_uart_ex.o
                0x0000000008009d44                HAL_UARTEx_TxFifoEmptyCallback
 .text.HAL_UARTEx_DisableFifoMode
                0x0000000008009d58       0x72 ./Drivers/STM32H7xx_HAL_Driver/Src/stm32h7xx_hal_uart_ex.o
                0x0000000008009d58                HAL_UARTEx_DisableFifoMode
 .text.HAL_UARTEx_SetTxFifoThreshold
                0x0000000008009dca       0x7c ./Drivers/STM32H7xx_HAL_Driver/Src/stm32h7xx_hal_uart_ex.o
                0x0000000008009dca                HAL_UARTEx_SetTxFifoThreshold
 .text.HAL_UARTEx_SetRxFifoThreshold
                0x0000000008009e46       0x7c ./Drivers/STM32H7xx_HAL_Driver/Src/stm32h7xx_hal_uart_ex.o
                0x0000000008009e46                HAL_UARTEx_SetRxFifoThreshold
 *fill*         0x0000000008009ec2        0x2 
 .text.UARTEx_SetNbDataToProcess
                0x0000000008009ec4       0x9c ./Drivers/STM32H7xx_HAL_Driver/Src/stm32h7xx_hal_uart_ex.o
 .text.USB_CoreInit
                0x0000000008009f60       0xdc ./Drivers/STM32H7xx_HAL_Driver/Src/stm32h7xx_ll_usb.o
                0x0000000008009f60                USB_CoreInit
 .text.USB_DisableGlobalInt
                0x000000000800a03c       0x22 ./Drivers/STM32H7xx_HAL_Driver/Src/stm32h7xx_ll_usb.o
                0x000000000800a03c                USB_DisableGlobalInt
 .text.USB_SetCurrentMode
                0x000000000800a05e       0x98 ./Drivers/STM32H7xx_HAL_Driver/Src/stm32h7xx_ll_usb.o
                0x000000000800a05e                USB_SetCurrentMode
 *fill*         0x000000000800a0f6        0x2 
 .text.USB_DevInit
                0x000000000800a0f8      0x2bc ./Drivers/STM32H7xx_HAL_Driver/Src/stm32h7xx_ll_usb.o
                0x000000000800a0f8                USB_DevInit
 .text.USB_FlushTxFifo
                0x000000000800a3b4       0x68 ./Drivers/STM32H7xx_HAL_Driver/Src/stm32h7xx_ll_usb.o
                0x000000000800a3b4                USB_FlushTxFifo
 .text.USB_FlushRxFifo
                0x000000000800a41c       0x60 ./Drivers/STM32H7xx_HAL_Driver/Src/stm32h7xx_ll_usb.o
                0x000000000800a41c                USB_FlushRxFifo
 .text.USB_SetDevSpeed
                0x000000000800a47c       0x32 ./Drivers/STM32H7xx_HAL_Driver/Src/stm32h7xx_ll_usb.o
                0x000000000800a47c                USB_SetDevSpeed
 .text.USB_DevDisconnect
                0x000000000800a4ae       0x42 ./Drivers/STM32H7xx_HAL_Driver/Src/stm32h7xx_ll_usb.o
                0x000000000800a4ae                USB_DevDisconnect
 .text.USB_GetMode
                0x000000000800a4f0       0x1c ./Drivers/STM32H7xx_HAL_Driver/Src/stm32h7xx_ll_usb.o
                0x000000000800a4f0                USB_GetMode
 .text.USB_CoreReset
                0x000000000800a50c       0x68 ./Drivers/STM32H7xx_HAL_Driver/Src/stm32h7xx_ll_usb.o
 .text.__errno  0x000000000800a574        0xc c:/st/stm32cubeide_1.9.0/stm32cubeide/plugins/com.st.stm32cube.ide.mcu.externaltools.gnu-tools-for-stm32.10.3-2021.10.win32_1.0.0.202111181127/tools/bin/../lib/gcc/arm-none-eabi/10.3.1/../../../../arm-none-eabi/lib/thumb/v7e-m+dp/hard\libc_nano.a(lib_a-errno.o)
                0x000000000800a574                __errno
 .text.__libc_init_array
                0x000000000800a580       0x48 c:/st/stm32cubeide_1.9.0/stm32cubeide/plugins/com.st.stm32cube.ide.mcu.externaltools.gnu-tools-for-stm32.10.3-2021.10.win32_1.0.0.202111181127/tools/bin/../lib/gcc/arm-none-eabi/10.3.1/../../../../arm-none-eabi/lib/thumb/v7e-m+dp/hard\libc_nano.a(lib_a-init.o)
                0x000000000800a580                __libc_init_array
 .text.memset   0x000000000800a5c8       0x10 c:/st/stm32cubeide_1.9.0/stm32cubeide/plugins/com.st.stm32cube.ide.mcu.externaltools.gnu-tools-for-stm32.10.3-2021.10.win32_1.0.0.202111181127/tools/bin/../lib/gcc/arm-none-eabi/10.3.1/../../../../arm-none-eabi/lib/thumb/v7e-m+dp/hard\libc_nano.a(lib_a-memset.o)
                0x000000000800a5c8                memset
 .text.sprintf  0x000000000800a5d8       0x40 c:/st/stm32cubeide_1.9.0/stm32cubeide/plugins/com.st.stm32cube.ide.mcu.externaltools.gnu-tools-for-stm32.10.3-2021.10.win32_1.0.0.202111181127/tools/bin/../lib/gcc/arm-none-eabi/10.3.1/../../../../arm-none-eabi/lib/thumb/v7e-m+dp/hard\libc_nano.a(lib_a-sprintf.o)
                0x000000000800a5d8                siprintf
                0x000000000800a5d8                sprintf
 .text.__ssputs_r
                0x000000000800a618       0xb6 c:/st/stm32cubeide_1.9.0/stm32cubeide/plugins/com.st.stm32cube.ide.mcu.externaltools.gnu-tools-for-stm32.10.3-2021.10.win32_1.0.0.202111181127/tools/bin/../lib/gcc/arm-none-eabi/10.3.1/../../../../arm-none-eabi/lib/thumb/v7e-m+dp/hard\libc_nano.a(lib_a-nano-svfprintf.o)
                0x000000000800a618                __ssputs_r
 *fill*         0x000000000800a6ce        0x2 
 .text._svfprintf_r
                0x000000000800a6d0      0x200 c:/st/stm32cubeide_1.9.0/stm32cubeide/plugins/com.st.stm32cube.ide.mcu.externaltools.gnu-tools-for-stm32.10.3-2021.10.win32_1.0.0.202111181127/tools/bin/../lib/gcc/arm-none-eabi/10.3.1/../../../../arm-none-eabi/lib/thumb/v7e-m+dp/hard\libc_nano.a(lib_a-nano-svfprintf.o)
                0x000000000800a6d0                _svfiprintf_r
                0x000000000800a6d0                _svfprintf_r
 .text._printf_common
                0x000000000800a8d0       0xda c:/st/stm32cubeide_1.9.0/stm32cubeide/plugins/com.st.stm32cube.ide.mcu.externaltools.gnu-tools-for-stm32.10.3-2021.10.win32_1.0.0.202111181127/tools/bin/../lib/gcc/arm-none-eabi/10.3.1/../../../../arm-none-eabi/lib/thumb/v7e-m+dp/hard\libc_nano.a(lib_a-nano-vfprintf_i.o)
                0x000000000800a8d0                _printf_common
 *fill*         0x000000000800a9aa        0x2 
 .text._printf_i
                0x000000000800a9ac      0x24c c:/st/stm32cubeide_1.9.0/stm32cubeide/plugins/com.st.stm32cube.ide.mcu.externaltools.gnu-tools-for-stm32.10.3-2021.10.win32_1.0.0.202111181127/tools/bin/../lib/gcc/arm-none-eabi/10.3.1/../../../../arm-none-eabi/lib/thumb/v7e-m+dp/hard\libc_nano.a(lib_a-nano-vfprintf_i.o)
                0x000000000800a9ac                _printf_i
 .text.memcpy   0x000000000800abf8       0x1c c:/st/stm32cubeide_1.9.0/stm32cubeide/plugins/com.st.stm32cube.ide.mcu.externaltools.gnu-tools-for-stm32.10.3-2021.10.win32_1.0.0.202111181127/tools/bin/../lib/gcc/arm-none-eabi/10.3.1/../../../../arm-none-eabi/lib/thumb/v7e-m+dp/hard\libc_nano.a(lib_a-memcpy-stub.o)
                0x000000000800abf8                memcpy
 .text.memmove  0x000000000800ac14       0x34 c:/st/stm32cubeide_1.9.0/stm32cubeide/plugins/com.st.stm32cube.ide.mcu.externaltools.gnu-tools-for-stm32.10.3-2021.10.win32_1.0.0.202111181127/tools/bin/../lib/gcc/arm-none-eabi/10.3.1/../../../../arm-none-eabi/lib/thumb/v7e-m+dp/hard\libc_nano.a(lib_a-memmove.o)
                0x000000000800ac14                memmove
 .text._free_r  0x000000000800ac48       0x98 c:/st/stm32cubeide_1.9.0/stm32cubeide/plugins/com.st.stm32cube.ide.mcu.externaltools.gnu-tools-for-stm32.10.3-2021.10.win32_1.0.0.202111181127/tools/bin/../lib/gcc/arm-none-eabi/10.3.1/../../../../arm-none-eabi/lib/thumb/v7e-m+dp/hard\libc_nano.a(lib_a-nano-freer.o)
                0x000000000800ac48                _free_r
 .text.sbrk_aligned
                0x000000000800ace0       0x40 c:/st/stm32cubeide_1.9.0/stm32cubeide/plugins/com.st.stm32cube.ide.mcu.externaltools.gnu-tools-for-stm32.10.3-2021.10.win32_1.0.0.202111181127/tools/bin/../lib/gcc/arm-none-eabi/10.3.1/../../../../arm-none-eabi/lib/thumb/v7e-m+dp/hard\libc_nano.a(lib_a-nano-mallocr.o)
 .text._malloc_r
                0x000000000800ad20       0xe8 c:/st/stm32cubeide_1.9.0/stm32cubeide/plugins/com.st.stm32cube.ide.mcu.externaltools.gnu-tools-for-stm32.10.3-2021.10.win32_1.0.0.202111181127/tools/bin/../lib/gcc/arm-none-eabi/10.3.1/../../../../arm-none-eabi/lib/thumb/v7e-m+dp/hard\libc_nano.a(lib_a-nano-mallocr.o)
                0x000000000800ad20                _malloc_r
 .text._realloc_r
                0x000000000800ae08       0x5e c:/st/stm32cubeide_1.9.0/stm32cubeide/plugins/com.st.stm32cube.ide.mcu.externaltools.gnu-tools-for-stm32.10.3-2021.10.win32_1.0.0.202111181127/tools/bin/../lib/gcc/arm-none-eabi/10.3.1/../../../../arm-none-eabi/lib/thumb/v7e-m+dp/hard\libc_nano.a(lib_a-nano-reallocr.o)
                0x000000000800ae08                _realloc_r
 *fill*         0x000000000800ae66        0x2 
 .text._sbrk_r  0x000000000800ae68       0x20 c:/st/stm32cubeide_1.9.0/stm32cubeide/plugins/com.st.stm32cube.ide.mcu.externaltools.gnu-tools-for-stm32.10.3-2021.10.win32_1.0.0.202111181127/tools/bin/../lib/gcc/arm-none-eabi/10.3.1/../../../../arm-none-eabi/lib/thumb/v7e-m+dp/hard\libc_nano.a(lib_a-sbrkr.o)
                0x000000000800ae68                _sbrk_r
 .text.__malloc_lock
                0x000000000800ae88        0xc c:/st/stm32cubeide_1.9.0/stm32cubeide/plugins/com.st.stm32cube.ide.mcu.externaltools.gnu-tools-for-stm32.10.3-2021.10.win32_1.0.0.202111181127/tools/bin/../lib/gcc/arm-none-eabi/10.3.1/../../../../arm-none-eabi/lib/thumb/v7e-m+dp/hard\libc_nano.a(lib_a-mlock.o)
                0x000000000800ae88                __malloc_lock
 .text.__malloc_unlock
                0x000000000800ae94        0xc c:/st/stm32cubeide_1.9.0/stm32cubeide/plugins/com.st.stm32cube.ide.mcu.externaltools.gnu-tools-for-stm32.10.3-2021.10.win32_1.0.0.202111181127/tools/bin/../lib/gcc/arm-none-eabi/10.3.1/../../../../arm-none-eabi/lib/thumb/v7e-m+dp/hard\libc_nano.a(lib_a-mlock.o)
                0x000000000800ae94                __malloc_unlock
 .text._malloc_usable_size_r
                0x000000000800aea0       0x10 c:/st/stm32cubeide_1.9.0/stm32cubeide/plugins/com.st.stm32cube.ide.mcu.externaltools.gnu-tools-for-stm32.10.3-2021.10.win32_1.0.0.202111181127/tools/bin/../lib/gcc/arm-none-eabi/10.3.1/../../../../arm-none-eabi/lib/thumb/v7e-m+dp/hard\libc_nano.a(lib_a-nano-msizer.o)
                0x000000000800aea0                _malloc_usable_size_r
 .text.__retarget_lock_acquire_recursive
                0x000000000800aeb0        0x2 c:/st/stm32cubeide_1.9.0/stm32cubeide/plugins/com.st.stm32cube.ide.mcu.externaltools.gnu-tools-for-stm32.10.3-2021.10.win32_1.0.0.202111181127/tools/bin/../lib/gcc/arm-none-eabi/10.3.1/../../../../arm-none-eabi/lib/thumb/v7e-m+dp/hard\libc_nano.a(lib_a-lock.o)
                0x000000000800aeb0                __retarget_lock_acquire_recursive
 .text.__retarget_lock_release_recursive
                0x000000000800aeb2        0x2 c:/st/stm32cubeide_1.9.0/stm32cubeide/plugins/com.st.stm32cube.ide.mcu.externaltools.gnu-tools-for-stm32.10.3-2021.10.win32_1.0.0.202111181127/tools/bin/../lib/gcc/arm-none-eabi/10.3.1/../../../../arm-none-eabi/lib/thumb/v7e-m+dp/hard\libc_nano.a(lib_a-lock.o)
                0x000000000800aeb2                __retarget_lock_release_recursive
 *(.glue_7)
 .glue_7        0x000000000800aeb4        0x0 linker stubs
 *(.glue_7t)
 .glue_7t       0x000000000800aeb4        0x0 linker stubs
 *(.eh_frame)
 .eh_frame      0x000000000800aeb4        0x0 c:/st/stm32cubeide_1.9.0/stm32cubeide/plugins/com.st.stm32cube.ide.mcu.externaltools.gnu-tools-for-stm32.10.3-2021.10.win32_1.0.0.202111181127/tools/bin/../lib/gcc/arm-none-eabi/10.3.1/thumb/v7e-m+dp/hard/crtbegin.o
 *(.init)
 .init          0x000000000800aeb4        0x4 c:/st/stm32cubeide_1.9.0/stm32cubeide/plugins/com.st.stm32cube.ide.mcu.externaltools.gnu-tools-for-stm32.10.3-2021.10.win32_1.0.0.202111181127/tools/bin/../lib/gcc/arm-none-eabi/10.3.1/thumb/v7e-m+dp/hard/crti.o
                0x000000000800aeb4                _init
 .init          0x000000000800aeb8        0x8 c:/st/stm32cubeide_1.9.0/stm32cubeide/plugins/com.st.stm32cube.ide.mcu.externaltools.gnu-tools-for-stm32.10.3-2021.10.win32_1.0.0.202111181127/tools/bin/../lib/gcc/arm-none-eabi/10.3.1/thumb/v7e-m+dp/hard/crtn.o
 *(.fini)
 .fini          0x000000000800aec0        0x4 c:/st/stm32cubeide_1.9.0/stm32cubeide/plugins/com.st.stm32cube.ide.mcu.externaltools.gnu-tools-for-stm32.10.3-2021.10.win32_1.0.0.202111181127/tools/bin/../lib/gcc/arm-none-eabi/10.3.1/thumb/v7e-m+dp/hard/crti.o
                0x000000000800aec0                _fini
 .fini          0x000000000800aec4        0x8 c:/st/stm32cubeide_1.9.0/stm32cubeide/plugins/com.st.stm32cube.ide.mcu.externaltools.gnu-tools-for-stm32.10.3-2021.10.win32_1.0.0.202111181127/tools/bin/../lib/gcc/arm-none-eabi/10.3.1/thumb/v7e-m+dp/hard/crtn.o
                0x000000000800aecc                . = ALIGN (0x4)
                0x000000000800aecc                _etext = .

.vfp11_veneer   0x000000000800aecc        0x0
 .vfp11_veneer  0x000000000800aecc        0x0 linker stubs

.v4_bx          0x000000000800aecc        0x0
 .v4_bx         0x000000000800aecc        0x0 linker stubs

.iplt           0x000000000800aecc        0x0
 .iplt          0x000000000800aecc        0x0 c:/st/stm32cubeide_1.9.0/stm32cubeide/plugins/com.st.stm32cube.ide.mcu.externaltools.gnu-tools-for-stm32.10.3-2021.10.win32_1.0.0.202111181127/tools/bin/../lib/gcc/arm-none-eabi/10.3.1/thumb/v7e-m+dp/hard/crtbegin.o

.rodata         0x000000000800aecc      0x1c4
                0x000000000800aecc                . = ALIGN (0x4)
 *(.rodata)
 .rodata        0x000000000800aecc      0x158 ./Core/Src/main.o
 *(.rodata*)
 .rodata.D1CorePrescTable
                0x000000000800b024       0x10 ./Core/Src/system_stm32h7xx.o
                0x000000000800b024                D1CorePrescTable
 .rodata.UARTPrescTable
                0x000000000800b034       0x18 ./Drivers/STM32H7xx_HAL_Driver/Src/stm32h7xx_hal_uart.o
                0x000000000800b034                UARTPrescTable
 .rodata.numerator.1
                0x000000000800b04c        0x8 ./Drivers/STM32H7xx_HAL_Driver/Src/stm32h7xx_hal_uart_ex.o
 .rodata.denominator.0
                0x000000000800b054        0x8 ./Drivers/STM32H7xx_HAL_Driver/Src/stm32h7xx_hal_uart_ex.o
 .rodata._svfprintf_r.str1.1
                0x000000000800b05c       0x11 c:/st/stm32cubeide_1.9.0/stm32cubeide/plugins/com.st.stm32cube.ide.mcu.externaltools.gnu-tools-for-stm32.10.3-2021.10.win32_1.0.0.202111181127/tools/bin/../lib/gcc/arm-none-eabi/10.3.1/../../../../arm-none-eabi/lib/thumb/v7e-m+dp/hard\libc_nano.a(lib_a-nano-svfprintf.o)
 .rodata._printf_i.str1.1
                0x000000000800b06d       0x22 c:/st/stm32cubeide_1.9.0/stm32cubeide/plugins/com.st.stm32cube.ide.mcu.externaltools.gnu-tools-for-stm32.10.3-2021.10.win32_1.0.0.202111181127/tools/bin/../lib/gcc/arm-none-eabi/10.3.1/../../../../arm-none-eabi/lib/thumb/v7e-m+dp/hard\libc_nano.a(lib_a-nano-vfprintf_i.o)
                0x000000000800b090                . = ALIGN (0x4)
 *fill*         0x000000000800b08f        0x1 

.ARM.extab
 *(.ARM.extab* .gnu.linkonce.armextab.*)

.ARM            0x000000000800b090        0x8
                0x000000000800b090                __exidx_start = .
 *(.ARM.exidx*)
 .ARM.exidx     0x000000000800b090        0x8 c:/st/stm32cubeide_1.9.0/stm32cubeide/plugins/com.st.stm32cube.ide.mcu.externaltools.gnu-tools-for-stm32.10.3-2021.10.win32_1.0.0.202111181127/tools/bin/../lib/gcc/arm-none-eabi/10.3.1/thumb/v7e-m+dp/hard\libgcc.a(_udivmoddi4.o)
                0x000000000800b098                __exidx_end = .

.rel.dyn        0x000000000800b098        0x0
 .rel.iplt      0x000000000800b098        0x0 c:/st/stm32cubeide_1.9.0/stm32cubeide/plugins/com.st.stm32cube.ide.mcu.externaltools.gnu-tools-for-stm32.10.3-2021.10.win32_1.0.0.202111181127/tools/bin/../lib/gcc/arm-none-eabi/10.3.1/thumb/v7e-m+dp/hard/crtbegin.o

.preinit_array  0x000000000800b098        0x0
                0x000000000800b098                PROVIDE (__preinit_array_start = .)
 *(.preinit_array*)
                0x000000000800b098                PROVIDE (__preinit_array_end = .)

.init_array     0x000000000800b098        0x4
                0x000000000800b098                PROVIDE (__init_array_start = .)
 *(SORT_BY_NAME(.init_array.*))
 *(.init_array*)
 .init_array    0x000000000800b098        0x4 c:/st/stm32cubeide_1.9.0/stm32cubeide/plugins/com.st.stm32cube.ide.mcu.externaltools.gnu-tools-for-stm32.10.3-2021.10.win32_1.0.0.202111181127/tools/bin/../lib/gcc/arm-none-eabi/10.3.1/thumb/v7e-m+dp/hard/crtbegin.o
                0x000000000800b09c                PROVIDE (__init_array_end = .)

.fini_array     0x000000000800b09c        0x4
                [!provide]                        PROVIDE (__fini_array_start = .)
 *(SORT_BY_NAME(.fini_array.*))
 *(.fini_array*)
 .fini_array    0x000000000800b09c        0x4 c:/st/stm32cubeide_1.9.0/stm32cubeide/plugins/com.st.stm32cube.ide.mcu.externaltools.gnu-tools-for-stm32.10.3-2021.10.win32_1.0.0.202111181127/tools/bin/../lib/gcc/arm-none-eabi/10.3.1/thumb/v7e-m+dp/hard/crtbegin.o
                [!provide]                        PROVIDE (__fini_array_end = .)
                0x000000000800b0a0                _sidata = LOADADDR (.data)

.data           0x0000000024000000       0x74 load address 0x000000000800b0a0
                0x0000000024000000                . = ALIGN (0x4)
                0x0000000024000000                _sdata = .
 *(.data)
 *(.data*)
 .data.SystemCoreClock
                0x0000000024000000        0x4 ./Core/Src/system_stm32h7xx.o
                0x0000000024000000                SystemCoreClock
 .data.SystemD2Clock
                0x0000000024000004        0x4 ./Core/Src/system_stm32h7xx.o
                0x0000000024000004                SystemD2Clock
 .data.uwTickPrio
                0x0000000024000008        0x4 ./Drivers/STM32H7xx_HAL_Driver/Src/stm32h7xx_hal.o
                0x0000000024000008                uwTickPrio
 .data.uwTickFreq
                0x000000002400000c        0x1 ./Drivers/STM32H7xx_HAL_Driver/Src/stm32h7xx_hal.o
                0x000000002400000c                uwTickFreq
 *fill*         0x000000002400000d        0x3 
 .data._impure_ptr
                0x0000000024000010        0x4 c:/st/stm32cubeide_1.9.0/stm32cubeide/plugins/com.st.stm32cube.ide.mcu.externaltools.gnu-tools-for-stm32.10.3-2021.10.win32_1.0.0.202111181127/tools/bin/../lib/gcc/arm-none-eabi/10.3.1/../../../../arm-none-eabi/lib/thumb/v7e-m+dp/hard\libc_nano.a(lib_a-impure.o)
                0x0000000024000010                _impure_ptr
 .data.impure_data
                0x0000000024000014       0x60 c:/st/stm32cubeide_1.9.0/stm32cubeide/plugins/com.st.stm32cube.ide.mcu.externaltools.gnu-tools-for-stm32.10.3-2021.10.win32_1.0.0.202111181127/tools/bin/../lib/gcc/arm-none-eabi/10.3.1/../../../../arm-none-eabi/lib/thumb/v7e-m+dp/hard\libc_nano.a(lib_a-impure.o)
 *(.RamFunc)
 *(.RamFunc*)
                0x0000000024000074                . = ALIGN (0x4)
                0x0000000024000074                _edata = .

.igot.plt       0x0000000024000074        0x0 load address 0x000000000800b114
 .igot.plt      0x0000000024000074        0x0 c:/st/stm32cubeide_1.9.0/stm32cubeide/plugins/com.st.stm32cube.ide.mcu.externaltools.gnu-tools-for-stm32.10.3-2021.10.win32_1.0.0.202111181127/tools/bin/../lib/gcc/arm-none-eabi/10.3.1/thumb/v7e-m+dp/hard/crtbegin.o

.RxDecripSection
                0x0000000024000074       0x60 load address 0x000000000800b114
 .RxDecripSection
                0x0000000024000074       0x60 ./Core/Src/main.o
                0x0000000024000074                DMARxDscrTab

.TxDecripSection
                0x00000000240000d4       0x60 load address 0x000000000800b174
 .TxDecripSection
                0x00000000240000d4       0x60 ./Core/Src/main.o
                0x00000000240000d4                DMATxDscrTab
                0x0000000024000134                . = ALIGN (0x4)

.bss            0x0000000024000134      0x8ec load address 0x000000000800b1d4
                0x0000000024000134                _sbss = .
                0x0000000024000134                __bss_start__ = _sbss
 *(.bss)
 .bss           0x0000000024000134       0x1c c:/st/stm32cubeide_1.9.0/stm32cubeide/plugins/com.st.stm32cube.ide.mcu.externaltools.gnu-tools-for-stm32.10.3-2021.10.win32_1.0.0.202111181127/tools/bin/../lib/gcc/arm-none-eabi/10.3.1/thumb/v7e-m+dp/hard/crtbegin.o
 *(.bss*)
 .bss.uart_rx_buff_1
                0x0000000024000150        0x1 ./Core/Src/debug_tools.o
                0x0000000024000150                uart_rx_buff_1
 *fill*         0x0000000024000151        0x3 
 .bss.msg_buff  0x0000000024000154       0x32 ./Core/Src/debug_tools.o
                0x0000000024000154                msg_buff
 *fill*         0x0000000024000186        0x2 
 .bss.msg_buff_len
                0x0000000024000188        0x4 ./Core/Src/debug_tools.o
                0x0000000024000188                msg_buff_len
 .bss.TxConfig  0x000000002400018c       0x38 ./Core/Src/main.o
                0x000000002400018c                TxConfig
 .bss.heth      0x00000000240001c4       0xb0 ./Core/Src/main.o
                0x00000000240001c4                heth
 .bss.hspi1     0x0000000024000274       0x88 ./Core/Src/main.o
                0x0000000024000274                hspi1
 .bss.htim2     0x00000000240002fc       0x4c ./Core/Src/main.o
                0x00000000240002fc                htim2
 .bss.htim13    0x0000000024000348       0x4c ./Core/Src/main.o
                0x0000000024000348                htim13
 .bss.huart3    0x0000000024000394       0x90 ./Core/Src/main.o
                0x0000000024000394                huart3
 .bss.hpcd_USB_OTG_FS
                0x0000000024000424      0x50c ./Core/Src/main.o
                0x0000000024000424                hpcd_USB_OTG_FS
 .bss.timers_arr
                0x0000000024000930       0xc8 ./Core/Src/main.o
                0x0000000024000930                timers_arr
 .bss.timer_val
                0x00000000240009f8        0x2 ./Core/Src/main.o
                0x00000000240009f8                timer_val
 *fill*         0x00000000240009fa        0x2 
 .bss.sent_counter
                0x00000000240009fc        0x4 ./Core/Src/main.o
                0x00000000240009fc                sent_counter
 .bss.MACAddr.0
                0x0000000024000a00        0x6 ./Core/Src/main.o
 *fill*         0x0000000024000a06        0x2 
 .bss.__sbrk_heap_end
                0x0000000024000a08        0x4 ./Core/Src/sysmem.o
 .bss.uwTick    0x0000000024000a0c        0x4 ./Drivers/STM32H7xx_HAL_Driver/Src/stm32h7xx_hal.o
                0x0000000024000a0c                uwTick
 .bss.__malloc_free_list
                0x0000000024000a10        0x4 c:/st/stm32cubeide_1.9.0/stm32cubeide/plugins/com.st.stm32cube.ide.mcu.externaltools.gnu-tools-for-stm32.10.3-2021.10.win32_1.0.0.202111181127/tools/bin/../lib/gcc/arm-none-eabi/10.3.1/../../../../arm-none-eabi/lib/thumb/v7e-m+dp/hard\libc_nano.a(lib_a-nano-mallocr.o)
                0x0000000024000a10                __malloc_free_list
 .bss.__malloc_sbrk_start
                0x0000000024000a14        0x4 c:/st/stm32cubeide_1.9.0/stm32cubeide/plugins/com.st.stm32cube.ide.mcu.externaltools.gnu-tools-for-stm32.10.3-2021.10.win32_1.0.0.202111181127/tools/bin/../lib/gcc/arm-none-eabi/10.3.1/../../../../arm-none-eabi/lib/thumb/v7e-m+dp/hard\libc_nano.a(lib_a-nano-mallocr.o)
                0x0000000024000a14                __malloc_sbrk_start
 .bss.errno     0x0000000024000a18        0x4 c:/st/stm32cubeide_1.9.0/stm32cubeide/plugins/com.st.stm32cube.ide.mcu.externaltools.gnu-tools-for-stm32.10.3-2021.10.win32_1.0.0.202111181127/tools/bin/../lib/gcc/arm-none-eabi/10.3.1/../../../../arm-none-eabi/lib/thumb/v7e-m+dp/hard\libc_nano.a(lib_a-reent.o)
                0x0000000024000a18                errno
 .bss.__lock___malloc_recursive_mutex
                0x0000000024000a1c        0x1 c:/st/stm32cubeide_1.9.0/stm32cubeide/plugins/com.st.stm32cube.ide.mcu.externaltools.gnu-tools-for-stm32.10.3-2021.10.win32_1.0.0.202111181127/tools/bin/../lib/gcc/arm-none-eabi/10.3.1/../../../../arm-none-eabi/lib/thumb/v7e-m+dp/hard\libc_nano.a(lib_a-lock.o)
                0x0000000024000a1c                __lock___malloc_recursive_mutex
 *(COMMON)
                0x0000000024000a20                . = ALIGN (0x4)
 *fill*         0x0000000024000a1d        0x3 
                0x0000000024000a20                _ebss = .
                0x0000000024000a20                __bss_end__ = _ebss

._user_heap_stack
                0x0000000024000a20      0x600 load address 0x000000000800b1d4
                0x0000000024000a20                . = ALIGN (0x8)
                [!provide]                        PROVIDE (end = .)
                0x0000000024000a20                PROVIDE (_end = .)
                0x0000000024000c20                . = (. + _Min_Heap_Size)
 *fill*         0x0000000024000a20      0x200 
                0x0000000024001020                . = (. + _Min_Stack_Size)
 *fill*         0x0000000024000c20      0x400 
                0x0000000024001020                . = ALIGN (0x8)

/DISCARD/
 libc.a(*)
 libm.a(*)
 libgcc.a(*)

.ARM.attributes
                0x0000000000000000       0x2e
 *(.ARM.attributes)
 .ARM.attributes
                0x0000000000000000       0x1e c:/st/stm32cubeide_1.9.0/stm32cubeide/plugins/com.st.stm32cube.ide.mcu.externaltools.gnu-tools-for-stm32.10.3-2021.10.win32_1.0.0.202111181127/tools/bin/../lib/gcc/arm-none-eabi/10.3.1/thumb/v7e-m+dp/hard/crti.o
 .ARM.attributes
                0x000000000000001e       0x32 c:/st/stm32cubeide_1.9.0/stm32cubeide/plugins/com.st.stm32cube.ide.mcu.externaltools.gnu-tools-for-stm32.10.3-2021.10.win32_1.0.0.202111181127/tools/bin/../lib/gcc/arm-none-eabi/10.3.1/thumb/v7e-m+dp/hard/crtbegin.o
 .ARM.attributes
                0x0000000000000050       0x32 ./Core/Src/CANSPI.o
 .ARM.attributes
                0x0000000000000082       0x32 ./Core/Src/MCP2515.o
 .ARM.attributes
                0x00000000000000b4       0x32 ./Core/Src/debug_tools.o
 .ARM.attributes
                0x00000000000000e6       0x32 ./Core/Src/main.o
 .ARM.attributes
                0x0000000000000118       0x32 ./Core/Src/stm32h7xx_hal_msp.o
 .ARM.attributes
                0x000000000000014a       0x32 ./Core/Src/stm32h7xx_it.o
 .ARM.attributes
                0x000000000000017c       0x32 ./Core/Src/sysmem.o
 .ARM.attributes
                0x00000000000001ae       0x32 ./Core/Src/system_stm32h7xx.o
 .ARM.attributes
                0x00000000000001e0       0x21 ./Core/Startup/startup_stm32h743zitx.o
 .ARM.attributes
                0x0000000000000201       0x32 ./Drivers/STM32H7xx_HAL_Driver/Src/stm32h7xx_hal.o
 .ARM.attributes
                0x0000000000000233       0x32 ./Drivers/STM32H7xx_HAL_Driver/Src/stm32h7xx_hal_cortex.o
 .ARM.attributes
                0x0000000000000265       0x32 ./Drivers/STM32H7xx_HAL_Driver/Src/stm32h7xx_hal_dma.o
 .ARM.attributes
                0x0000000000000297       0x32 ./Drivers/STM32H7xx_HAL_Driver/Src/stm32h7xx_hal_eth.o
 .ARM.attributes
                0x00000000000002c9       0x32 ./Drivers/STM32H7xx_HAL_Driver/Src/stm32h7xx_hal_gpio.o
 .ARM.attributes
                0x00000000000002fb       0x32 ./Drivers/STM32H7xx_HAL_Driver/Src/stm32h7xx_hal_pcd.o
 .ARM.attributes
                0x000000000000032d       0x32 ./Drivers/STM32H7xx_HAL_Driver/Src/stm32h7xx_hal_pcd_ex.o
 .ARM.attributes
                0x000000000000035f       0x32 ./Drivers/STM32H7xx_HAL_Driver/Src/stm32h7xx_hal_pwr_ex.o
 .ARM.attributes
                0x0000000000000391       0x32 ./Drivers/STM32H7xx_HAL_Driver/Src/stm32h7xx_hal_rcc.o
 .ARM.attributes
                0x00000000000003c3       0x32 ./Drivers/STM32H7xx_HAL_Driver/Src/stm32h7xx_hal_rcc_ex.o
 .ARM.attributes
                0x00000000000003f5       0x32 ./Drivers/STM32H7xx_HAL_Driver/Src/stm32h7xx_hal_spi.o
 .ARM.attributes
                0x0000000000000427       0x32 ./Drivers/STM32H7xx_HAL_Driver/Src/stm32h7xx_hal_tim.o
 .ARM.attributes
                0x0000000000000459       0x32 ./Drivers/STM32H7xx_HAL_Driver/Src/stm32h7xx_hal_tim_ex.o
 .ARM.attributes
                0x000000000000048b       0x32 ./Drivers/STM32H7xx_HAL_Driver/Src/stm32h7xx_hal_uart.o
 .ARM.attributes
                0x00000000000004bd       0x32 ./Drivers/STM32H7xx_HAL_Driver/Src/stm32h7xx_hal_uart_ex.o
 .ARM.attributes
                0x00000000000004ef       0x32 ./Drivers/STM32H7xx_HAL_Driver/Src/stm32h7xx_ll_usb.o
 .ARM.attributes
                0x0000000000000521       0x32 c:/st/stm32cubeide_1.9.0/stm32cubeide/plugins/com.st.stm32cube.ide.mcu.externaltools.gnu-tools-for-stm32.10.3-2021.10.win32_1.0.0.202111181127/tools/bin/../lib/gcc/arm-none-eabi/10.3.1/../../../../arm-none-eabi/lib/thumb/v7e-m+dp/hard\libc_nano.a(lib_a-errno.o)
 .ARM.attributes
                0x0000000000000553       0x32 c:/st/stm32cubeide_1.9.0/stm32cubeide/plugins/com.st.stm32cube.ide.mcu.externaltools.gnu-tools-for-stm32.10.3-2021.10.win32_1.0.0.202111181127/tools/bin/../lib/gcc/arm-none-eabi/10.3.1/../../../../arm-none-eabi/lib/thumb/v7e-m+dp/hard\libc_nano.a(lib_a-impure.o)
 .ARM.attributes
                0x0000000000000585       0x32 c:/st/stm32cubeide_1.9.0/stm32cubeide/plugins/com.st.stm32cube.ide.mcu.externaltools.gnu-tools-for-stm32.10.3-2021.10.win32_1.0.0.202111181127/tools/bin/../lib/gcc/arm-none-eabi/10.3.1/../../../../arm-none-eabi/lib/thumb/v7e-m+dp/hard\libc_nano.a(lib_a-init.o)
 .ARM.attributes
                0x00000000000005b7       0x32 c:/st/stm32cubeide_1.9.0/stm32cubeide/plugins/com.st.stm32cube.ide.mcu.externaltools.gnu-tools-for-stm32.10.3-2021.10.win32_1.0.0.202111181127/tools/bin/../lib/gcc/arm-none-eabi/10.3.1/../../../../arm-none-eabi/lib/thumb/v7e-m+dp/hard\libc_nano.a(lib_a-memset.o)
 .ARM.attributes
                0x00000000000005e9       0x32 c:/st/stm32cubeide_1.9.0/stm32cubeide/plugins/com.st.stm32cube.ide.mcu.externaltools.gnu-tools-for-stm32.10.3-2021.10.win32_1.0.0.202111181127/tools/bin/../lib/gcc/arm-none-eabi/10.3.1/../../../../arm-none-eabi/lib/thumb/v7e-m+dp/hard\libc_nano.a(lib_a-sprintf.o)
 .ARM.attributes
                0x000000000000061b       0x32 c:/st/stm32cubeide_1.9.0/stm32cubeide/plugins/com.st.stm32cube.ide.mcu.externaltools.gnu-tools-for-stm32.10.3-2021.10.win32_1.0.0.202111181127/tools/bin/../lib/gcc/arm-none-eabi/10.3.1/../../../../arm-none-eabi/lib/thumb/v7e-m+dp/hard\libc_nano.a(lib_a-nano-svfprintf.o)
 .ARM.attributes
                0x000000000000064d       0x32 c:/st/stm32cubeide_1.9.0/stm32cubeide/plugins/com.st.stm32cube.ide.mcu.externaltools.gnu-tools-for-stm32.10.3-2021.10.win32_1.0.0.202111181127/tools/bin/../lib/gcc/arm-none-eabi/10.3.1/../../../../arm-none-eabi/lib/thumb/v7e-m+dp/hard\libc_nano.a(lib_a-nano-vfprintf_i.o)
 .ARM.attributes
                0x000000000000067f       0x1c c:/st/stm32cubeide_1.9.0/stm32cubeide/plugins/com.st.stm32cube.ide.mcu.externaltools.gnu-tools-for-stm32.10.3-2021.10.win32_1.0.0.202111181127/tools/bin/../lib/gcc/arm-none-eabi/10.3.1/../../../../arm-none-eabi/lib/thumb/v7e-m+dp/hard\libc_nano.a(lib_a-memchr.o)
 .ARM.attributes
                0x000000000000069b       0x32 c:/st/stm32cubeide_1.9.0/stm32cubeide/plugins/com.st.stm32cube.ide.mcu.externaltools.gnu-tools-for-stm32.10.3-2021.10.win32_1.0.0.202111181127/tools/bin/../lib/gcc/arm-none-eabi/10.3.1/../../../../arm-none-eabi/lib/thumb/v7e-m+dp/hard\libc_nano.a(lib_a-memcpy-stub.o)
 .ARM.attributes
                0x00000000000006cd       0x32 c:/st/stm32cubeide_1.9.0/stm32cubeide/plugins/com.st.stm32cube.ide.mcu.externaltools.gnu-tools-for-stm32.10.3-2021.10.win32_1.0.0.202111181127/tools/bin/../lib/gcc/arm-none-eabi/10.3.1/../../../../arm-none-eabi/lib/thumb/v7e-m+dp/hard\libc_nano.a(lib_a-memmove.o)
 .ARM.attributes
                0x00000000000006ff       0x32 c:/st/stm32cubeide_1.9.0/stm32cubeide/plugins/com.st.stm32cube.ide.mcu.externaltools.gnu-tools-for-stm32.10.3-2021.10.win32_1.0.0.202111181127/tools/bin/../lib/gcc/arm-none-eabi/10.3.1/../../../../arm-none-eabi/lib/thumb/v7e-m+dp/hard\libc_nano.a(lib_a-nano-freer.o)
 .ARM.attributes
                0x0000000000000731       0x32 c:/st/stm32cubeide_1.9.0/stm32cubeide/plugins/com.st.stm32cube.ide.mcu.externaltools.gnu-tools-for-stm32.10.3-2021.10.win32_1.0.0.202111181127/tools/bin/../lib/gcc/arm-none-eabi/10.3.1/../../../../arm-none-eabi/lib/thumb/v7e-m+dp/hard\libc_nano.a(lib_a-nano-mallocr.o)
 .ARM.attributes
                0x0000000000000763       0x32 c:/st/stm32cubeide_1.9.0/stm32cubeide/plugins/com.st.stm32cube.ide.mcu.externaltools.gnu-tools-for-stm32.10.3-2021.10.win32_1.0.0.202111181127/tools/bin/../lib/gcc/arm-none-eabi/10.3.1/../../../../arm-none-eabi/lib/thumb/v7e-m+dp/hard\libc_nano.a(lib_a-nano-reallocr.o)
 .ARM.attributes
                0x0000000000000795       0x32 c:/st/stm32cubeide_1.9.0/stm32cubeide/plugins/com.st.stm32cube.ide.mcu.externaltools.gnu-tools-for-stm32.10.3-2021.10.win32_1.0.0.202111181127/tools/bin/../lib/gcc/arm-none-eabi/10.3.1/../../../../arm-none-eabi/lib/thumb/v7e-m+dp/hard\libc_nano.a(lib_a-sbrkr.o)
 .ARM.attributes
                0x00000000000007c7       0x32 c:/st/stm32cubeide_1.9.0/stm32cubeide/plugins/com.st.stm32cube.ide.mcu.externaltools.gnu-tools-for-stm32.10.3-2021.10.win32_1.0.0.202111181127/tools/bin/../lib/gcc/arm-none-eabi/10.3.1/../../../../arm-none-eabi/lib/thumb/v7e-m+dp/hard\libc_nano.a(lib_a-mlock.o)
 .ARM.attributes
                0x00000000000007f9       0x32 c:/st/stm32cubeide_1.9.0/stm32cubeide/plugins/com.st.stm32cube.ide.mcu.externaltools.gnu-tools-for-stm32.10.3-2021.10.win32_1.0.0.202111181127/tools/bin/../lib/gcc/arm-none-eabi/10.3.1/../../../../arm-none-eabi/lib/thumb/v7e-m+dp/hard\libc_nano.a(lib_a-nano-msizer.o)
 .ARM.attributes
                0x000000000000082b       0x32 c:/st/stm32cubeide_1.9.0/stm32cubeide/plugins/com.st.stm32cube.ide.mcu.externaltools.gnu-tools-for-stm32.10.3-2021.10.win32_1.0.0.202111181127/tools/bin/../lib/gcc/arm-none-eabi/10.3.1/../../../../arm-none-eabi/lib/thumb/v7e-m+dp/hard\libc_nano.a(lib_a-reent.o)
 .ARM.attributes
                0x000000000000085d       0x32 c:/st/stm32cubeide_1.9.0/stm32cubeide/plugins/com.st.stm32cube.ide.mcu.externaltools.gnu-tools-for-stm32.10.3-2021.10.win32_1.0.0.202111181127/tools/bin/../lib/gcc/arm-none-eabi/10.3.1/../../../../arm-none-eabi/lib/thumb/v7e-m+dp/hard\libc_nano.a(lib_a-lock.o)
 .ARM.attributes
                0x000000000000088f       0x1e c:/st/stm32cubeide_1.9.0/stm32cubeide/plugins/com.st.stm32cube.ide.mcu.externaltools.gnu-tools-for-stm32.10.3-2021.10.win32_1.0.0.202111181127/tools/bin/../lib/gcc/arm-none-eabi/10.3.1/thumb/v7e-m+dp/hard\libgcc.a(_aeabi_uldivmod.o)
 .ARM.attributes
                0x00000000000008ad       0x32 c:/st/stm32cubeide_1.9.0/stm32cubeide/plugins/com.st.stm32cube.ide.mcu.externaltools.gnu-tools-for-stm32.10.3-2021.10.win32_1.0.0.202111181127/tools/bin/../lib/gcc/arm-none-eabi/10.3.1/thumb/v7e-m+dp/hard\libgcc.a(_udivmoddi4.o)
 .ARM.attributes
                0x00000000000008df       0x1e c:/st/stm32cubeide_1.9.0/stm32cubeide/plugins/com.st.stm32cube.ide.mcu.externaltools.gnu-tools-for-stm32.10.3-2021.10.win32_1.0.0.202111181127/tools/bin/../lib/gcc/arm-none-eabi/10.3.1/thumb/v7e-m+dp/hard\libgcc.a(_dvmd_tls.o)
 .ARM.attributes
                0x00000000000008fd       0x1e c:/st/stm32cubeide_1.9.0/stm32cubeide/plugins/com.st.stm32cube.ide.mcu.externaltools.gnu-tools-for-stm32.10.3-2021.10.win32_1.0.0.202111181127/tools/bin/../lib/gcc/arm-none-eabi/10.3.1/thumb/v7e-m+dp/hard/crtn.o
OUTPUT(CAN_COM_2.elf elf32-littlearm)
LOAD linker stubs
LOAD c:/st/stm32cubeide_1.9.0/stm32cubeide/plugins/com.st.stm32cube.ide.mcu.externaltools.gnu-tools-for-stm32.10.3-2021.10.win32_1.0.0.202111181127/tools/bin/../lib/gcc/arm-none-eabi/10.3.1/../../../../arm-none-eabi/lib/thumb/v7e-m+dp/hard\libc.a
LOAD c:/st/stm32cubeide_1.9.0/stm32cubeide/plugins/com.st.stm32cube.ide.mcu.externaltools.gnu-tools-for-stm32.10.3-2021.10.win32_1.0.0.202111181127/tools/bin/../lib/gcc/arm-none-eabi/10.3.1/../../../../arm-none-eabi/lib/thumb/v7e-m+dp/hard\libm.a
LOAD c:/st/stm32cubeide_1.9.0/stm32cubeide/plugins/com.st.stm32cube.ide.mcu.externaltools.gnu-tools-for-stm32.10.3-2021.10.win32_1.0.0.202111181127/tools/bin/../lib/gcc/arm-none-eabi/10.3.1/thumb/v7e-m+dp/hard\libgcc.a

.debug_info     0x0000000000000000    0x23abe
 .debug_info    0x0000000000000000      0xb71 ./Core/Src/CANSPI.o
 .debug_info    0x0000000000000b71      0xcfe ./Core/Src/MCP2515.o
 .debug_info    0x000000000000186f      0x90e ./Core/Src/debug_tools.o
 .debug_info    0x000000000000217d     0x3901 ./Core/Src/main.o
 .debug_info    0x0000000000005a7e     0x325e ./Core/Src/stm32h7xx_hal_msp.o
 .debug_info    0x0000000000008cdc      0xc76 ./Core/Src/stm32h7xx_it.o
 .debug_info    0x0000000000009952      0x171 ./Core/Src/sysmem.o
 .debug_info    0x0000000000009ac3      0xd07 ./Core/Src/system_stm32h7xx.o
 .debug_info    0x000000000000a7ca       0x22 ./Core/Startup/startup_stm32h743zitx.o
 .debug_info    0x000000000000a7ec     0x15d7 ./Drivers/STM32H7xx_HAL_Driver/Src/stm32h7xx_hal.o
 .debug_info    0x000000000000bdc3     0x116d ./Drivers/STM32H7xx_HAL_Driver/Src/stm32h7xx_hal_cortex.o
 .debug_info    0x000000000000cf30      0xcd5 ./Drivers/STM32H7xx_HAL_Driver/Src/stm32h7xx_hal_dma.o
 .debug_info    0x000000000000dc05     0x2b55 ./Drivers/STM32H7xx_HAL_Driver/Src/stm32h7xx_hal_eth.o
 .debug_info    0x000000000001075a      0xd28 ./Drivers/STM32H7xx_HAL_Driver/Src/stm32h7xx_hal_gpio.o
 .debug_info    0x0000000000011482     0x169b ./Drivers/STM32H7xx_HAL_Driver/Src/stm32h7xx_hal_pcd.o
 .debug_info    0x0000000000012b1d      0x8fb ./Drivers/STM32H7xx_HAL_Driver/Src/stm32h7xx_hal_pcd_ex.o
 .debug_info    0x0000000000013418     0x109d ./Drivers/STM32H7xx_HAL_Driver/Src/stm32h7xx_hal_pwr_ex.o
 .debug_info    0x00000000000144b5      0xf4a ./Drivers/STM32H7xx_HAL_Driver/Src/stm32h7xx_hal_rcc.o
 .debug_info    0x00000000000153ff     0x12b4 ./Drivers/STM32H7xx_HAL_Driver/Src/stm32h7xx_hal_rcc_ex.o
 .debug_info    0x00000000000166b3     0x15ce ./Drivers/STM32H7xx_HAL_Driver/Src/stm32h7xx_hal_spi.o
 .debug_info    0x0000000000017c81     0x2dd1 ./Drivers/STM32H7xx_HAL_Driver/Src/stm32h7xx_hal_tim.o
 .debug_info    0x000000000001aa52     0x18f4 ./Drivers/STM32H7xx_HAL_Driver/Src/stm32h7xx_hal_tim_ex.o
 .debug_info    0x000000000001c346     0x4c42 ./Drivers/STM32H7xx_HAL_Driver/Src/stm32h7xx_hal_uart.o
 .debug_info    0x0000000000020f88     0x100b ./Drivers/STM32H7xx_HAL_Driver/Src/stm32h7xx_hal_uart_ex.o
 .debug_info    0x0000000000021f93     0x1b2b ./Drivers/STM32H7xx_HAL_Driver/Src/stm32h7xx_ll_usb.o

.debug_abbrev   0x0000000000000000     0x38f8
 .debug_abbrev  0x0000000000000000      0x219 ./Core/Src/CANSPI.o
 .debug_abbrev  0x0000000000000219      0x267 ./Core/Src/MCP2515.o
 .debug_abbrev  0x0000000000000480      0x1bc ./Core/Src/debug_tools.o
 .debug_abbrev  0x000000000000063c      0x36e ./Core/Src/main.o
 .debug_abbrev  0x00000000000009aa      0x287 ./Core/Src/stm32h7xx_hal_msp.o
 .debug_abbrev  0x0000000000000c31      0x18b ./Core/Src/stm32h7xx_it.o
 .debug_abbrev  0x0000000000000dbc       0xbb ./Core/Src/sysmem.o
 .debug_abbrev  0x0000000000000e77      0x147 ./Core/Src/system_stm32h7xx.o
 .debug_abbrev  0x0000000000000fbe       0x12 ./Core/Startup/startup_stm32h743zitx.o
 .debug_abbrev  0x0000000000000fd0      0x289 ./Drivers/STM32H7xx_HAL_Driver/Src/stm32h7xx_hal.o
 .debug_abbrev  0x0000000000001259      0x329 ./Drivers/STM32H7xx_HAL_Driver/Src/stm32h7xx_hal_cortex.o
 .debug_abbrev  0x0000000000001582      0x239 ./Drivers/STM32H7xx_HAL_Driver/Src/stm32h7xx_hal_dma.o
 .debug_abbrev  0x00000000000017bb      0x2bd ./Drivers/STM32H7xx_HAL_Driver/Src/stm32h7xx_hal_eth.o
 .debug_abbrev  0x0000000000001a78      0x1ec ./Drivers/STM32H7xx_HAL_Driver/Src/stm32h7xx_hal_gpio.o
 .debug_abbrev  0x0000000000001c64      0x2d2 ./Drivers/STM32H7xx_HAL_Driver/Src/stm32h7xx_hal_pcd.o
 .debug_abbrev  0x0000000000001f36      0x24a ./Drivers/STM32H7xx_HAL_Driver/Src/stm32h7xx_hal_pcd_ex.o
 .debug_abbrev  0x0000000000002180      0x28f ./Drivers/STM32H7xx_HAL_Driver/Src/stm32h7xx_hal_pwr_ex.o
 .debug_abbrev  0x000000000000240f      0x2b8 ./Drivers/STM32H7xx_HAL_Driver/Src/stm32h7xx_hal_rcc.o
 .debug_abbrev  0x00000000000026c7      0x25c ./Drivers/STM32H7xx_HAL_Driver/Src/stm32h7xx_hal_rcc_ex.o
 .debug_abbrev  0x0000000000002923      0x29b ./Drivers/STM32H7xx_HAL_Driver/Src/stm32h7xx_hal_spi.o
 .debug_abbrev  0x0000000000002bbe      0x25d ./Drivers/STM32H7xx_HAL_Driver/Src/stm32h7xx_hal_tim.o
 .debug_abbrev  0x0000000000002e1b      0x265 ./Drivers/STM32H7xx_HAL_Driver/Src/stm32h7xx_hal_tim_ex.o
 .debug_abbrev  0x0000000000003080      0x325 ./Drivers/STM32H7xx_HAL_Driver/Src/stm32h7xx_hal_uart.o
 .debug_abbrev  0x00000000000033a5      0x2bd ./Drivers/STM32H7xx_HAL_Driver/Src/stm32h7xx_hal_uart_ex.o
 .debug_abbrev  0x0000000000003662      0x296 ./Drivers/STM32H7xx_HAL_Driver/Src/stm32h7xx_ll_usb.o

.debug_aranges  0x0000000000000000     0x18b8
 .debug_aranges
                0x0000000000000000       0x70 ./Core/Src/CANSPI.o
 .debug_aranges
                0x0000000000000070       0xb0 ./Core/Src/MCP2515.o
 .debug_aranges
                0x0000000000000120       0x30 ./Core/Src/debug_tools.o
 .debug_aranges
                0x0000000000000150       0x78 ./Core/Src/main.o
 .debug_aranges
                0x00000000000001c8       0x70 ./Core/Src/stm32h7xx_hal_msp.o
 .debug_aranges
                0x0000000000000238       0x80 ./Core/Src/stm32h7xx_it.o
 .debug_aranges
                0x00000000000002b8       0x20 ./Core/Src/sysmem.o
 .debug_aranges
                0x00000000000002d8       0x28 ./Core/Src/system_stm32h7xx.o
 .debug_aranges
                0x0000000000000300       0x28 ./Core/Startup/startup_stm32h743zitx.o
 .debug_aranges
                0x0000000000000328      0x198 ./Drivers/STM32H7xx_HAL_Driver/Src/stm32h7xx_hal.o
 .debug_aranges
                0x00000000000004c0      0x120 ./Drivers/STM32H7xx_HAL_Driver/Src/stm32h7xx_hal_cortex.o
 .debug_aranges
                0x00000000000005e0       0xa0 ./Drivers/STM32H7xx_HAL_Driver/Src/stm32h7xx_hal_dma.o
 .debug_aranges
                0x0000000000000680      0x1d8 ./Drivers/STM32H7xx_HAL_Driver/Src/stm32h7xx_hal_eth.o
 .debug_aranges
                0x0000000000000858       0x58 ./Drivers/STM32H7xx_HAL_Driver/Src/stm32h7xx_hal_gpio.o
 .debug_aranges
                0x00000000000008b0      0x140 ./Drivers/STM32H7xx_HAL_Driver/Src/stm32h7xx_hal_pcd.o
 .debug_aranges
                0x00000000000009f0       0x60 ./Drivers/STM32H7xx_HAL_Driver/Src/stm32h7xx_hal_pcd_ex.o
 .debug_aranges
                0x0000000000000a50      0x158 ./Drivers/STM32H7xx_HAL_Driver/Src/stm32h7xx_hal_pwr_ex.o
 .debug_aranges
                0x0000000000000ba8       0x88 ./Drivers/STM32H7xx_HAL_Driver/Src/stm32h7xx_hal_rcc.o
 .debug_aranges
                0x0000000000000c30       0xf8 ./Drivers/STM32H7xx_HAL_Driver/Src/stm32h7xx_hal_rcc_ex.o
 .debug_aranges
                0x0000000000000d28      0x1a0 ./Drivers/STM32H7xx_HAL_Driver/Src/stm32h7xx_hal_spi.o
 .debug_aranges
                0x0000000000000ec8      0x3e0 ./Drivers/STM32H7xx_HAL_Driver/Src/stm32h7xx_hal_tim.o
 .debug_aranges
                0x00000000000012a8      0x188 ./Drivers/STM32H7xx_HAL_Driver/Src/stm32h7xx_hal_tim_ex.o
 .debug_aranges
                0x0000000000001430      0x248 ./Drivers/STM32H7xx_HAL_Driver/Src/stm32h7xx_hal_uart.o
 .debug_aranges
                0x0000000000001678       0xa0 ./Drivers/STM32H7xx_HAL_Driver/Src/stm32h7xx_hal_uart_ex.o
 .debug_aranges
                0x0000000000001718      0x1a0 ./Drivers/STM32H7xx_HAL_Driver/Src/stm32h7xx_ll_usb.o

.debug_ranges   0x0000000000000000     0x1760
 .debug_ranges  0x0000000000000000       0x60 ./Core/Src/CANSPI.o
 .debug_ranges  0x0000000000000060       0xa0 ./Core/Src/MCP2515.o
 .debug_ranges  0x0000000000000100       0x20 ./Core/Src/debug_tools.o
 .debug_ranges  0x0000000000000120       0x68 ./Core/Src/main.o
 .debug_ranges  0x0000000000000188       0x60 ./Core/Src/stm32h7xx_hal_msp.o
 .debug_ranges  0x00000000000001e8       0x70 ./Core/Src/stm32h7xx_it.o
 .debug_ranges  0x0000000000000258       0x10 ./Core/Src/sysmem.o
 .debug_ranges  0x0000000000000268       0x18 ./Core/Src/system_stm32h7xx.o
 .debug_ranges  0x0000000000000280       0x20 ./Core/Startup/startup_stm32h743zitx.o
 .debug_ranges  0x00000000000002a0      0x188 ./Drivers/STM32H7xx_HAL_Driver/Src/stm32h7xx_hal.o
 .debug_ranges  0x0000000000000428      0x110 ./Drivers/STM32H7xx_HAL_Driver/Src/stm32h7xx_hal_cortex.o
 .debug_ranges  0x0000000000000538       0x90 ./Drivers/STM32H7xx_HAL_Driver/Src/stm32h7xx_hal_dma.o
 .debug_ranges  0x00000000000005c8      0x1c8 ./Drivers/STM32H7xx_HAL_Driver/Src/stm32h7xx_hal_eth.o
 .debug_ranges  0x0000000000000790       0x48 ./Drivers/STM32H7xx_HAL_Driver/Src/stm32h7xx_hal_gpio.o
 .debug_ranges  0x00000000000007d8      0x130 ./Drivers/STM32H7xx_HAL_Driver/Src/stm32h7xx_hal_pcd.o
 .debug_ranges  0x0000000000000908       0x50 ./Drivers/STM32H7xx_HAL_Driver/Src/stm32h7xx_hal_pcd_ex.o
 .debug_ranges  0x0000000000000958      0x148 ./Drivers/STM32H7xx_HAL_Driver/Src/stm32h7xx_hal_pwr_ex.o
 .debug_ranges  0x0000000000000aa0       0x78 ./Drivers/STM32H7xx_HAL_Driver/Src/stm32h7xx_hal_rcc.o
 .debug_ranges  0x0000000000000b18       0xe8 ./Drivers/STM32H7xx_HAL_Driver/Src/stm32h7xx_hal_rcc_ex.o
 .debug_ranges  0x0000000000000c00      0x190 ./Drivers/STM32H7xx_HAL_Driver/Src/stm32h7xx_hal_spi.o
 .debug_ranges  0x0000000000000d90      0x3d0 ./Drivers/STM32H7xx_HAL_Driver/Src/stm32h7xx_hal_tim.o
 .debug_ranges  0x0000000000001160      0x178 ./Drivers/STM32H7xx_HAL_Driver/Src/stm32h7xx_hal_tim_ex.o
 .debug_ranges  0x00000000000012d8      0x268 ./Drivers/STM32H7xx_HAL_Driver/Src/stm32h7xx_hal_uart.o
 .debug_ranges  0x0000000000001540       0x90 ./Drivers/STM32H7xx_HAL_Driver/Src/stm32h7xx_hal_uart_ex.o
 .debug_ranges  0x00000000000015d0      0x190 ./Drivers/STM32H7xx_HAL_Driver/Src/stm32h7xx_ll_usb.o

.debug_macro    0x0000000000000000    0x3a831
 .debug_macro   0x0000000000000000      0x311 ./Core/Src/CANSPI.o
 .debug_macro   0x0000000000000311      0xa90 ./Core/Src/CANSPI.o
 .debug_macro   0x0000000000000da1      0x24a ./Core/Src/CANSPI.o
 .debug_macro   0x0000000000000feb       0x2e ./Core/Src/CANSPI.o
 .debug_macro   0x0000000000001019       0x3b ./Core/Src/CANSPI.o
 .debug_macro   0x0000000000001054       0x22 ./Core/Src/CANSPI.o
 .debug_macro   0x0000000000001076       0x8e ./Core/Src/CANSPI.o
 .debug_macro   0x0000000000001104       0x51 ./Core/Src/CANSPI.o
 .debug_macro   0x0000000000001155      0x103 ./Core/Src/CANSPI.o
 .debug_macro   0x0000000000001258       0x6a ./Core/Src/CANSPI.o
 .debug_macro   0x00000000000012c2      0x1df ./Core/Src/CANSPI.o
 .debug_macro   0x00000000000014a1       0x1c ./Core/Src/CANSPI.o
 .debug_macro   0x00000000000014bd       0x22 ./Core/Src/CANSPI.o
 .debug_macro   0x00000000000014df       0xfb ./Core/Src/CANSPI.o
 .debug_macro   0x00000000000015da     0x1305 ./Core/Src/CANSPI.o
 .debug_macro   0x00000000000028df      0x11f ./Core/Src/CANSPI.o
 .debug_macro   0x00000000000029fe       0x27 ./Core/Src/CANSPI.o
 .debug_macro   0x0000000000002a25    0x2587a ./Core/Src/CANSPI.o
 .debug_macro   0x000000000002829f       0x6d ./Core/Src/CANSPI.o
 .debug_macro   0x000000000002830c     0x3d22 ./Core/Src/CANSPI.o
 .debug_macro   0x000000000002c02e      0x174 ./Core/Src/CANSPI.o
 .debug_macro   0x000000000002c1a2       0x52 ./Core/Src/CANSPI.o
 .debug_macro   0x000000000002c1f4       0x1d ./Core/Src/CANSPI.o
 .debug_macro   0x000000000002c211       0x3c ./Core/Src/CANSPI.o
 .debug_macro   0x000000000002c24d       0x34 ./Core/Src/CANSPI.o
 .debug_macro   0x000000000002c281       0x16 ./Core/Src/CANSPI.o
 .debug_macro   0x000000000002c297       0x43 ./Core/Src/CANSPI.o
 .debug_macro   0x000000000002c2da       0x34 ./Core/Src/CANSPI.o
 .debug_macro   0x000000000002c30e       0x10 ./Core/Src/CANSPI.o
 .debug_macro   0x000000000002c31e       0x58 ./Core/Src/CANSPI.o
 .debug_macro   0x000000000002c376       0x71 ./Core/Src/CANSPI.o
 .debug_macro   0x000000000002c3e7       0x1c ./Core/Src/CANSPI.o
 .debug_macro   0x000000000002c403      0x12a ./Core/Src/CANSPI.o
 .debug_macro   0x000000000002c52d      0x341 ./Core/Src/CANSPI.o
 .debug_macro   0x000000000002c86e      0x19b ./Core/Src/CANSPI.o
 .debug_macro   0x000000000002ca09       0x5d ./Core/Src/CANSPI.o
 .debug_macro   0x000000000002ca66     0x2382 ./Core/Src/CANSPI.o
 .debug_macro   0x000000000002ede8     0x1002 ./Core/Src/CANSPI.o
 .debug_macro   0x000000000002fdea      0x14d ./Core/Src/CANSPI.o
 .debug_macro   0x000000000002ff37      0x114 ./Core/Src/CANSPI.o
 .debug_macro   0x000000000003004b      0x3b2 ./Core/Src/CANSPI.o
 .debug_macro   0x00000000000303fd       0xac ./Core/Src/CANSPI.o
 .debug_macro   0x00000000000304a9      0x72d ./Core/Src/CANSPI.o
 .debug_macro   0x0000000000030bd6      0x228 ./Core/Src/CANSPI.o
 .debug_macro   0x0000000000030dfe       0x66 ./Core/Src/CANSPI.o
 .debug_macro   0x0000000000030e64      0x3bb ./Core/Src/CANSPI.o
 .debug_macro   0x000000000003121f      0xa80 ./Core/Src/CANSPI.o
 .debug_macro   0x0000000000031c9f      0x129 ./Core/Src/CANSPI.o
 .debug_macro   0x0000000000031dc8      0x3e4 ./Core/Src/CANSPI.o
 .debug_macro   0x00000000000321ac      0x275 ./Core/Src/CANSPI.o
 .debug_macro   0x0000000000032421      0x3ca ./Core/Src/CANSPI.o
 .debug_macro   0x00000000000327eb      0x408 ./Core/Src/CANSPI.o
 .debug_macro   0x0000000000032bf3       0x51 ./Core/Src/CANSPI.o
 .debug_macro   0x0000000000032c44       0x4a ./Core/Src/CANSPI.o
 .debug_macro   0x0000000000032c8e      0x22c ./Core/Src/CANSPI.o
 .debug_macro   0x0000000000032eba       0x67 ./Core/Src/CANSPI.o
 .debug_macro   0x0000000000032f21       0xa5 ./Core/Src/CANSPI.o
 .debug_macro   0x0000000000032fc6      0x1c4 ./Core/Src/CANSPI.o
 .debug_macro   0x000000000003318a      0x25e ./Core/Src/CANSPI.o
 .debug_macro   0x00000000000333e8       0x35 ./Core/Src/CANSPI.o
 .debug_macro   0x000000000003341d      0x5e4 ./Core/Src/CANSPI.o
 .debug_macro   0x0000000000033a01       0x9e ./Core/Src/CANSPI.o
 .debug_macro   0x0000000000033a9f      0xaec ./Core/Src/CANSPI.o
 .debug_macro   0x000000000003458b      0x29f ./Core/Src/CANSPI.o
 .debug_macro   0x000000000003482a      0x67e ./Core/Src/CANSPI.o
 .debug_macro   0x0000000000034ea8       0xa6 ./Core/Src/CANSPI.o
 .debug_macro   0x0000000000034f4e      0x248 ./Core/Src/CANSPI.o
 .debug_macro   0x0000000000035196       0x90 ./Core/Src/CANSPI.o
 .debug_macro   0x0000000000035226      0x5a0 ./Core/Src/CANSPI.o
 .debug_macro   0x00000000000357c6       0x1c ./Core/Src/CANSPI.o
 .debug_macro   0x00000000000357e2      0x1e4 ./Core/Src/CANSPI.o
 .debug_macro   0x00000000000359c6      0x320 ./Core/Src/MCP2515.o
 .debug_macro   0x0000000000035ce6      0x1de ./Core/Src/MCP2515.o
 .debug_macro   0x0000000000035ec4      0x3c4 ./Core/Src/debug_tools.o
 .debug_macro   0x0000000000036288       0x1c ./Core/Src/debug_tools.o
 .debug_macro   0x00000000000362a4       0x35 ./Core/Src/debug_tools.o
 .debug_macro   0x00000000000362d9       0x10 ./Core/Src/debug_tools.o
 .debug_macro   0x00000000000362e9       0x10 ./Core/Src/debug_tools.o
 .debug_macro   0x00000000000362f9       0x1c ./Core/Src/debug_tools.o
 .debug_macro   0x0000000000036315       0x52 ./Core/Src/debug_tools.o
 .debug_macro   0x0000000000036367       0x22 ./Core/Src/debug_tools.o
 .debug_macro   0x0000000000036389       0x10 ./Core/Src/debug_tools.o
 .debug_macro   0x0000000000036399       0x52 ./Core/Src/debug_tools.o
 .debug_macro   0x00000000000363eb       0xd5 ./Core/Src/debug_tools.o
 .debug_macro   0x00000000000364c0       0x1c ./Core/Src/debug_tools.o
 .debug_macro   0x00000000000364dc       0x3d ./Core/Src/debug_tools.o
 .debug_macro   0x0000000000036519       0x16 ./Core/Src/debug_tools.o
 .debug_macro   0x000000000003652f      0x145 ./Core/Src/debug_tools.o
 .debug_macro   0x0000000000036674      0x34a ./Core/Src/main.o
 .debug_macro   0x00000000000369be       0x58 ./Core/Src/main.o
 .debug_macro   0x0000000000036a16       0x16 ./Core/Src/main.o
 .debug_macro   0x0000000000036a2c       0x20 ./Core/Src/main.o
 .debug_macro   0x0000000000036a4c       0x22 ./Core/Src/main.o
 .debug_macro   0x0000000000036a6e      0x308 ./Core/Src/stm32h7xx_hal_msp.o
 .debug_macro   0x0000000000036d76      0x312 ./Core/Src/stm32h7xx_it.o
 .debug_macro   0x0000000000037088       0xff ./Core/Src/sysmem.o
 .debug_macro   0x0000000000037187      0x23b ./Core/Src/sysmem.o
 .debug_macro   0x00000000000373c2      0x2f9 ./Core/Src/system_stm32h7xx.o