../Core/Src/CAN_comm.c:31:10:initCANComm	8	static
../Core/Src/CAN_comm.c:51:6:sendDataManager	32	static
../Core/Src/CAN_comm.c:75:6:loop	32	static
../Core/Src/CAN_comm.c:97:5:readNextMsg	16	static
../Core/Src/CAN_comm.c:126:9:configID	32	static
../Core/Src/CAN_comm.c:231:6:_sendCANMsg	56	static
../Core/Src/CAN_comm.c:252:6:_recvCANMsg	32	static
../Core/Src/CAN_comm.c:285:6:_encodeCANMsg	24	static
../Core/Src/CAN_comm.c:332:6:_decodeCANMsg	24	static
../Core/Src/CAN_comm.c:365:6:_CANMsgHandler	48	static
../Core/Src/CAN_comm.c:412:6:_storeCANMsg	24	static
