../Core/Src/CANSPI.c:18:6:CANSPI_Sleep	8	static
../Core/Src/CANSPI.c:30:6:CANSPI_Initialize	40	static
../Core/Src/CANSPI.c:129:9:CANSPI_Transmit	24	static
../Core/Src/CANSPI.c:177:9:CANSPI_Transmit_2B	24	static
../Core/Src/CANSPI.c:229:9:CANSPI_Receive	40	static
../Core/Src/CANSPI.c:280:9:CANSPI_Receive_2B	32	static
../Core/Src/CANSPI.c:324:9:CANSPI_messagesInBuffer	16	static
../Core/Src/CANSPI.c:344:9:CANSPI_isBussOff	16	static
../Core/Src/CANSPI.c:359:9:CANSPI_isRxErrorPassive	16	static
../Core/Src/CANSPI.c:374:9:CANSPI_isTxErrorPassive	16	static
../Core/Src/CANSPI.c:389:17:convertReg2ExtendedCANid	32	static
../Core/Src/CANSPI.c:411:17:convertReg2StandardCANid	24	static
../Core/Src/CANSPI.c:424:13:convertCANid2Reg	32	static
