../Core/Src/main.c:125:5:main	8	static
../Core/Src/main.c:238:6:SystemClock_Config	120	static
../Core/Src/main.c:299:13:MX_ETH_Init	8	static
../Core/Src/main.c:348:13:MX_SPI1_Init	8	static
../Core/Src/main.c:396:13:MX_TIM2_Init	40	static
../Core/Src/main.c:441:13:MX_TIM13_Init	8	static
../Core/Src/main.c:472:13:MX_USART3_UART_Init	8	static
../Core/Src/main.c:520:13:MX_USB_OTG_FS_PCD_Init	8	static
../Core/Src/main.c:556:13:MX_GPIO_Init	56	static
../Core/Src/main.c:628:6:HAL_GPIO_EXTI_Callback	16	static
../Core/Src/main.c:633:6:HAL_TIM_PeriodElapsedCallback	16	static
../Core/Src/main.c:649:6:Error_Handler	4	static,ignoring_inline_asm
