../Core/Src/main.c:132:5:main	8	static
../Core/Src/main.c:281:6:SystemClock_Config	120	static
../Core/Src/main.c:342:13:MX_ETH_Init	8	static
../Core/Src/main.c:391:13:MX_SPI1_Init	8	static
../Core/Src/main.c:439:13:MX_TIM2_Init	40	static
../Core/Src/main.c:484:13:MX_TIM13_Init	8	static
../Core/Src/main.c:515:13:MX_USART3_UART_Init	8	static
../Core/Src/main.c:563:13:MX_USB_OTG_FS_PCD_Init	8	static
../Core/Src/main.c:599:13:MX_GPIO_Init	56	static
../Core/Src/main.c:671:6:HAL_GPIO_EXTI_Callback	16	static
../Core/Src/main.c:708:6:HAL_TIM_PeriodElapsedCallback	16	static
../Core/Src/main.c:762:6:Error_Handler	4	static,ignoring_inline_asm
