../Core/Src/MCP2515.c:36:6:MCP2515_Initialize	16	static
../Core/Src/MCP2515.c:54:6:MCP2515_SetConfigMode	16	static
../Core/Src/MCP2515.c:73:6:MCP2515_SetNormalMode	16	static
../Core/Src/MCP2515.c:92:6:MCP2515_SetSleepMode	16	static
../Core/Src/MCP2515.c:111:6:MCP2515_Reset	8	static
../Core/Src/MCP2515.c:121:9:MCP2515_ReadByte	24	static
../Core/Src/MCP2515.c:137:6:MCP2515_ReadRxSequence	16	static
../Core/Src/MCP2515.c:148:6:MCP2515_WriteByte	16	static
../Core/Src/MCP2515.c:160:6:MCP2515_WriteByteSequence	16	static
../Core/Src/MCP2515.c:172:6:MCP2515_LoadTxSequence	24	static
../Core/Src/MCP2515.c:185:6:MCP2515_LoadTxBuffer	16	static
../Core/Src/MCP2515.c:196:6:MCP2515_RequestToSend	16	static
../Core/Src/MCP2515.c:206:9:MCP2515_ReadStatus	16	static
../Core/Src/MCP2515.c:221:9:MCP2515_GetRxStatus	16	static
../Core/Src/MCP2515.c:236:6:MCP2515_BitModify	16	static
../Core/Src/MCP2515.c:249:13:SPI_Tx	16	static
../Core/Src/MCP2515.c:255:13:SPI_TxBuffer	16	static
../Core/Src/MCP2515.c:261:16:SPI_Rx	16	static
../Core/Src/MCP2515.c:269:13:SPI_RxBuffer	16	static
